

================================================================
== Vivado HLS Report for 'freduce_coefficients'
================================================================
* Date:           Wed May 31 17:58:39 2017

* Version:        2017.1 (Build 1846317 on Fri Apr 14 19:19:38 MDT 2017)
* Project:        curve25519
* Solution:       solution1
* Product family: zynquplus
* Target device:  xczu9eg-ffvb1156-2-i


================================================================
== Performance Estimates
================================================================
+ Timing (ns): 
    * Summary: 
    +--------+-------+----------+------------+
    |  Clock | Target| Estimated| Uncertainty|
    +--------+-------+----------+------------+
    |ap_clk  |  10.00|      5.48|        1.25|
    +--------+-------+----------+------------+

+ Latency (clock cycles): 
    * Summary: 
    +-----+-----+-----+-----+---------+
    |  Latency  |  Interval | Pipeline|
    | min | max | min | max |   Type  |
    +-----+-----+-----+-----+---------+
    |   18|   18|   18|   18|   none  |
    +-----+-----+-----+-----+---------+

    + Detail: 
        * Instance: 
        N/A

        * Loop: 
        +----------+-----+-----+----------+-----------+-----------+------+----------+
        |          |  Latency  | Iteration|  Initiation Interval  | Trip |          |
        | Loop Name| min | max |  Latency |  achieved |   target  | Count| Pipelined|
        +----------+-----+-----+----------+-----------+-----------+------+----------+
        |- Loop 1  |   15|   15|         3|          -|          -|     5|    no    |
        +----------+-----+-----+----------+-----------+-----------+------+----------+



================================================================
== Utilization Estimates
================================================================
* Summary: 
+-----------------+---------+-------+--------+--------+-----+
|       Name      | BRAM_18K| DSP48E|   FF   |   LUT  | URAM|
+-----------------+---------+-------+--------+--------+-----+
|DSP              |        -|      -|       -|       -|    -|
|Expression       |        -|      -|       0|     933|    -|
|FIFO             |        -|      -|       -|       -|    -|
|Instance         |        -|      -|       -|       -|    -|
|Memory           |        -|      -|       -|       -|    -|
|Multiplexer      |        -|      -|       -|     169|    -|
|Register         |        -|      -|     229|       -|    -|
+-----------------+---------+-------+--------+--------+-----+
|Total            |        0|      0|     229|    1102|    0|
+-----------------+---------+-------+--------+--------+-----+
|Available        |     1824|   2520|  548160|  274080|    0|
+-----------------+---------+-------+--------+--------+-----+
|Utilization (%)  |        0|      0|   ~0   |   ~0   |    0|
+-----------------+---------+-------+--------+--------+-----+

+ Detail: 
    * Instance: 
    N/A

    * DSP48: 
    N/A

    * Memory: 
    N/A

    * FIFO: 
    N/A

    * Expression: 
    +----------------------------+----------+-------+---+----+------------+------------+
    |        Variable Name       | Operation| DSP48E| FF| LUT| Bitwidth P0| Bitwidth P1|
    +----------------------------+----------+-------+---+----+------------+------------+
    |i_4_fu_186_p2               |     +    |      0|  0|  12|           4|           2|
    |tmp2_fu_275_p2              |     +    |      0|  0|  71|          64|          64|
    |tmp3_fu_281_p2              |     +    |      0|  0|  64|          64|          64|
    |tmp_1064_i1_fu_309_p2       |     +    |      0|  0|  71|          64|          64|
    |tmp_1064_i_fu_155_p2        |     +    |      0|  0|  71|          64|          64|
    |tmp_1066_i_fu_221_p2        |     +    |      0|  0|  71|          64|          64|
    |tmp_306_fu_256_p2           |     +    |      0|  0|  71|          64|          64|
    |tmp_309_fu_341_p2           |     +    |      0|  0|  71|          64|          64|
    |v_assign_7_fu_200_p2        |     +    |      0|  0|  71|          64|          64|
    |v_assign_8_fu_287_p2        |     +    |      0|  0|  64|          64|          64|
    |tmp_300_fu_179_p2           |     -    |      0|  0|  71|          64|          64|
    |tmp_304_fu_249_p2           |     -    |      0|  0|  71|          64|          64|
    |tmp_308_fu_335_p2           |     -    |      0|  0|  71|          64|          64|
    |tmp_fu_117_p2               |   icmp   |      0|  0|   2|           4|           4|
    |tmp_301_fu_128_p2           |    or    |      0|  0|   4|           4|           1|
    |tmp_i1_cast_cast_fu_213_p3  |  select  |      0|  0|  25|           1|          25|
    |tmp_i2_cast_cast_fu_301_p3  |  select  |      0|  0|  26|           1|          26|
    |tmp_i_cast_cast_fu_147_p3   |  select  |      0|  0|  26|           1|          26|
    +----------------------------+----------+-------+---+----+------------+------------+
    |Total                       |          |      0|  0| 933|         783|         852|
    +----------------------------+----------+-------+---+----+------------+------------+

    * Multiplexer: 
    +-------------------+----+-----------+-----+-----------+
    |        Name       | LUT| Input Size| Bits| Total Bits|
    +-------------------+----+-----------+-----+-----------+
    |ap_NS_fsm          |  38|          7|    1|          7|
    |i_reg_105          |   9|          2|    4|          8|
    |output_r_address0  |  41|          8|    5|         40|
    |output_r_address1  |  33|          6|    5|         30|
    |output_r_d0        |  21|          4|   64|        256|
    |output_r_d1        |  27|          5|   64|        320|
    +-------------------+----+-----------+-----+-----------+
    |Total              | 169|         32|  143|        661|
    +-------------------+----+-----------+-----+-----------+

    * Register: 
    +------------------------+----+----+-----+-----------+
    |          Name          | FF | LUT| Bits| Const Bits|
    +------------------------+----+----+-----+-----------+
    |ap_CS_fsm               |   6|   0|    6|          0|
    |i_4_reg_383             |   4|   0|    4|          0|
    |i_reg_105               |   4|   0|    4|          0|
    |output_addr_72_reg_362  |   4|   0|    5|          1|
    |output_addr_73_reg_368  |   3|   0|    5|          2|
    |output_addr_74_reg_388  |   4|   0|    5|          1|
    |output_load_reg_378     |  64|   0|   64|          0|
    |tmp_397_i1_reg_398      |  38|   0|   38|          0|
    |tmp_397_i_reg_373       |  38|   0|   38|          0|
    |v_assign_8_reg_393      |  64|   0|   64|          0|
    +------------------------+----+----+-----+-----------+
    |Total                   | 229|   0|  233|          4|
    +------------------------+----+----+-----+-----------+



================================================================
== Interface
================================================================
* Summary: 
+-------------------+-----+-----+------------+----------------------+--------------+
|     RTL Ports     | Dir | Bits|  Protocol  |     Source Object    |    C Type    |
+-------------------+-----+-----+------------+----------------------+--------------+
|ap_clk             |  in |    1| ap_ctrl_hs | freduce_coefficients | return value |
|ap_rst             |  in |    1| ap_ctrl_hs | freduce_coefficients | return value |
|ap_start           |  in |    1| ap_ctrl_hs | freduce_coefficients | return value |
|ap_done            | out |    1| ap_ctrl_hs | freduce_coefficients | return value |
|ap_idle            | out |    1| ap_ctrl_hs | freduce_coefficients | return value |
|ap_ready           | out |    1| ap_ctrl_hs | freduce_coefficients | return value |
|output_r_address0  | out |    5|  ap_memory |       output_r       |     array    |
|output_r_ce0       | out |    1|  ap_memory |       output_r       |     array    |
|output_r_we0       | out |    1|  ap_memory |       output_r       |     array    |
|output_r_d0        | out |   64|  ap_memory |       output_r       |     array    |
|output_r_q0        |  in |   64|  ap_memory |       output_r       |     array    |
|output_r_address1  | out |    5|  ap_memory |       output_r       |     array    |
|output_r_ce1       | out |    1|  ap_memory |       output_r       |     array    |
|output_r_we1       | out |    1|  ap_memory |       output_r       |     array    |
|output_r_d1        | out |   64|  ap_memory |       output_r       |     array    |
|output_r_q1        |  in |   64|  ap_memory |       output_r       |     array    |
+-------------------+-----+-----+------------+----------------------+--------------+

============================================================
+ Verbose Summary: Synthesis Manager
============================================================
InlineROM: 1
ExposeGlobal: 0
============================================================
+ Verbose Summary: CDFG Model
============================================================
IsTopModel: 0
ResetActiveHigh: 1
IsCombinational: 2
IsDatapathOnly: 2
HasWiredReturn: 1
HasMFsm: 0
HasVarLatency: 1
IsPipeline: 0
IsRtlPipelined: 0
IsInstanceOverlapped: 0
IsDontTouch: 0
HasImplIP: 0
IsGatedGlobalClock: 0


============================================================
+ Verbose Summary: Schedule
============================================================
* Number of FSM states: 6
* Pipeline: 0
* Dataflow Pipeline: 0

* FSM state transitions: 
1 --> 
	2  / true
2 --> 
	3  / (tmp)
	5  / (!tmp)
3 --> 
	4  / true
4 --> 
	2  / true
5 --> 
	6  / true
6 --> 
* FSM state operations: 

 <State 1>: 1.24ns
ST_1: output_addr (2)  [1/1] 0.00ns
:0  %output_addr = getelementptr [19 x i64]* %output_r, i64 0, i64 0

ST_1: output_addr_71 (3)  [1/1] 0.00ns  loc: curve25519/src/curve25519-donna.c:305
:1  %output_addr_71 = getelementptr [19 x i64]* %output_r, i64 0, i64 10

ST_1: StgValue_9 (4)  [1/1] 1.24ns  loc: curve25519/src/curve25519-donna.c:305
:2  store i64 0, i64* %output_addr_71, align 8

ST_1: StgValue_10 (5)  [1/1] 0.66ns  loc: curve25519/src/curve25519-donna.c:307
:3  br label %1


 <State 2>: 1.24ns
ST_2: i (7)  [1/1] 0.00ns
:0  %i = phi i4 [ 0, %0 ], [ %i_4, %2 ]

ST_2: tmp (8)  [1/1] 0.44ns  loc: curve25519/src/curve25519-donna.c:307
:1  %tmp = icmp ult i4 %i, -6

ST_2: empty (9)  [1/1] 0.00ns
:2  %empty = call i32 (...)* @_ssdm_op_SpecLoopTripCount(i64 5, i64 5, i64 5)

ST_2: StgValue_14 (10)  [1/1] 0.00ns  loc: curve25519/src/curve25519-donna.c:307
:3  br i1 %tmp, label %2, label %3

ST_2: tmp_s (12)  [1/1] 0.00ns  loc: curve25519/src/curve25519-donna.c:308
:0  %tmp_s = zext i4 %i to i64

ST_2: output_addr_72 (13)  [1/1] 0.00ns  loc: curve25519/src/curve25519-donna.c:308
:1  %output_addr_72 = getelementptr [19 x i64]* %output_r, i64 0, i64 %tmp_s

ST_2: output_load_23 (14)  [2/2] 1.24ns  loc: curve25519/src/curve25519-donna.c:308
:2  %output_load_23 = load i64* %output_addr_72, align 8

ST_2: tmp_301 (23)  [1/1] 0.00ns  loc: curve25519/src/curve25519-donna.c:314
:11  %tmp_301 = or i4 %i, 1

ST_2: tmp_302 (24)  [1/1] 0.00ns  loc: curve25519/src/curve25519-donna.c:314
:12  %tmp_302 = zext i4 %tmp_301 to i64

ST_2: output_addr_73 (25)  [1/1] 0.00ns  loc: curve25519/src/curve25519-donna.c:314
:13  %output_addr_73 = getelementptr [19 x i64]* %output_r, i64 0, i64 %tmp_302

ST_2: output_load (26)  [2/2] 1.24ns  loc: curve25519/src/curve25519-donna.c:314
:14  %output_load = load i64* %output_addr_73, align 8

ST_2: output_load_20 (44)  [2/2] 1.24ns  loc: curve25519/src/curve25519-donna.c:327
:0  %output_load_20 = load i64* %output_addr_71, align 8

ST_2: output_load_21 (46)  [2/2] 1.24ns  loc: curve25519/src/curve25519-donna.c:327
:2  %output_load_21 = load i64* %output_addr, align 8


 <State 3>: 5.30ns
ST_3: output_load_23 (14)  [1/2] 1.24ns  loc: curve25519/src/curve25519-donna.c:308
:2  %output_load_23 = load i64* %output_addr_72, align 8

ST_3: tmp_396 (15)  [1/1] 0.00ns  loc: curve25519/src/curve25519-donna.c:276->curve25519/src/curve25519-donna.c:308 (grouped into LUT with out node tmp_1064_i)
:3  %tmp_396 = call i1 @_ssdm_op_BitSelect.i1.i64.i32(i64 %output_load_23, i32 63)

ST_3: tmp_i_cast_cast (16)  [1/1] 0.00ns  loc: curve25519/src/curve25519-donna.c:280->curve25519/src/curve25519-donna.c:308 (grouped into LUT with out node tmp_1064_i)
:4  %tmp_i_cast_cast = select i1 %tmp_396, i64 67108863, i64 0

ST_3: tmp_1064_i (17)  [1/1] 1.41ns  loc: curve25519/src/curve25519-donna.c:280->curve25519/src/curve25519-donna.c:308 (out node of the LUT)
:5  %tmp_1064_i = add nsw i64 %output_load_23, %tmp_i_cast_cast

ST_3: tmp_397_i (18)  [1/1] 0.00ns  loc: curve25519/src/curve25519-donna.c:280->curve25519/src/curve25519-donna.c:308
:6  %tmp_397_i = call i38 @_ssdm_op_PartSelect.i38.i64.i32.i32(i64 %tmp_1064_i, i32 26, i32 63)

ST_3: tmp_299 (20)  [1/1] 0.00ns  loc: curve25519/src/curve25519-donna.c:313
:8  %tmp_299 = call i64 @_ssdm_op_BitConcatenate.i64.i38.i26(i38 %tmp_397_i, i26 0)

ST_3: tmp_300 (21)  [1/1] 1.41ns  loc: curve25519/src/curve25519-donna.c:313
:9  %tmp_300 = sub nsw i64 %output_load_23, %tmp_299

ST_3: StgValue_31 (22)  [1/1] 1.24ns  loc: curve25519/src/curve25519-donna.c:313
:10  store i64 %tmp_300, i64* %output_addr_72, align 8

ST_3: output_load (26)  [1/2] 1.24ns  loc: curve25519/src/curve25519-donna.c:314
:14  %output_load = load i64* %output_addr_73, align 8

ST_3: i_4 (36)  [1/1] 1.12ns  loc: curve25519/src/curve25519-donna.c:324
:24  %i_4 = add i4 %i, 2

ST_3: tmp_305 (37)  [1/1] 0.00ns  loc: curve25519/src/curve25519-donna.c:324
:25  %tmp_305 = zext i4 %i_4 to i64

ST_3: output_addr_74 (38)  [1/1] 0.00ns  loc: curve25519/src/curve25519-donna.c:324
:26  %output_addr_74 = getelementptr [19 x i64]* %output_r, i64 0, i64 %tmp_305

ST_3: output_load_19 (39)  [2/2] 1.24ns  loc: curve25519/src/curve25519-donna.c:324
:27  %output_load_19 = load i64* %output_addr_74, align 8


 <State 4>: 5.48ns
ST_4: over (19)  [1/1] 0.00ns  loc: curve25519/src/curve25519-donna.c:280->curve25519/src/curve25519-donna.c:308
:7  %over = sext i38 %tmp_397_i to i64

ST_4: v_assign_7 (27)  [1/1] 1.41ns  loc: curve25519/src/curve25519-donna.c:314
:15  %v_assign_7 = add nsw i64 %output_load, %over

ST_4: tmp_397 (28)  [1/1] 0.00ns  loc: curve25519/src/curve25519-donna.c:292->curve25519/src/curve25519-donna.c:322 (grouped into LUT with out node tmp_1066_i)
:16  %tmp_397 = call i1 @_ssdm_op_BitSelect.i1.i64.i32(i64 %v_assign_7, i32 63)

ST_4: tmp_i1_cast_cast (29)  [1/1] 0.00ns  loc: curve25519/src/curve25519-donna.c:296->curve25519/src/curve25519-donna.c:322 (grouped into LUT with out node tmp_1066_i)
:17  %tmp_i1_cast_cast = select i1 %tmp_397, i64 33554431, i64 0

ST_4: tmp_1066_i (30)  [1/1] 1.41ns  loc: curve25519/src/curve25519-donna.c:296->curve25519/src/curve25519-donna.c:322 (out node of the LUT)
:18  %tmp_1066_i = add nsw i64 %tmp_i1_cast_cast, %v_assign_7

ST_4: tmp_399_i (31)  [1/1] 0.00ns  loc: curve25519/src/curve25519-donna.c:296->curve25519/src/curve25519-donna.c:322
:19  %tmp_399_i = call i39 @_ssdm_op_PartSelect.i39.i64.i32.i32(i64 %tmp_1066_i, i32 25, i32 63)

ST_4: over_7 (32)  [1/1] 0.00ns  loc: curve25519/src/curve25519-donna.c:296->curve25519/src/curve25519-donna.c:322
:20  %over_7 = sext i39 %tmp_399_i to i64

ST_4: tmp_303 (33)  [1/1] 0.00ns  loc: curve25519/src/curve25519-donna.c:323
:21  %tmp_303 = call i64 @_ssdm_op_BitConcatenate.i64.i39.i25(i39 %tmp_399_i, i25 0)

ST_4: tmp_304 (34)  [1/1] 1.41ns  loc: curve25519/src/curve25519-donna.c:323
:22  %tmp_304 = sub nsw i64 %v_assign_7, %tmp_303

ST_4: StgValue_46 (35)  [1/1] 1.24ns  loc: curve25519/src/curve25519-donna.c:323
:23  store i64 %tmp_304, i64* %output_addr_73, align 8

ST_4: output_load_19 (39)  [1/2] 1.24ns  loc: curve25519/src/curve25519-donna.c:324
:27  %output_load_19 = load i64* %output_addr_74, align 8

ST_4: tmp_306 (40)  [1/1] 1.41ns  loc: curve25519/src/curve25519-donna.c:324
:28  %tmp_306 = add nsw i64 %output_load_19, %over_7

ST_4: StgValue_49 (41)  [1/1] 1.24ns  loc: curve25519/src/curve25519-donna.c:324
:29  store i64 %tmp_306, i64* %output_addr_74, align 8

ST_4: StgValue_50 (42)  [1/1] 0.00ns  loc: curve25519/src/curve25519-donna.c:307
:30  br label %1


 <State 5>: 4.47ns
ST_5: output_load_20 (44)  [1/2] 1.24ns  loc: curve25519/src/curve25519-donna.c:327
:0  %output_load_20 = load i64* %output_addr_71, align 8

ST_5: tmp_398 (45)  [1/1] 0.00ns  loc: curve25519/src/curve25519-donna.c:327
:1  %tmp_398 = shl i64 %output_load_20, 4

ST_5: output_load_21 (46)  [1/2] 1.24ns  loc: curve25519/src/curve25519-donna.c:327
:2  %output_load_21 = load i64* %output_addr, align 8

ST_5: tmp_399 (47)  [1/1] 0.00ns  loc: curve25519/src/curve25519-donna.c:328
:3  %tmp_399 = shl i64 %output_load_20, 1

ST_5: tmp2 (48)  [1/1] 1.41ns  loc: curve25519/src/curve25519-donna.c:329
:4  %tmp2 = add i64 %output_load_20, %output_load_21

ST_5: tmp3 (49)  [1/1] 0.41ns  loc: curve25519/src/curve25519-donna.c:329
:5  %tmp3 = add i64 %tmp_399, %tmp_398

ST_5: v_assign_8 (50)  [1/1] 0.41ns  loc: curve25519/src/curve25519-donna.c:329
:6  %v_assign_8 = add nsw i64 %tmp2, %tmp3

ST_5: StgValue_58 (51)  [1/1] 1.24ns  loc: curve25519/src/curve25519-donna.c:331
:7  store i64 0, i64* %output_addr_71, align 8

ST_5: tmp_400 (52)  [1/1] 0.00ns  loc: curve25519/src/curve25519-donna.c:276->curve25519/src/curve25519-donna.c:336 (grouped into LUT with out node tmp_1064_i1)
:8  %tmp_400 = call i1 @_ssdm_op_BitSelect.i1.i64.i32(i64 %v_assign_8, i32 63)

ST_5: tmp_i2_cast_cast (53)  [1/1] 0.00ns  loc: curve25519/src/curve25519-donna.c:280->curve25519/src/curve25519-donna.c:336 (grouped into LUT with out node tmp_1064_i1)
:9  %tmp_i2_cast_cast = select i1 %tmp_400, i64 67108863, i64 0

ST_5: tmp_1064_i1 (54)  [1/1] 1.41ns  loc: curve25519/src/curve25519-donna.c:280->curve25519/src/curve25519-donna.c:336 (out node of the LUT)
:10  %tmp_1064_i1 = add nsw i64 %v_assign_8, %tmp_i2_cast_cast

ST_5: tmp_397_i1 (55)  [1/1] 0.00ns  loc: curve25519/src/curve25519-donna.c:280->curve25519/src/curve25519-donna.c:336
:11  %tmp_397_i1 = call i38 @_ssdm_op_PartSelect.i38.i64.i32.i32(i64 %tmp_1064_i1, i32 26, i32 63)

ST_5: output_addr_75 (60)  [1/1] 0.00ns  loc: curve25519/src/curve25519-donna.c:338
:16  %output_addr_75 = getelementptr [19 x i64]* %output_r, i64 0, i64 1

ST_5: output_load_22 (61)  [2/2] 1.24ns  loc: curve25519/src/curve25519-donna.c:338
:17  %output_load_22 = load i64* %output_addr_75, align 8


 <State 6>: 3.89ns
ST_6: over_8 (56)  [1/1] 0.00ns  loc: curve25519/src/curve25519-donna.c:280->curve25519/src/curve25519-donna.c:336
:12  %over_8 = sext i38 %tmp_397_i1 to i64

ST_6: tmp_307 (57)  [1/1] 0.00ns  loc: curve25519/src/curve25519-donna.c:337
:13  %tmp_307 = call i64 @_ssdm_op_BitConcatenate.i64.i38.i26(i38 %tmp_397_i1, i26 0)

ST_6: tmp_308 (58)  [1/1] 1.41ns  loc: curve25519/src/curve25519-donna.c:337
:14  %tmp_308 = sub nsw i64 %v_assign_8, %tmp_307

ST_6: StgValue_68 (59)  [1/1] 1.24ns  loc: curve25519/src/curve25519-donna.c:337
:15  store i64 %tmp_308, i64* %output_addr, align 8

ST_6: output_load_22 (61)  [1/2] 1.24ns  loc: curve25519/src/curve25519-donna.c:338
:17  %output_load_22 = load i64* %output_addr_75, align 8

ST_6: tmp_309 (62)  [1/1] 1.41ns  loc: curve25519/src/curve25519-donna.c:338
:18  %tmp_309 = add nsw i64 %over_8, %output_load_22

ST_6: StgValue_71 (63)  [1/1] 1.24ns  loc: curve25519/src/curve25519-donna.c:338
:19  store i64 %tmp_309, i64* %output_addr_75, align 8

ST_6: StgValue_72 (64)  [1/1] 0.00ns  loc: curve25519/src/curve25519-donna.c:343
:20  ret void



============================================================
+ Verbose Summary: Binding
============================================================
STG Binding: 
---------------- STG Properties BEGIN ----------------
- Is combinational: 0
- Is one-state seq: 0
- Is datapath-only: 0
- Is pipelined: 0
- Is top level: 0
Port [ Return ] is wired: 1; IO mode=ap_ctrl_hs:ce=0
Port [ output_r]:  wired=1; compound=1; hidden=0; nouse=0; global=0; static=0; extern=0; dir=2; type=1; pingpong=0; private_global=0; MemPort=[22]; IO mode=ap_memory:ce=0
---------------- STG Properties END ------------------

---------------- Datapath Model BEGIN ----------------

<LifeTime>
<method=bitvector/>
output_addr      (getelementptr    ) [ 0011111]
output_addr_71   (getelementptr    ) [ 0011110]
StgValue_9       (store            ) [ 0000000]
StgValue_10      (br               ) [ 0111100]
i                (phi              ) [ 0011000]
tmp              (icmp             ) [ 0011100]
empty            (speclooptripcount) [ 0000000]
StgValue_14      (br               ) [ 0000000]
tmp_s            (zext             ) [ 0000000]
output_addr_72   (getelementptr    ) [ 0001000]
tmp_301          (or               ) [ 0000000]
tmp_302          (zext             ) [ 0000000]
output_addr_73   (getelementptr    ) [ 0001100]
output_load_23   (load             ) [ 0000000]
tmp_396          (bitselect        ) [ 0000000]
tmp_i_cast_cast  (select           ) [ 0000000]
tmp_1064_i       (add              ) [ 0000000]
tmp_397_i        (partselect       ) [ 0000100]
tmp_299          (bitconcatenate   ) [ 0000000]
tmp_300          (sub              ) [ 0000000]
StgValue_31      (store            ) [ 0000000]
output_load      (load             ) [ 0000100]
i_4              (add              ) [ 0110100]
tmp_305          (zext             ) [ 0000000]
output_addr_74   (getelementptr    ) [ 0000100]
over             (sext             ) [ 0000000]
v_assign_7       (add              ) [ 0000000]
tmp_397          (bitselect        ) [ 0000000]
tmp_i1_cast_cast (select           ) [ 0000000]
tmp_1066_i       (add              ) [ 0000000]
tmp_399_i        (partselect       ) [ 0000000]
over_7           (sext             ) [ 0000000]
tmp_303          (bitconcatenate   ) [ 0000000]
tmp_304          (sub              ) [ 0000000]
StgValue_46      (store            ) [ 0000000]
output_load_19   (load             ) [ 0000000]
tmp_306          (add              ) [ 0000000]
StgValue_49      (store            ) [ 0000000]
StgValue_50      (br               ) [ 0111100]
output_load_20   (load             ) [ 0000000]
tmp_398          (shl              ) [ 0000000]
output_load_21   (load             ) [ 0000000]
tmp_399          (shl              ) [ 0000000]
tmp2             (add              ) [ 0000000]
tmp3             (add              ) [ 0000000]
v_assign_8       (add              ) [ 0000001]
StgValue_58      (store            ) [ 0000000]
tmp_400          (bitselect        ) [ 0000000]
tmp_i2_cast_cast (select           ) [ 0000000]
tmp_1064_i1      (add              ) [ 0000000]
tmp_397_i1       (partselect       ) [ 0000001]
output_addr_75   (getelementptr    ) [ 0000001]
over_8           (sext             ) [ 0000000]
tmp_307          (bitconcatenate   ) [ 0000000]
tmp_308          (sub              ) [ 0000000]
StgValue_68      (store            ) [ 0000000]
output_load_22   (load             ) [ 0000000]
tmp_309          (add              ) [ 0000000]
StgValue_71      (store            ) [ 0000000]
StgValue_72      (ret              ) [ 0000000]
</LifeTime>

<model>

<comp_list>
<comp id="0" class="1000" name="output_r">
<pin_list>
<pin id="1" dir="1" index="0" bw="1" slack="0"/>
</pin_list>
<bind>
<StgValue><ssdm name="output_r"/><MemPortTyVec>2 2 </MemPortTyVec>
</StgValue>
</bind>
</comp>

<comp id="2" class="1001" name="const_2">
<pin_list>
<pin id="3" dir="1" index="0" bw="1" slack="0"/>
</pin_list>
<bind>
<StgValue><ssdm name=""/></StgValue>
</bind>
</comp>

<comp id="4" class="1001" name="const_4">
<pin_list>
<pin id="5" dir="1" index="0" bw="1" slack="0"/>
</pin_list>
<bind>
<StgValue><ssdm name=""/></StgValue>
</bind>
</comp>

<comp id="6" class="1001" name="const_6">
<pin_list>
<pin id="7" dir="1" index="0" bw="1" slack="1"/>
</pin_list>
<bind>
<StgValue><ssdm name=""/></StgValue>
</bind>
</comp>

<comp id="8" class="1001" name="const_8">
<pin_list>
<pin id="9" dir="1" index="0" bw="1" slack="0"/>
</pin_list>
<bind>
<StgValue><ssdm name=""/></StgValue>
</bind>
</comp>

<comp id="10" class="1001" name="const_10">
<pin_list>
<pin id="11" dir="1" index="0" bw="1" slack="2147483647"/>
</pin_list>
<bind>
<StgValue><ssdm name="_ssdm_op_SpecLoopTripCount"/></StgValue>
</bind>
</comp>

<comp id="12" class="1001" name="const_12">
<pin_list>
<pin id="13" dir="1" index="0" bw="1" slack="2147483647"/>
</pin_list>
<bind>
<StgValue><ssdm name=""/></StgValue>
</bind>
</comp>

<comp id="14" class="1001" name="const_14">
<pin_list>
<pin id="15" dir="1" index="0" bw="1" slack="0"/>
</pin_list>
<bind>
<StgValue><ssdm name=""/></StgValue>
</bind>
</comp>

<comp id="16" class="1001" name="const_16">
<pin_list>
<pin id="17" dir="1" index="0" bw="1" slack="0"/>
</pin_list>
<bind>
<StgValue><ssdm name="_ssdm_op_BitSelect.i1.i64.i32"/></StgValue>
</bind>
</comp>

<comp id="18" class="1001" name="const_18">
<pin_list>
<pin id="19" dir="1" index="0" bw="1" slack="0"/>
</pin_list>
<bind>
<StgValue><ssdm name=""/></StgValue>
</bind>
</comp>

<comp id="20" class="1001" name="const_20">
<pin_list>
<pin id="21" dir="1" index="0" bw="1" slack="0"/>
</pin_list>
<bind>
<StgValue><ssdm name=""/></StgValue>
</bind>
</comp>

<comp id="22" class="1001" name="const_22">
<pin_list>
<pin id="23" dir="1" index="0" bw="1" slack="0"/>
</pin_list>
<bind>
<StgValue><ssdm name="_ssdm_op_PartSelect.i38.i64.i32.i32"/></StgValue>
</bind>
</comp>

<comp id="24" class="1001" name="const_24">
<pin_list>
<pin id="25" dir="1" index="0" bw="1" slack="0"/>
</pin_list>
<bind>
<StgValue><ssdm name=""/></StgValue>
</bind>
</comp>

<comp id="26" class="1001" name="const_26">
<pin_list>
<pin id="27" dir="1" index="0" bw="1" slack="0"/>
</pin_list>
<bind>
<StgValue><ssdm name="_ssdm_op_BitConcatenate.i64.i38.i26"/></StgValue>
</bind>
</comp>

<comp id="28" class="1001" name="const_28">
<pin_list>
<pin id="29" dir="1" index="0" bw="1" slack="0"/>
</pin_list>
<bind>
<StgValue><ssdm name=""/></StgValue>
</bind>
</comp>

<comp id="30" class="1001" name="const_30">
<pin_list>
<pin id="31" dir="1" index="0" bw="1" slack="0"/>
</pin_list>
<bind>
<StgValue><ssdm name=""/></StgValue>
</bind>
</comp>

<comp id="32" class="1001" name="const_32">
<pin_list>
<pin id="33" dir="1" index="0" bw="1" slack="0"/>
</pin_list>
<bind>
<StgValue><ssdm name=""/></StgValue>
</bind>
</comp>

<comp id="34" class="1001" name="const_34">
<pin_list>
<pin id="35" dir="1" index="0" bw="1" slack="0"/>
</pin_list>
<bind>
<StgValue><ssdm name="_ssdm_op_PartSelect.i39.i64.i32.i32"/></StgValue>
</bind>
</comp>

<comp id="36" class="1001" name="const_36">
<pin_list>
<pin id="37" dir="1" index="0" bw="1" slack="0"/>
</pin_list>
<bind>
<StgValue><ssdm name=""/></StgValue>
</bind>
</comp>

<comp id="38" class="1001" name="const_38">
<pin_list>
<pin id="39" dir="1" index="0" bw="1" slack="0"/>
</pin_list>
<bind>
<StgValue><ssdm name="_ssdm_op_BitConcatenate.i64.i39.i25"/></StgValue>
</bind>
</comp>

<comp id="40" class="1001" name="const_40">
<pin_list>
<pin id="41" dir="1" index="0" bw="1" slack="0"/>
</pin_list>
<bind>
<StgValue><ssdm name=""/></StgValue>
</bind>
</comp>

<comp id="42" class="1001" name="const_42">
<pin_list>
<pin id="43" dir="1" index="0" bw="1" slack="0"/>
</pin_list>
<bind>
<StgValue><ssdm name=""/></StgValue>
</bind>
</comp>

<comp id="44" class="1001" name="const_44">
<pin_list>
<pin id="45" dir="1" index="0" bw="1" slack="0"/>
</pin_list>
<bind>
<StgValue><ssdm name=""/></StgValue>
</bind>
</comp>

<comp id="46" class="1004" name="output_addr_gep_fu_46">
<pin_list>
<pin id="47" dir="0" index="0" bw="64" slack="0"/>
<pin id="48" dir="0" index="1" bw="1" slack="0"/>
<pin id="49" dir="0" index="2" bw="1" slack="0"/>
<pin id="50" dir="1" index="3" bw="5" slack="1"/>
</pin_list>
<bind>
<opcode="getelementptr(29) " fcode="getelementptr"/>
<opset="output_addr/1 "/>
</bind>
</comp>

<comp id="54" class="1004" name="output_addr_71_gep_fu_54">
<pin_list>
<pin id="55" dir="0" index="0" bw="64" slack="0"/>
<pin id="56" dir="0" index="1" bw="1" slack="0"/>
<pin id="57" dir="0" index="2" bw="5" slack="0"/>
<pin id="58" dir="1" index="3" bw="5" slack="0"/>
</pin_list>
<bind>
<opcode="getelementptr(29) " fcode="getelementptr"/>
<opset="output_addr_71/1 "/>
</bind>
</comp>

<comp id="62" class="1004" name="grp_access_fu_62">
<pin_list>
<pin id="63" dir="0" index="0" bw="5" slack="0"/>
<pin id="64" dir="0" index="1" bw="64" slack="0"/>
<pin id="83" dir="0" index="3" bw="5" slack="0"/>
<pin id="84" dir="0" index="4" bw="64" slack="0"/>
<pin id="65" dir="1" index="2" bw="64" slack="0"/>
<pin id="85" dir="1" index="5" bw="64" slack="0"/>
</pin_list>
<bind>
<opcode="load(27) store(28) " fcode="store"/>
<opset="StgValue_9/1 output_load_23/2 output_load/2 output_load_20/2 output_load_21/2 StgValue_31/3 output_load_19/3 StgValue_46/4 StgValue_49/4 StgValue_58/5 output_load_22/5 StgValue_68/6 StgValue_71/6 "/>
</bind>
</comp>

<comp id="68" class="1004" name="output_addr_72_gep_fu_68">
<pin_list>
<pin id="69" dir="0" index="0" bw="64" slack="0"/>
<pin id="70" dir="0" index="1" bw="1" slack="0"/>
<pin id="71" dir="0" index="2" bw="4" slack="0"/>
<pin id="72" dir="1" index="3" bw="5" slack="0"/>
</pin_list>
<bind>
<opcode="getelementptr(29) " fcode="getelementptr"/>
<opset="output_addr_72/2 "/>
</bind>
</comp>

<comp id="76" class="1004" name="output_addr_73_gep_fu_76">
<pin_list>
<pin id="77" dir="0" index="0" bw="64" slack="0"/>
<pin id="78" dir="0" index="1" bw="1" slack="0"/>
<pin id="79" dir="0" index="2" bw="4" slack="0"/>
<pin id="80" dir="1" index="3" bw="5" slack="0"/>
</pin_list>
<bind>
<opcode="getelementptr(29) " fcode="getelementptr"/>
<opset="output_addr_73/2 "/>
</bind>
</comp>

<comp id="87" class="1004" name="output_addr_74_gep_fu_87">
<pin_list>
<pin id="88" dir="0" index="0" bw="64" slack="0"/>
<pin id="89" dir="0" index="1" bw="1" slack="0"/>
<pin id="90" dir="0" index="2" bw="4" slack="0"/>
<pin id="91" dir="1" index="3" bw="5" slack="0"/>
</pin_list>
<bind>
<opcode="getelementptr(29) " fcode="getelementptr"/>
<opset="output_addr_74/3 "/>
</bind>
</comp>

<comp id="96" class="1004" name="output_addr_75_gep_fu_96">
<pin_list>
<pin id="97" dir="0" index="0" bw="64" slack="0"/>
<pin id="98" dir="0" index="1" bw="1" slack="0"/>
<pin id="99" dir="0" index="2" bw="1" slack="0"/>
<pin id="100" dir="1" index="3" bw="5" slack="0"/>
</pin_list>
<bind>
<opcode="getelementptr(29) " fcode="getelementptr"/>
<opset="output_addr_75/5 "/>
</bind>
</comp>

<comp id="105" class="1005" name="i_reg_105">
<pin_list>
<pin id="106" dir="0" index="0" bw="4" slack="1"/>
<pin id="107" dir="1" index="1" bw="4" slack="1"/>
</pin_list>
<bind>
<opset="i (phireg) "/>
</bind>
</comp>

<comp id="109" class="1004" name="i_phi_fu_109">
<pin_list>
<pin id="110" dir="0" index="0" bw="1" slack="1"/>
<pin id="111" dir="0" index="1" bw="0" slack="2147483647"/>
<pin id="112" dir="0" index="2" bw="4" slack="1"/>
<pin id="113" dir="0" index="3" bw="0" slack="2147483647"/>
<pin id="114" dir="1" index="4" bw="4" slack="0"/>
</pin_list>
<bind>
<opcode="phi(47) " fcode="phi"/>
<opset="i/2 "/>
</bind>
</comp>

<comp id="117" class="1004" name="tmp_fu_117">
<pin_list>
<pin id="118" dir="0" index="0" bw="4" slack="0"/>
<pin id="119" dir="0" index="1" bw="4" slack="0"/>
<pin id="120" dir="1" index="2" bw="1" slack="2147483647"/>
</pin_list>
<bind>
<opcode="icmp(45) " fcode="icmp"/>
<opset="tmp/2 "/>
</bind>
</comp>

<comp id="123" class="1004" name="tmp_s_fu_123">
<pin_list>
<pin id="124" dir="0" index="0" bw="4" slack="0"/>
<pin id="125" dir="1" index="1" bw="64" slack="0"/>
</pin_list>
<bind>
<opcode="zext(34) " fcode="zext"/>
<opset="tmp_s/2 "/>
</bind>
</comp>

<comp id="128" class="1004" name="tmp_301_fu_128">
<pin_list>
<pin id="129" dir="0" index="0" bw="4" slack="0"/>
<pin id="130" dir="0" index="1" bw="4" slack="0"/>
<pin id="131" dir="1" index="2" bw="4" slack="0"/>
</pin_list>
<bind>
<opcode="or(24) " fcode="or"/>
<opset="tmp_301/2 "/>
</bind>
</comp>

<comp id="134" class="1004" name="tmp_302_fu_134">
<pin_list>
<pin id="135" dir="0" index="0" bw="4" slack="0"/>
<pin id="136" dir="1" index="1" bw="64" slack="0"/>
</pin_list>
<bind>
<opcode="zext(34) " fcode="zext"/>
<opset="tmp_302/2 "/>
</bind>
</comp>

<comp id="139" class="1004" name="tmp_396_fu_139">
<pin_list>
<pin id="140" dir="0" index="0" bw="1" slack="0"/>
<pin id="141" dir="0" index="1" bw="64" slack="0"/>
<pin id="142" dir="0" index="2" bw="7" slack="0"/>
<pin id="143" dir="1" index="3" bw="1" slack="0"/>
</pin_list>
<bind>
<opcode="bitselect(1000) " fcode="bitselect"/>
<opset="tmp_396/3 "/>
</bind>
</comp>

<comp id="147" class="1004" name="tmp_i_cast_cast_fu_147">
<pin_list>
<pin id="148" dir="0" index="0" bw="1" slack="0"/>
<pin id="149" dir="0" index="1" bw="64" slack="0"/>
<pin id="150" dir="0" index="2" bw="64" slack="0"/>
<pin id="151" dir="1" index="3" bw="64" slack="0"/>
</pin_list>
<bind>
<opcode="select(49) " fcode="select"/>
<opset="tmp_i_cast_cast/3 "/>
</bind>
</comp>

<comp id="155" class="1004" name="tmp_1064_i_fu_155">
<pin_list>
<pin id="156" dir="0" index="0" bw="64" slack="0"/>
<pin id="157" dir="0" index="1" bw="27" slack="0"/>
<pin id="158" dir="1" index="2" bw="64" slack="0"/>
</pin_list>
<bind>
<opcode="add(8) " fcode="add"/>
<opset="tmp_1064_i/3 "/>
</bind>
</comp>

<comp id="161" class="1004" name="tmp_397_i_fu_161">
<pin_list>
<pin id="162" dir="0" index="0" bw="38" slack="0"/>
<pin id="163" dir="0" index="1" bw="64" slack="0"/>
<pin id="164" dir="0" index="2" bw="6" slack="0"/>
<pin id="165" dir="0" index="3" bw="7" slack="0"/>
<pin id="166" dir="1" index="4" bw="38" slack="0"/>
</pin_list>
<bind>
<opcode="partselect(1002) " fcode="partselect"/>
<opset="tmp_397_i/3 "/>
</bind>
</comp>

<comp id="171" class="1004" name="tmp_299_fu_171">
<pin_list>
<pin id="172" dir="0" index="0" bw="64" slack="0"/>
<pin id="173" dir="0" index="1" bw="38" slack="0"/>
<pin id="174" dir="0" index="2" bw="1" slack="0"/>
<pin id="175" dir="1" index="3" bw="64" slack="0"/>
</pin_list>
<bind>
<opcode="bitconcatenate(1004) " fcode="bitconcatenate"/>
<opset="tmp_299/3 "/>
</bind>
</comp>

<comp id="179" class="1004" name="tmp_300_fu_179">
<pin_list>
<pin id="180" dir="0" index="0" bw="64" slack="0"/>
<pin id="181" dir="0" index="1" bw="64" slack="0"/>
<pin id="182" dir="1" index="2" bw="64" slack="0"/>
</pin_list>
<bind>
<opcode="sub(10) " fcode="sub"/>
<opset="tmp_300/3 "/>
</bind>
</comp>

<comp id="186" class="1004" name="i_4_fu_186">
<pin_list>
<pin id="187" dir="0" index="0" bw="4" slack="1"/>
<pin id="188" dir="0" index="1" bw="3" slack="0"/>
<pin id="189" dir="1" index="2" bw="4" slack="0"/>
</pin_list>
<bind>
<opcode="add(8) " fcode="add"/>
<opset="i_4/3 "/>
</bind>
</comp>

<comp id="192" class="1004" name="tmp_305_fu_192">
<pin_list>
<pin id="193" dir="0" index="0" bw="4" slack="0"/>
<pin id="194" dir="1" index="1" bw="64" slack="0"/>
</pin_list>
<bind>
<opcode="zext(34) " fcode="zext"/>
<opset="tmp_305/3 "/>
</bind>
</comp>

<comp id="197" class="1004" name="over_fu_197">
<pin_list>
<pin id="198" dir="0" index="0" bw="38" slack="1"/>
<pin id="199" dir="1" index="1" bw="64" slack="0"/>
</pin_list>
<bind>
<opcode="sext(35) " fcode="sext"/>
<opset="over/4 "/>
</bind>
</comp>

<comp id="200" class="1004" name="v_assign_7_fu_200">
<pin_list>
<pin id="201" dir="0" index="0" bw="64" slack="1"/>
<pin id="202" dir="0" index="1" bw="38" slack="0"/>
<pin id="203" dir="1" index="2" bw="64" slack="0"/>
</pin_list>
<bind>
<opcode="add(8) " fcode="add"/>
<opset="v_assign_7/4 "/>
</bind>
</comp>

<comp id="205" class="1004" name="tmp_397_fu_205">
<pin_list>
<pin id="206" dir="0" index="0" bw="1" slack="0"/>
<pin id="207" dir="0" index="1" bw="64" slack="0"/>
<pin id="208" dir="0" index="2" bw="7" slack="0"/>
<pin id="209" dir="1" index="3" bw="1" slack="0"/>
</pin_list>
<bind>
<opcode="bitselect(1000) " fcode="bitselect"/>
<opset="tmp_397/4 "/>
</bind>
</comp>

<comp id="213" class="1004" name="tmp_i1_cast_cast_fu_213">
<pin_list>
<pin id="214" dir="0" index="0" bw="1" slack="0"/>
<pin id="215" dir="0" index="1" bw="64" slack="0"/>
<pin id="216" dir="0" index="2" bw="64" slack="0"/>
<pin id="217" dir="1" index="3" bw="64" slack="0"/>
</pin_list>
<bind>
<opcode="select(49) " fcode="select"/>
<opset="tmp_i1_cast_cast/4 "/>
</bind>
</comp>

<comp id="221" class="1004" name="tmp_1066_i_fu_221">
<pin_list>
<pin id="222" dir="0" index="0" bw="26" slack="0"/>
<pin id="223" dir="0" index="1" bw="64" slack="0"/>
<pin id="224" dir="1" index="2" bw="64" slack="0"/>
</pin_list>
<bind>
<opcode="add(8) " fcode="add"/>
<opset="tmp_1066_i/4 "/>
</bind>
</comp>

<comp id="227" class="1004" name="tmp_399_i_fu_227">
<pin_list>
<pin id="228" dir="0" index="0" bw="39" slack="0"/>
<pin id="229" dir="0" index="1" bw="64" slack="0"/>
<pin id="230" dir="0" index="2" bw="6" slack="0"/>
<pin id="231" dir="0" index="3" bw="7" slack="0"/>
<pin id="232" dir="1" index="4" bw="39" slack="0"/>
</pin_list>
<bind>
<opcode="partselect(1002) " fcode="partselect"/>
<opset="tmp_399_i/4 "/>
</bind>
</comp>

<comp id="237" class="1004" name="over_7_fu_237">
<pin_list>
<pin id="238" dir="0" index="0" bw="39" slack="0"/>
<pin id="239" dir="1" index="1" bw="64" slack="0"/>
</pin_list>
<bind>
<opcode="sext(35) " fcode="sext"/>
<opset="over_7/4 "/>
</bind>
</comp>

<comp id="241" class="1004" name="tmp_303_fu_241">
<pin_list>
<pin id="242" dir="0" index="0" bw="64" slack="0"/>
<pin id="243" dir="0" index="1" bw="39" slack="0"/>
<pin id="244" dir="0" index="2" bw="1" slack="0"/>
<pin id="245" dir="1" index="3" bw="64" slack="0"/>
</pin_list>
<bind>
<opcode="bitconcatenate(1004) " fcode="bitconcatenate"/>
<opset="tmp_303/4 "/>
</bind>
</comp>

<comp id="249" class="1004" name="tmp_304_fu_249">
<pin_list>
<pin id="250" dir="0" index="0" bw="64" slack="0"/>
<pin id="251" dir="0" index="1" bw="64" slack="0"/>
<pin id="252" dir="1" index="2" bw="64" slack="0"/>
</pin_list>
<bind>
<opcode="sub(10) " fcode="sub"/>
<opset="tmp_304/4 "/>
</bind>
</comp>

<comp id="256" class="1004" name="tmp_306_fu_256">
<pin_list>
<pin id="257" dir="0" index="0" bw="64" slack="0"/>
<pin id="258" dir="0" index="1" bw="39" slack="0"/>
<pin id="259" dir="1" index="2" bw="64" slack="0"/>
</pin_list>
<bind>
<opcode="add(8) " fcode="add"/>
<opset="tmp_306/4 "/>
</bind>
</comp>

<comp id="263" class="1004" name="tmp_398_fu_263">
<pin_list>
<pin id="264" dir="0" index="0" bw="64" slack="0"/>
<pin id="265" dir="0" index="1" bw="4" slack="0"/>
<pin id="266" dir="1" index="2" bw="64" slack="0"/>
</pin_list>
<bind>
<opcode="shl(20) " fcode="shl"/>
<opset="tmp_398/5 "/>
</bind>
</comp>

<comp id="269" class="1004" name="tmp_399_fu_269">
<pin_list>
<pin id="270" dir="0" index="0" bw="64" slack="0"/>
<pin id="271" dir="0" index="1" bw="1" slack="0"/>
<pin id="272" dir="1" index="2" bw="64" slack="0"/>
</pin_list>
<bind>
<opcode="shl(20) " fcode="shl"/>
<opset="tmp_399/5 "/>
</bind>
</comp>

<comp id="275" class="1004" name="tmp2_fu_275">
<pin_list>
<pin id="276" dir="0" index="0" bw="64" slack="0"/>
<pin id="277" dir="0" index="1" bw="64" slack="0"/>
<pin id="278" dir="1" index="2" bw="64" slack="0"/>
</pin_list>
<bind>
<opcode="add(8) " fcode="add"/>
<opset="tmp2/5 "/>
</bind>
</comp>

<comp id="281" class="1004" name="tmp3_fu_281">
<pin_list>
<pin id="282" dir="0" index="0" bw="64" slack="0"/>
<pin id="283" dir="0" index="1" bw="64" slack="0"/>
<pin id="284" dir="1" index="2" bw="64" slack="0"/>
</pin_list>
<bind>
<opcode="add(8) " fcode="add"/>
<opset="tmp3/5 "/>
</bind>
</comp>

<comp id="287" class="1004" name="v_assign_8_fu_287">
<pin_list>
<pin id="288" dir="0" index="0" bw="64" slack="0"/>
<pin id="289" dir="0" index="1" bw="64" slack="0"/>
<pin id="290" dir="1" index="2" bw="64" slack="0"/>
</pin_list>
<bind>
<opcode="add(8) " fcode="add"/>
<opset="v_assign_8/5 "/>
</bind>
</comp>

<comp id="293" class="1004" name="tmp_400_fu_293">
<pin_list>
<pin id="294" dir="0" index="0" bw="1" slack="0"/>
<pin id="295" dir="0" index="1" bw="64" slack="0"/>
<pin id="296" dir="0" index="2" bw="7" slack="0"/>
<pin id="297" dir="1" index="3" bw="1" slack="0"/>
</pin_list>
<bind>
<opcode="bitselect(1000) " fcode="bitselect"/>
<opset="tmp_400/5 "/>
</bind>
</comp>

<comp id="301" class="1004" name="tmp_i2_cast_cast_fu_301">
<pin_list>
<pin id="302" dir="0" index="0" bw="1" slack="0"/>
<pin id="303" dir="0" index="1" bw="64" slack="0"/>
<pin id="304" dir="0" index="2" bw="64" slack="0"/>
<pin id="305" dir="1" index="3" bw="64" slack="0"/>
</pin_list>
<bind>
<opcode="select(49) " fcode="select"/>
<opset="tmp_i2_cast_cast/5 "/>
</bind>
</comp>

<comp id="309" class="1004" name="tmp_1064_i1_fu_309">
<pin_list>
<pin id="310" dir="0" index="0" bw="64" slack="0"/>
<pin id="311" dir="0" index="1" bw="27" slack="0"/>
<pin id="312" dir="1" index="2" bw="64" slack="0"/>
</pin_list>
<bind>
<opcode="add(8) " fcode="add"/>
<opset="tmp_1064_i1/5 "/>
</bind>
</comp>

<comp id="315" class="1004" name="tmp_397_i1_fu_315">
<pin_list>
<pin id="316" dir="0" index="0" bw="38" slack="0"/>
<pin id="317" dir="0" index="1" bw="64" slack="0"/>
<pin id="318" dir="0" index="2" bw="6" slack="0"/>
<pin id="319" dir="0" index="3" bw="7" slack="0"/>
<pin id="320" dir="1" index="4" bw="38" slack="1"/>
</pin_list>
<bind>
<opcode="partselect(1002) " fcode="partselect"/>
<opset="tmp_397_i1/5 "/>
</bind>
</comp>

<comp id="325" class="1004" name="over_8_fu_325">
<pin_list>
<pin id="326" dir="0" index="0" bw="38" slack="1"/>
<pin id="327" dir="1" index="1" bw="64" slack="0"/>
</pin_list>
<bind>
<opcode="sext(35) " fcode="sext"/>
<opset="over_8/6 "/>
</bind>
</comp>

<comp id="328" class="1004" name="tmp_307_fu_328">
<pin_list>
<pin id="329" dir="0" index="0" bw="64" slack="0"/>
<pin id="330" dir="0" index="1" bw="38" slack="1"/>
<pin id="331" dir="0" index="2" bw="1" slack="0"/>
<pin id="332" dir="1" index="3" bw="64" slack="0"/>
</pin_list>
<bind>
<opcode="bitconcatenate(1004) " fcode="bitconcatenate"/>
<opset="tmp_307/6 "/>
</bind>
</comp>

<comp id="335" class="1004" name="tmp_308_fu_335">
<pin_list>
<pin id="336" dir="0" index="0" bw="64" slack="1"/>
<pin id="337" dir="0" index="1" bw="64" slack="0"/>
<pin id="338" dir="1" index="2" bw="64" slack="0"/>
</pin_list>
<bind>
<opcode="sub(10) " fcode="sub"/>
<opset="tmp_308/6 "/>
</bind>
</comp>

<comp id="341" class="1004" name="tmp_309_fu_341">
<pin_list>
<pin id="342" dir="0" index="0" bw="38" slack="0"/>
<pin id="343" dir="0" index="1" bw="64" slack="0"/>
<pin id="344" dir="1" index="2" bw="64" slack="0"/>
</pin_list>
<bind>
<opcode="add(8) " fcode="add"/>
<opset="tmp_309/6 "/>
</bind>
</comp>

<comp id="348" class="1005" name="output_addr_reg_348">
<pin_list>
<pin id="349" dir="0" index="0" bw="5" slack="1"/>
<pin id="350" dir="1" index="1" bw="5" slack="1"/>
</pin_list>
<bind>
<opset="output_addr "/>
</bind>
</comp>

<comp id="353" class="1005" name="output_addr_71_reg_353">
<pin_list>
<pin id="354" dir="0" index="0" bw="5" slack="1"/>
<pin id="355" dir="1" index="1" bw="5" slack="1"/>
</pin_list>
<bind>
<opset="output_addr_71 "/>
</bind>
</comp>

<comp id="362" class="1005" name="output_addr_72_reg_362">
<pin_list>
<pin id="363" dir="0" index="0" bw="5" slack="1"/>
<pin id="364" dir="1" index="1" bw="5" slack="1"/>
</pin_list>
<bind>
<opset="output_addr_72 "/>
</bind>
</comp>

<comp id="368" class="1005" name="output_addr_73_reg_368">
<pin_list>
<pin id="369" dir="0" index="0" bw="5" slack="1"/>
<pin id="370" dir="1" index="1" bw="5" slack="1"/>
</pin_list>
<bind>
<opset="output_addr_73 "/>
</bind>
</comp>

<comp id="373" class="1005" name="tmp_397_i_reg_373">
<pin_list>
<pin id="374" dir="0" index="0" bw="38" slack="1"/>
<pin id="375" dir="1" index="1" bw="38" slack="1"/>
</pin_list>
<bind>
<opset="tmp_397_i "/>
</bind>
</comp>

<comp id="378" class="1005" name="output_load_reg_378">
<pin_list>
<pin id="379" dir="0" index="0" bw="64" slack="1"/>
<pin id="380" dir="1" index="1" bw="64" slack="1"/>
</pin_list>
<bind>
<opset="output_load "/>
</bind>
</comp>

<comp id="383" class="1005" name="i_4_reg_383">
<pin_list>
<pin id="384" dir="0" index="0" bw="4" slack="1"/>
<pin id="385" dir="1" index="1" bw="4" slack="1"/>
</pin_list>
<bind>
<opset="i_4 "/>
</bind>
</comp>

<comp id="388" class="1005" name="output_addr_74_reg_388">
<pin_list>
<pin id="389" dir="0" index="0" bw="5" slack="1"/>
<pin id="390" dir="1" index="1" bw="5" slack="1"/>
</pin_list>
<bind>
<opset="output_addr_74 "/>
</bind>
</comp>

<comp id="393" class="1005" name="v_assign_8_reg_393">
<pin_list>
<pin id="394" dir="0" index="0" bw="64" slack="1"/>
<pin id="395" dir="1" index="1" bw="64" slack="1"/>
</pin_list>
<bind>
<opset="v_assign_8 "/>
</bind>
</comp>

<comp id="398" class="1005" name="tmp_397_i1_reg_398">
<pin_list>
<pin id="399" dir="0" index="0" bw="38" slack="1"/>
<pin id="400" dir="1" index="1" bw="38" slack="1"/>
</pin_list>
<bind>
<opset="tmp_397_i1 "/>
</bind>
</comp>

<comp id="404" class="1005" name="output_addr_75_reg_404">
<pin_list>
<pin id="405" dir="0" index="0" bw="5" slack="1"/>
<pin id="406" dir="1" index="1" bw="5" slack="1"/>
</pin_list>
<bind>
<opset="output_addr_75 "/>
</bind>
</comp>

</comp_list>

<net_list>
<net id="51"><net_src comp="0" pin="0"/><net_sink comp="46" pin=0"/></net>

<net id="52"><net_src comp="2" pin="0"/><net_sink comp="46" pin=1"/></net>

<net id="53"><net_src comp="2" pin="0"/><net_sink comp="46" pin=2"/></net>

<net id="59"><net_src comp="0" pin="0"/><net_sink comp="54" pin=0"/></net>

<net id="60"><net_src comp="2" pin="0"/><net_sink comp="54" pin=1"/></net>

<net id="61"><net_src comp="4" pin="0"/><net_sink comp="54" pin=2"/></net>

<net id="66"><net_src comp="2" pin="0"/><net_sink comp="62" pin=1"/></net>

<net id="67"><net_src comp="54" pin="3"/><net_sink comp="62" pin=0"/></net>

<net id="73"><net_src comp="0" pin="0"/><net_sink comp="68" pin=0"/></net>

<net id="74"><net_src comp="2" pin="0"/><net_sink comp="68" pin=1"/></net>

<net id="75"><net_src comp="68" pin="3"/><net_sink comp="62" pin=0"/></net>

<net id="81"><net_src comp="0" pin="0"/><net_sink comp="76" pin=0"/></net>

<net id="82"><net_src comp="2" pin="0"/><net_sink comp="76" pin=1"/></net>

<net id="86"><net_src comp="76" pin="3"/><net_sink comp="62" pin=3"/></net>

<net id="92"><net_src comp="0" pin="0"/><net_sink comp="87" pin=0"/></net>

<net id="93"><net_src comp="2" pin="0"/><net_sink comp="87" pin=1"/></net>

<net id="94"><net_src comp="87" pin="3"/><net_sink comp="62" pin=0"/></net>

<net id="95"><net_src comp="2" pin="0"/><net_sink comp="62" pin=4"/></net>

<net id="101"><net_src comp="0" pin="0"/><net_sink comp="96" pin=0"/></net>

<net id="102"><net_src comp="2" pin="0"/><net_sink comp="96" pin=1"/></net>

<net id="103"><net_src comp="44" pin="0"/><net_sink comp="96" pin=2"/></net>

<net id="104"><net_src comp="96" pin="3"/><net_sink comp="62" pin=0"/></net>

<net id="108"><net_src comp="6" pin="0"/><net_sink comp="105" pin=0"/></net>

<net id="115"><net_src comp="105" pin="1"/><net_sink comp="109" pin=0"/></net>

<net id="116"><net_src comp="109" pin="4"/><net_sink comp="105" pin=0"/></net>

<net id="121"><net_src comp="109" pin="4"/><net_sink comp="117" pin=0"/></net>

<net id="122"><net_src comp="8" pin="0"/><net_sink comp="117" pin=1"/></net>

<net id="126"><net_src comp="109" pin="4"/><net_sink comp="123" pin=0"/></net>

<net id="127"><net_src comp="123" pin="1"/><net_sink comp="68" pin=2"/></net>

<net id="132"><net_src comp="109" pin="4"/><net_sink comp="128" pin=0"/></net>

<net id="133"><net_src comp="14" pin="0"/><net_sink comp="128" pin=1"/></net>

<net id="137"><net_src comp="128" pin="2"/><net_sink comp="134" pin=0"/></net>

<net id="138"><net_src comp="134" pin="1"/><net_sink comp="76" pin=2"/></net>

<net id="144"><net_src comp="16" pin="0"/><net_sink comp="139" pin=0"/></net>

<net id="145"><net_src comp="62" pin="2"/><net_sink comp="139" pin=1"/></net>

<net id="146"><net_src comp="18" pin="0"/><net_sink comp="139" pin=2"/></net>

<net id="152"><net_src comp="139" pin="3"/><net_sink comp="147" pin=0"/></net>

<net id="153"><net_src comp="20" pin="0"/><net_sink comp="147" pin=1"/></net>

<net id="154"><net_src comp="2" pin="0"/><net_sink comp="147" pin=2"/></net>

<net id="159"><net_src comp="62" pin="2"/><net_sink comp="155" pin=0"/></net>

<net id="160"><net_src comp="147" pin="3"/><net_sink comp="155" pin=1"/></net>

<net id="167"><net_src comp="22" pin="0"/><net_sink comp="161" pin=0"/></net>

<net id="168"><net_src comp="155" pin="2"/><net_sink comp="161" pin=1"/></net>

<net id="169"><net_src comp="24" pin="0"/><net_sink comp="161" pin=2"/></net>

<net id="170"><net_src comp="18" pin="0"/><net_sink comp="161" pin=3"/></net>

<net id="176"><net_src comp="26" pin="0"/><net_sink comp="171" pin=0"/></net>

<net id="177"><net_src comp="161" pin="4"/><net_sink comp="171" pin=1"/></net>

<net id="178"><net_src comp="28" pin="0"/><net_sink comp="171" pin=2"/></net>

<net id="183"><net_src comp="62" pin="2"/><net_sink comp="179" pin=0"/></net>

<net id="184"><net_src comp="171" pin="3"/><net_sink comp="179" pin=1"/></net>

<net id="185"><net_src comp="179" pin="2"/><net_sink comp="62" pin=4"/></net>

<net id="190"><net_src comp="105" pin="1"/><net_sink comp="186" pin=0"/></net>

<net id="191"><net_src comp="30" pin="0"/><net_sink comp="186" pin=1"/></net>

<net id="195"><net_src comp="186" pin="2"/><net_sink comp="192" pin=0"/></net>

<net id="196"><net_src comp="192" pin="1"/><net_sink comp="87" pin=2"/></net>

<net id="204"><net_src comp="197" pin="1"/><net_sink comp="200" pin=1"/></net>

<net id="210"><net_src comp="16" pin="0"/><net_sink comp="205" pin=0"/></net>

<net id="211"><net_src comp="200" pin="2"/><net_sink comp="205" pin=1"/></net>

<net id="212"><net_src comp="18" pin="0"/><net_sink comp="205" pin=2"/></net>

<net id="218"><net_src comp="205" pin="3"/><net_sink comp="213" pin=0"/></net>

<net id="219"><net_src comp="32" pin="0"/><net_sink comp="213" pin=1"/></net>

<net id="220"><net_src comp="2" pin="0"/><net_sink comp="213" pin=2"/></net>

<net id="225"><net_src comp="213" pin="3"/><net_sink comp="221" pin=0"/></net>

<net id="226"><net_src comp="200" pin="2"/><net_sink comp="221" pin=1"/></net>

<net id="233"><net_src comp="34" pin="0"/><net_sink comp="227" pin=0"/></net>

<net id="234"><net_src comp="221" pin="2"/><net_sink comp="227" pin=1"/></net>

<net id="235"><net_src comp="36" pin="0"/><net_sink comp="227" pin=2"/></net>

<net id="236"><net_src comp="18" pin="0"/><net_sink comp="227" pin=3"/></net>

<net id="240"><net_src comp="227" pin="4"/><net_sink comp="237" pin=0"/></net>

<net id="246"><net_src comp="38" pin="0"/><net_sink comp="241" pin=0"/></net>

<net id="247"><net_src comp="227" pin="4"/><net_sink comp="241" pin=1"/></net>

<net id="248"><net_src comp="40" pin="0"/><net_sink comp="241" pin=2"/></net>

<net id="253"><net_src comp="200" pin="2"/><net_sink comp="249" pin=0"/></net>

<net id="254"><net_src comp="241" pin="3"/><net_sink comp="249" pin=1"/></net>

<net id="255"><net_src comp="249" pin="2"/><net_sink comp="62" pin=4"/></net>

<net id="260"><net_src comp="62" pin="2"/><net_sink comp="256" pin=0"/></net>

<net id="261"><net_src comp="237" pin="1"/><net_sink comp="256" pin=1"/></net>

<net id="262"><net_src comp="256" pin="2"/><net_sink comp="62" pin=1"/></net>

<net id="267"><net_src comp="62" pin="2"/><net_sink comp="263" pin=0"/></net>

<net id="268"><net_src comp="42" pin="0"/><net_sink comp="263" pin=1"/></net>

<net id="273"><net_src comp="62" pin="2"/><net_sink comp="269" pin=0"/></net>

<net id="274"><net_src comp="44" pin="0"/><net_sink comp="269" pin=1"/></net>

<net id="279"><net_src comp="62" pin="2"/><net_sink comp="275" pin=0"/></net>

<net id="280"><net_src comp="62" pin="5"/><net_sink comp="275" pin=1"/></net>

<net id="285"><net_src comp="269" pin="2"/><net_sink comp="281" pin=0"/></net>

<net id="286"><net_src comp="263" pin="2"/><net_sink comp="281" pin=1"/></net>

<net id="291"><net_src comp="275" pin="2"/><net_sink comp="287" pin=0"/></net>

<net id="292"><net_src comp="281" pin="2"/><net_sink comp="287" pin=1"/></net>

<net id="298"><net_src comp="16" pin="0"/><net_sink comp="293" pin=0"/></net>

<net id="299"><net_src comp="287" pin="2"/><net_sink comp="293" pin=1"/></net>

<net id="300"><net_src comp="18" pin="0"/><net_sink comp="293" pin=2"/></net>

<net id="306"><net_src comp="293" pin="3"/><net_sink comp="301" pin=0"/></net>

<net id="307"><net_src comp="20" pin="0"/><net_sink comp="301" pin=1"/></net>

<net id="308"><net_src comp="2" pin="0"/><net_sink comp="301" pin=2"/></net>

<net id="313"><net_src comp="287" pin="2"/><net_sink comp="309" pin=0"/></net>

<net id="314"><net_src comp="301" pin="3"/><net_sink comp="309" pin=1"/></net>

<net id="321"><net_src comp="22" pin="0"/><net_sink comp="315" pin=0"/></net>

<net id="322"><net_src comp="309" pin="2"/><net_sink comp="315" pin=1"/></net>

<net id="323"><net_src comp="24" pin="0"/><net_sink comp="315" pin=2"/></net>

<net id="324"><net_src comp="18" pin="0"/><net_sink comp="315" pin=3"/></net>

<net id="333"><net_src comp="26" pin="0"/><net_sink comp="328" pin=0"/></net>

<net id="334"><net_src comp="28" pin="0"/><net_sink comp="328" pin=2"/></net>

<net id="339"><net_src comp="328" pin="3"/><net_sink comp="335" pin=1"/></net>

<net id="340"><net_src comp="335" pin="2"/><net_sink comp="62" pin=4"/></net>

<net id="345"><net_src comp="325" pin="1"/><net_sink comp="341" pin=0"/></net>

<net id="346"><net_src comp="62" pin="2"/><net_sink comp="341" pin=1"/></net>

<net id="347"><net_src comp="341" pin="2"/><net_sink comp="62" pin=1"/></net>

<net id="351"><net_src comp="46" pin="3"/><net_sink comp="348" pin=0"/></net>

<net id="352"><net_src comp="348" pin="1"/><net_sink comp="62" pin=3"/></net>

<net id="356"><net_src comp="54" pin="3"/><net_sink comp="353" pin=0"/></net>

<net id="357"><net_src comp="353" pin="1"/><net_sink comp="62" pin=0"/></net>

<net id="358"><net_src comp="353" pin="1"/><net_sink comp="62" pin=3"/></net>

<net id="365"><net_src comp="68" pin="3"/><net_sink comp="362" pin=0"/></net>

<net id="366"><net_src comp="362" pin="1"/><net_sink comp="62" pin=0"/></net>

<net id="367"><net_src comp="362" pin="1"/><net_sink comp="62" pin=3"/></net>

<net id="371"><net_src comp="76" pin="3"/><net_sink comp="368" pin=0"/></net>

<net id="372"><net_src comp="368" pin="1"/><net_sink comp="62" pin=3"/></net>

<net id="376"><net_src comp="161" pin="4"/><net_sink comp="373" pin=0"/></net>

<net id="377"><net_src comp="373" pin="1"/><net_sink comp="197" pin=0"/></net>

<net id="381"><net_src comp="62" pin="5"/><net_sink comp="378" pin=0"/></net>

<net id="382"><net_src comp="378" pin="1"/><net_sink comp="200" pin=0"/></net>

<net id="386"><net_src comp="186" pin="2"/><net_sink comp="383" pin=0"/></net>

<net id="387"><net_src comp="383" pin="1"/><net_sink comp="109" pin=2"/></net>

<net id="391"><net_src comp="87" pin="3"/><net_sink comp="388" pin=0"/></net>

<net id="392"><net_src comp="388" pin="1"/><net_sink comp="62" pin=0"/></net>

<net id="396"><net_src comp="287" pin="2"/><net_sink comp="393" pin=0"/></net>

<net id="397"><net_src comp="393" pin="1"/><net_sink comp="335" pin=0"/></net>

<net id="401"><net_src comp="315" pin="4"/><net_sink comp="398" pin=0"/></net>

<net id="402"><net_src comp="398" pin="1"/><net_sink comp="325" pin=0"/></net>

<net id="403"><net_src comp="398" pin="1"/><net_sink comp="328" pin=1"/></net>

<net id="407"><net_src comp="96" pin="3"/><net_sink comp="404" pin=0"/></net>

<net id="408"><net_src comp="404" pin="1"/><net_sink comp="62" pin=0"/></net>

</net_list>

</model> 
---------------- Datapath Model END ------------------

* FSMD analyzer results:
  - Output states:
	Port: output_r | {1 3 4 5 6 }
 - Input state : 
	Port: freduce_coefficients : output_r | {2 3 4 5 6 }
  - Chain level:
	State 1
		StgValue_9 : 1
	State 2
		tmp : 1
		StgValue_14 : 2
		tmp_s : 1
		output_addr_72 : 2
		output_load_23 : 3
		tmp_301 : 1
		tmp_302 : 1
		output_addr_73 : 2
		output_load : 3
	State 3
		tmp_396 : 1
		tmp_i_cast_cast : 2
		tmp_1064_i : 3
		tmp_397_i : 4
		tmp_299 : 5
		tmp_300 : 6
		StgValue_31 : 7
		tmp_305 : 1
		output_addr_74 : 2
		output_load_19 : 3
	State 4
		v_assign_7 : 1
		tmp_397 : 2
		tmp_i1_cast_cast : 3
		tmp_1066_i : 4
		tmp_399_i : 5
		over_7 : 6
		tmp_303 : 6
		tmp_304 : 7
		StgValue_46 : 8
		tmp_306 : 7
		StgValue_49 : 8
	State 5
		tmp_398 : 1
		tmp_399 : 1
		tmp2 : 1
		tmp3 : 1
		v_assign_8 : 2
		tmp_400 : 3
		tmp_i2_cast_cast : 4
		tmp_1064_i1 : 5
		tmp_397_i1 : 6
		output_load_22 : 1
	State 6
		tmp_308 : 1
		StgValue_68 : 2
		tmp_309 : 1
		StgValue_71 : 2


============================================================
+ Verbose Summary: Datapath Resource usage 
============================================================

* Functional unit list:
|----------|-------------------------|---------|---------|
| Operation|     Functional Unit     |    FF   |   LUT   |
|----------|-------------------------|---------|---------|
|          |    tmp_1064_i_fu_155    |    0    |    71   |
|          |        i_4_fu_186       |    0    |    12   |
|          |    v_assign_7_fu_200    |    0    |    71   |
|          |    tmp_1066_i_fu_221    |    0    |    71   |
|    add   |      tmp_306_fu_256     |    0    |    71   |
|          |       tmp2_fu_275       |    0    |    71   |
|          |       tmp3_fu_281       |    0    |    64   |
|          |    v_assign_8_fu_287    |    0    |    64   |
|          |    tmp_1064_i1_fu_309   |    0    |    71   |
|          |      tmp_309_fu_341     |    0    |    71   |
|----------|-------------------------|---------|---------|
|          |      tmp_300_fu_179     |    0    |    71   |
|    sub   |      tmp_304_fu_249     |    0    |    71   |
|          |      tmp_308_fu_335     |    0    |    71   |
|----------|-------------------------|---------|---------|
|          |  tmp_i_cast_cast_fu_147 |    0    |    64   |
|  select  | tmp_i1_cast_cast_fu_213 |    0    |    64   |
|          | tmp_i2_cast_cast_fu_301 |    0    |    64   |
|----------|-------------------------|---------|---------|
|   icmp   |        tmp_fu_117       |    0    |    2    |
|----------|-------------------------|---------|---------|
|          |       tmp_s_fu_123      |    0    |    0    |
|   zext   |      tmp_302_fu_134     |    0    |    0    |
|          |      tmp_305_fu_192     |    0    |    0    |
|----------|-------------------------|---------|---------|
|    or    |      tmp_301_fu_128     |    0    |    0    |
|----------|-------------------------|---------|---------|
|          |      tmp_396_fu_139     |    0    |    0    |
| bitselect|      tmp_397_fu_205     |    0    |    0    |
|          |      tmp_400_fu_293     |    0    |    0    |
|----------|-------------------------|---------|---------|
|          |     tmp_397_i_fu_161    |    0    |    0    |
|partselect|     tmp_399_i_fu_227    |    0    |    0    |
|          |    tmp_397_i1_fu_315    |    0    |    0    |
|----------|-------------------------|---------|---------|
|          |      tmp_299_fu_171     |    0    |    0    |
|bitconcatenate|      tmp_303_fu_241     |    0    |    0    |
|          |      tmp_307_fu_328     |    0    |    0    |
|----------|-------------------------|---------|---------|
|          |       over_fu_197       |    0    |    0    |
|   sext   |      over_7_fu_237      |    0    |    0    |
|          |      over_8_fu_325      |    0    |    0    |
|----------|-------------------------|---------|---------|
|    shl   |      tmp_398_fu_263     |    0    |    0    |
|          |      tmp_399_fu_269     |    0    |    0    |
|----------|-------------------------|---------|---------|
|   Total  |                         |    0    |   1044  |
|----------|-------------------------|---------|---------|

Memories:
N/A

* Register list:
+----------------------+--------+
|                      |   FF   |
+----------------------+--------+
|      i_4_reg_383     |    4   |
|       i_reg_105      |    4   |
|output_addr_71_reg_353|    5   |
|output_addr_72_reg_362|    5   |
|output_addr_73_reg_368|    5   |
|output_addr_74_reg_388|    5   |
|output_addr_75_reg_404|    5   |
|  output_addr_reg_348 |    5   |
|  output_load_reg_378 |   64   |
|  tmp_397_i1_reg_398  |   38   |
|   tmp_397_i_reg_373  |   38   |
|  v_assign_8_reg_393  |   64   |
+----------------------+--------+
|         Total        |   242  |
+----------------------+--------+

* Multiplexer (MUX) list: 
|------------------|------|------|------|--------||---------||---------|
|       Comp       |  Pin | Size |  BW  | S x BW ||  Delay  ||   LUT   |
|------------------|------|------|------|--------||---------||---------|
| grp_access_fu_62 |  p0  |   8  |   5  |   40   ||    41   |
| grp_access_fu_62 |  p1  |   3  |  64  |   192  ||    15   |
| grp_access_fu_62 |  p3  |   5  |   5  |   25   ||    27   |
| grp_access_fu_62 |  p4  |   4  |  64  |   256  ||    21   |
|     i_reg_105    |  p0  |   2  |   4  |    8   ||    9    |
|------------------|------|------|------|--------||---------||---------|
|       Total      |      |      |      |   521  ||  3.5457 ||   113   |
|------------------|------|------|------|--------||---------||---------|



* Summary:
+-----------+--------+--------+--------+
|           |  Delay |   FF   |   LUT  |
+-----------+--------+--------+--------+
|  Function |    -   |    0   |  1044  |
|   Memory  |    -   |    -   |    -   |
|Multiplexer|    3   |    -   |   113  |
|  Register |    -   |   242  |    -   |
+-----------+--------+--------+--------+
|   Total   |    3   |   242  |  1157  |
+-----------+--------+--------+--------+
