

================================================================
== Vivado HLS Report for 'crypto_sign_ed25519_16'
================================================================
* Date:           Sat Jun  3 22:30:23 2017

* Version:        2017.1 (Build 1846317 on Fri Apr 14 19:19:38 MDT 2017)
* Project:        ed25519_ref
* Solution:       solution1
* Product family: zynquplus
* Target device:  xczu9eg-ffvb1156-2-i


================================================================
== Performance Estimates
================================================================
+ Timing (ns): 
    * Summary: 
    +--------+-------+----------+------------+
    |  Clock | Target| Estimated| Uncertainty|
    +--------+-------+----------+------------+
    |ap_clk  |  10.00|      3.82|        1.25|
    +--------+-------+----------+------------+

+ Latency (clock cycles): 
    * Summary: 
    +-----+-----+-----+-----+---------+
    |  Latency  |  Interval | Pipeline|
    | min | max | min | max |   Type  |
    +-----+-----+-----+-----+---------+
    |  258|  258|  258|  258|   none  |
    +-----+-----+-----+-----+---------+

    + Detail: 
        * Instance: 
        N/A

        * Loop: 
        +----------+-----+-----+----------+-----------+-----------+------+----------+
        |          |  Latency  | Iteration|  Initiation Interval  | Trip |          |
        | Loop Name| min | max |  Latency |  achieved |   target  | Count| Pipelined|
        +----------+-----+-----+----------+-----------+-----------+------+----------+
        |- Loop 1  |   64|   64|         2|          -|          -|    32|    no    |
        |- Loop 2  |   62|   62|         2|          -|          -|    31|    no    |
        |- Loop 3  |   64|   64|         2|          -|          -|    32|    no    |
        |- Loop 4  |   64|   64|         2|          -|          -|    32|    no    |
        +----------+-----+-----+----------+-----------+-----------+------+----------+



================================================================
== Utilization Estimates
================================================================
* Summary: 
+-----------------+---------+-------+--------+--------+-----+
|       Name      | BRAM_18K| DSP48E|   FF   |   LUT  | URAM|
+-----------------+---------+-------+--------+--------+-----+
|DSP              |        -|      -|       -|       -|    -|
|Expression       |        -|      -|       0|     306|    -|
|FIFO             |        -|      -|       -|       -|    -|
|Instance         |        -|      -|       -|       -|    -|
|Memory           |        0|      -|      24|       8|    -|
|Multiplexer      |        -|      -|       -|     188|    -|
|Register         |        -|      -|     116|       -|    -|
+-----------------+---------+-------+--------+--------+-----+
|Total            |        0|      0|     140|     502|    0|
+-----------------+---------+-------+--------+--------+-----+
|Available        |     1824|   2520|  548160|  274080|    0|
+-----------------+---------+-------+--------+--------+-----+
|Utilization (%)  |        0|      0|   ~0   |   ~0   |    0|
+-----------------+---------+-------+--------+--------+-----+

+ Detail: 
    * Instance: 
    N/A

    * DSP48: 
    N/A

    * Memory: 
    +-------+------------------+---------+----+----+------+-----+------+-------------+
    | Memory|      Module      | BRAM_18K| FF | LUT| Words| Bits| Banks| W*Bits*Banks|
    +-------+------------------+---------+----+----+------+-----+------+-------------+
    |m_U    |reduce_add_sub_m  |        0|   8|   4|    32|    8|     1|          256|
    |t_U    |reduce_add_sub_t  |        0|  16|   4|    32|    8|     1|          256|
    +-------+------------------+---------+----+----+------+-----+------+-------------+
    |Total  |                  |        0|  24|   8|    64|   16|     2|          512|
    +-------+------------------+---------+----+----+------+-----+------+-------------+

    * FIFO: 
    N/A

    * Expression: 
    +------------------------------+----------+-------+---+----+------------+------------+
    |         Variable Name        | Operation| DSP48E| FF| LUT| Bitwidth P0| Bitwidth P1|
    +------------------------------+----------+-------+---+----+------------+------------+
    |i_49_fu_205_p2                |     +    |      0|  0|  15|           6|           1|
    |i_50_fu_230_p2                |     +    |      0|  0|  15|           5|           1|
    |i_51_fu_282_p2                |     +    |      0|  0|  15|           6|           1|
    |i_52_fu_359_p2                |     +    |      0|  0|  15|           6|           1|
    |pb_fu_305_p2                  |     +    |      0|  0|  15|           8|           8|
    |r_v_d1                        |     +    |      0|  0|  39|          32|          32|
    |tmp_s_fu_217_p2               |     +    |      0|  0|  39|          32|          32|
    |x_3_fu_315_p2                 |     -    |      0|  0|  39|          32|          32|
    |tmp_767_i_fu_381_p2           |    and   |      0|  0|  32|          32|          32|
    |exitcond1_fu_199_p2           |   icmp   |      0|  0|   4|           6|           7|
    |exitcond2_i_fu_276_p2         |   icmp   |      0|  0|   4|           6|           7|
    |exitcond_fu_224_p2            |   icmp   |      0|  0|   2|           5|           2|
    |exitcond_i_fu_353_p2          |   icmp   |      0|  0|   4|           6|           7|
    |phitmp_i_cast_cast_fu_340_p3  |  select  |      0|  0|   2|           1|           2|
    |phitmp_i_fu_334_p2            |    xor   |      0|  0|   2|           1|           2|
    |tmp_766_i_fu_375_p2           |    xor   |      0|  0|  32|          32|          32|
    |tmp_768_i_fu_386_p2           |    xor   |      0|  0|  32|          32|          32|
    +------------------------------+----------+-------+---+----+------------+------------+
    |Total                         |          |      0|  0| 306|         248|         231|
    +------------------------------+----------+-------+---+----+------------+------------+

    * Multiplexer: 
    +---------------+----+-----------+-----+-----------+
    |      Name     | LUT| Input Size| Bits| Total Bits|
    +---------------+----+-----------+-----+-----------+
    |ap_NS_fsm      |  47|         10|    1|         10|
    |i_1_i_reg_188  |   9|          2|    6|         12|
    |i_1_reg_154    |   9|          2|    5|         10|
    |i_i_reg_177    |   9|          2|    6|         12|
    |i_reg_143      |   9|          2|    6|         12|
    |pb_i_reg_165   |   9|          2|    1|          2|
    |r_v_address0   |  33|          6|    5|         30|
    |r_v_address1   |  27|          5|    5|         25|
    |r_v_d0         |  21|          4|   32|        128|
    |t_address0     |  15|          3|    5|         15|
    +---------------+----+-----------+-----+-----------+
    |Total          | 188|         38|   72|        256|
    +---------------+----+-----------+-----+-----------+

    * Register: 
    +---------------------+----+----+-----+-----------+
    |         Name        | FF | LUT| Bits| Const Bits|
    +---------------------+----+----+-----+-----------+
    |ap_CS_fsm            |   9|   0|    9|          0|
    |i_1_i_reg_188        |   6|   0|    6|          0|
    |i_1_reg_154          |   5|   0|    5|          0|
    |i_49_reg_396         |   6|   0|    6|          0|
    |i_50_reg_414         |   5|   0|    5|          0|
    |i_51_reg_438         |   6|   0|    6|          0|
    |i_52_reg_471         |   6|   0|    6|          0|
    |i_i_reg_177          |   6|   0|    6|          0|
    |i_reg_143            |   6|   0|    6|          0|
    |mask_cast_reg_458    |  32|   0|   32|          0|
    |mask_fu_50           |   2|   0|    2|          0|
    |pb_i_reg_165         |   1|   0|    1|          0|
    |r_v_addr_18_reg_419  |   5|   0|    5|          0|
    |r_v_addr_19_reg_424  |   5|   0|    5|          0|
    |r_v_addr_21_reg_476  |   5|   0|    5|          0|
    |r_v_addr_reg_401     |   5|   0|    5|          0|
    |tmp_i_reg_443        |   6|   0|   64|         58|
    +---------------------+----+----+-----+-----------+
    |Total                | 116|   0|  174|         58|
    +---------------------+----+----+-----+-----------+



================================================================
== Interface
================================================================
* Summary: 
+--------------+-----+-----+------------+-------------------------+--------------+
|   RTL Ports  | Dir | Bits|  Protocol  |      Source Object      |    C Type    |
+--------------+-----+-----+------------+-------------------------+--------------+
|ap_clk        |  in |    1| ap_ctrl_hs | crypto_sign_ed25519_.16 | return value |
|ap_rst        |  in |    1| ap_ctrl_hs | crypto_sign_ed25519_.16 | return value |
|ap_start      |  in |    1| ap_ctrl_hs | crypto_sign_ed25519_.16 | return value |
|ap_done       | out |    1| ap_ctrl_hs | crypto_sign_ed25519_.16 | return value |
|ap_idle       | out |    1| ap_ctrl_hs | crypto_sign_ed25519_.16 | return value |
|ap_ready      | out |    1| ap_ctrl_hs | crypto_sign_ed25519_.16 | return value |
|r_v_address0  | out |    5|  ap_memory |           r_v           |     array    |
|r_v_ce0       | out |    1|  ap_memory |           r_v           |     array    |
|r_v_we0       | out |    1|  ap_memory |           r_v           |     array    |
|r_v_d0        | out |   32|  ap_memory |           r_v           |     array    |
|r_v_q0        |  in |   32|  ap_memory |           r_v           |     array    |
|r_v_address1  | out |    5|  ap_memory |           r_v           |     array    |
|r_v_ce1       | out |    1|  ap_memory |           r_v           |     array    |
|r_v_we1       | out |    1|  ap_memory |           r_v           |     array    |
|r_v_d1        | out |   32|  ap_memory |           r_v           |     array    |
|r_v_q1        |  in |   32|  ap_memory |           r_v           |     array    |
|y_v_address0  | out |    5|  ap_memory |           y_v           |     array    |
|y_v_ce0       | out |    1|  ap_memory |           y_v           |     array    |
|y_v_q0        |  in |   32|  ap_memory |           y_v           |     array    |
+--------------+-----+-----+------------+-------------------------+--------------+

