

================================================================
== Vivado HLS Report for 'update'
================================================================
* Date:           Mon May  1 20:16:18 2017

* Version:        2017.1 (Build 1846317 on Fri Apr 14 19:19:38 MDT 2017)
* Project:        sha256_stream
* Solution:       solution1
* Product family: zynquplus
* Target device:  xczu9eg-ffvb1156-1-i-es1


================================================================
== Performance Estimates
================================================================
+ Timing (ns): 
    * Summary: 
    +--------+-------+----------+------------+
    |  Clock | Target| Estimated| Uncertainty|
    +--------+-------+----------+------------+
    |ap_clk  |  10.00|      4.73|        1.25|
    +--------+-------+----------+------------+

+ Latency (clock cycles): 
    * Summary: 
    +-----+------+-----+------+---------+
    |   Latency  |  Interval  | Pipeline|
    | min |  max | min |  max |   Type  |
    +-----+------+-----+------+---------+
    |    2|  2488|    2|  2488|   none  |
    +-----+------+-----+------+---------+

    + Detail: 
        * Instance: 
        +------------------------+-------------+-----+------+-----+------+---------+
        |                        |             |   Latency  |  Interval  | Pipeline|
        |        Instance        |    Module   | min |  max | min |  max |   Type  |
        +------------------------+-------------+-----+------+-----+------+---------+
        |grp_transform_1_fu_152  |transform_1  |    1|   743|    1|   743|   none  |
        |grp_transform_fu_164    |transform    |  743|  1485|  743|  1485|   none  |
        +------------------------+-------------+-----+------+-----+------+---------+

        * Loop: 
        +----------+-----+-----+----------+-----------+-----------+--------+----------+
        |          |  Latency  | Iteration|  Initiation Interval  |  Trip  |          |
        | Loop Name| min | max |  Latency |  achieved |   target  |  Count | Pipelined|
        +----------+-----+-----+----------+-----------+-----------+--------+----------+
        |- Loop 1  |    0|  128|         2|          -|          -| 0 ~ 64 |    no    |
        |- Loop 2  |    0|  126|         2|          -|          -| 0 ~ 63 |    no    |
        +----------+-----+-----+----------+-----------+-----------+--------+----------+



================================================================
== Utilization Estimates
================================================================
* Summary: 
+-----------------+---------+-------+--------+--------+-----+
|       Name      | BRAM_18K| DSP48E|   FF   |   LUT  | URAM|
+-----------------+---------+-------+--------+--------+-----+
|DSP              |        -|      -|       -|       -|    -|
|Expression       |        -|      -|       0|     231|    -|
|FIFO             |        -|      -|       -|       -|    -|
|Instance         |       10|      -|     972|    2984|    -|
|Memory           |        -|      -|       -|       -|    -|
|Multiplexer      |        -|      -|       -|     251|    -|
|Register         |        -|      -|     160|       -|    -|
+-----------------+---------+-------+--------+--------+-----+
|Total            |       10|      0|    1132|    3466|    0|
+-----------------+---------+-------+--------+--------+-----+
|Available        |     1824|   2520|  548160|  274080|    0|
+-----------------+---------+-------+--------+--------+-----+
|Utilization (%)  |    ~0   |      0|   ~0   |       1|    0|
+-----------------+---------+-------+--------+--------+-----+

+ Detail: 
    * Instance: 
    +------------------------+-------------+---------+-------+-----+------+
    |        Instance        |    Module   | BRAM_18K| DSP48E|  FF |  LUT |
    +------------------------+-------------+---------+-------+-----+------+
    |grp_transform_fu_164    |transform    |        5|      0|  483|  1471|
    |grp_transform_1_fu_152  |transform_1  |        5|      0|  489|  1513|
    +------------------------+-------------+---------+-------+-----+------+
    |Total                   |             |       10|      0|  972|  2984|
    +------------------------+-------------+---------+-------+-----+------+

    * DSP48: 
    N/A

    * Memory: 
    N/A

    * FIFO: 
    N/A

    * Expression: 
    +-----------------------+----------+-------+---+----+------------+------------+
    |     Variable Name     | Operation| DSP48E| FF| LUT| Bitwidth P0| Bitwidth P1|
    +-----------------------+----------+-------+---+----+------------+------------+
    |i_1_fu_278_p2          |     +    |      0|  0|  15|           6|           1|
    |i_fu_209_p2            |     +    |      0|  0|  15|           7|           1|
    |sum3_i_fu_297_p2       |     +    |      0|  0|  15|           8|           8|
    |sum_i_fu_224_p2        |     +    |      0|  0|  16|           9|           9|
    |tmp1_fu_288_p2         |     +    |      0|  0|  15|           7|           7|
    |tmp_4_fu_307_p2        |     +    |      0|  0|  15|           8|           7|
    |tmp_6_fu_334_p2        |     +    |      0|  0|  39|          32|          32|
    |new_len_fu_241_p2      |     -    |      0|  0|  15|           8|           7|
    |tmp_len_fu_176_p2      |     -    |      0|  0|  39|           7|          32|
    |exitcond_i2_fu_273_p2  |   icmp   |      0|  0|   3|           6|           6|
    |exitcond_i_fu_204_p2   |   icmp   |      0|  0|   4|           7|           7|
    |tmp_9_fu_229_p2        |   icmp   |      0|  0|  16|          32|           8|
    |tmp_fu_186_p2          |   icmp   |      0|  0|  16|          32|           7|
    |rem_len_fu_192_p3      |  select  |      0|  0|   8|           1|           8|
    +-----------------------+----------+-------+---+----+------------+------------+
    |Total                  |          |      0|  0| 231|         170|         140|
    +-----------------------+----------+-------+---+----+------------+------------+

    * Multiplexer: 
    +------------------------------+----+-----------+-----+-----------+
    |             Name             | LUT| Input Size| Bits| Total Bits|
    +------------------------------+----+-----------+-----+-----------+
    |SHA256_m_block_address0       |  21|          4|    7|         28|
    |SHA256_m_block_ce0            |  15|          3|    1|          3|
    |SHA256_m_block_ce1            |   9|          2|    1|          2|
    |SHA256_m_h_address0           |  15|          3|    3|          9|
    |SHA256_m_h_ce0                |  15|          3|    1|          3|
    |SHA256_m_h_d0                 |  15|          3|   32|         96|
    |SHA256_m_h_we0                |  15|          3|    1|          3|
    |SHA256_m_len_write_a_reg_143  |   9|          2|    6|         12|
    |SHA256_m_tot_len_reg_134      |   9|          2|   32|         64|
    |ap_NS_fsm                     |  47|         10|    1|         10|
    |ap_return_0                   |   9|          2|   32|         64|
    |ap_return_1                   |   9|          2|    6|         12|
    |i_i1_reg_122                  |   9|          2|    6|         12|
    |i_i_reg_111                   |   9|          2|    7|         14|
    |message_address0              |  21|          4|    6|         24|
    |message_ce0                   |  15|          3|    1|          3|
    |message_ce1                   |   9|          2|    1|          2|
    +------------------------------+----+-----------+-----+-----------+
    |Total                         | 251|         52|  144|        361|
    +------------------------------+----+-----------+-----+-----------+

    * Register: 
    +----------------------------------------+----+----+-----+-----------+
    |                  Name                  | FF | LUT| Bits| Const Bits|
    +----------------------------------------+----+----+-----+-----------+
    |SHA256_m_len_write_a_reg_143            |   6|   0|    6|          0|
    |SHA256_m_tot_len_reg_134                |  32|   0|   32|          0|
    |ap_CS_fsm                               |   9|   0|    9|          0|
    |ap_reg_grp_transform_1_fu_152_ap_start  |   1|   0|    1|          0|
    |ap_reg_grp_transform_fu_164_ap_start    |   1|   0|    1|          0|
    |ap_return_0_preg                        |  32|   0|   32|          0|
    |ap_return_1_preg                        |   6|   0|   32|         26|
    |i_1_reg_441                             |   6|   0|    6|          0|
    |i_i1_reg_122                            |   6|   0|    6|          0|
    |i_i_reg_111                             |   7|   0|    7|          0|
    |i_reg_388                               |   7|   0|    7|          0|
    |new_len_cast3_reg_428                   |   7|   0|    8|          1|
    |new_len_reg_411                         |   7|   0|    7|          0|
    |rem_len_1_reg_416                       |   6|   0|    6|          0|
    |rem_len_reg_372                         |   7|   0|    7|          0|
    |sum_i_reg_398                           |   9|   0|    9|          0|
    |tmp_11_reg_422                          |   1|   0|    1|          0|
    |tmp_3_cast_reg_433                      |   1|   0|    8|          7|
    |tmp_3_reg_380                           |   9|   0|    9|          0|
    +----------------------------------------+----+----+-----+-----------+
    |Total                                   | 160|   0|  194|         34|
    +----------------------------------------+----+----+-----+-----------+



================================================================
== Interface
================================================================
* Summary: 
+-------------------------+-----+-----+------------+-----------------------+--------------+
|        RTL Ports        | Dir | Bits|  Protocol  |     Source Object     |    C Type    |
+-------------------------+-----+-----+------------+-----------------------+--------------+
|ap_clk                   |  in |    1| ap_ctrl_hs |         update        | return value |
|ap_rst                   |  in |    1| ap_ctrl_hs |         update        | return value |
|ap_start                 |  in |    1| ap_ctrl_hs |         update        | return value |
|ap_done                  | out |    1| ap_ctrl_hs |         update        | return value |
|ap_idle                  | out |    1| ap_ctrl_hs |         update        | return value |
|ap_ready                 | out |    1| ap_ctrl_hs |         update        | return value |
|ap_return_0              | out |   32| ap_ctrl_hs |         update        | return value |
|ap_return_1              | out |   32| ap_ctrl_hs |         update        | return value |
|SHA256_m_tot_len_read    |  in |   32|   ap_none  | SHA256_m_tot_len_read |    scalar    |
|SHA256_m_len_read        |  in |   32|   ap_none  |   SHA256_m_len_read   |    scalar    |
|SHA256_m_block_address0  | out |    7|  ap_memory |     SHA256_m_block    |     array    |
|SHA256_m_block_ce0       | out |    1|  ap_memory |     SHA256_m_block    |     array    |
|SHA256_m_block_we0       | out |    1|  ap_memory |     SHA256_m_block    |     array    |
|SHA256_m_block_d0        | out |    8|  ap_memory |     SHA256_m_block    |     array    |
|SHA256_m_block_q0        |  in |    8|  ap_memory |     SHA256_m_block    |     array    |
|SHA256_m_block_address1  | out |    7|  ap_memory |     SHA256_m_block    |     array    |
|SHA256_m_block_ce1       | out |    1|  ap_memory |     SHA256_m_block    |     array    |
|SHA256_m_block_q1        |  in |    8|  ap_memory |     SHA256_m_block    |     array    |
|SHA256_m_h_address0      | out |    3|  ap_memory |       SHA256_m_h      |     array    |
|SHA256_m_h_ce0           | out |    1|  ap_memory |       SHA256_m_h      |     array    |
|SHA256_m_h_we0           | out |    1|  ap_memory |       SHA256_m_h      |     array    |
|SHA256_m_h_d0            | out |   32|  ap_memory |       SHA256_m_h      |     array    |
|SHA256_m_h_q0            |  in |   32|  ap_memory |       SHA256_m_h      |     array    |
|message_address0         | out |    6|  ap_memory |        message        |     array    |
|message_ce0              | out |    1|  ap_memory |        message        |     array    |
|message_q0               |  in |    8|  ap_memory |        message        |     array    |
|message_address1         | out |    6|  ap_memory |        message        |     array    |
|message_ce1              | out |    1|  ap_memory |        message        |     array    |
|message_q1               |  in |    8|  ap_memory |        message        |     array    |
+-------------------------+-----+-----+------------+-----------------------+--------------+

============================================================
+ Verbose Summary: Synthesis Manager
============================================================
InlineROM: 1
ExposeGlobal: 0
============================================================
+ Verbose Summary: CDFG Model
============================================================
IsTopModel: 0
ResetActiveHigh: 1
IsCombinational: 2
IsDatapathOnly: 2
HasWiredReturn: 1
HasMFsm: 0
HasVarLatency: 1
IsPipeline: 0
IsRtlPipelined: 0
IsInstanceOverlapped: 0
IsDontTouch: 0
HasImplIP: 0
IsGatedGlobalClock: 0


============================================================
+ Verbose Summary: Schedule
============================================================
* Number of FSM states: 9
* Pipeline: 0
* Dataflow Pipeline: 0

* FSM state transitions: 
1 --> 
	2  / true
2 --> 
	3  / (!exitcond_i)
	4  / (exitcond_i & !tmp_9)
	9  / (exitcond_i & tmp_9)
3 --> 
	2  / true
4 --> 
	5  / true
5 --> 
	6  / true
6 --> 
	7  / true
7 --> 
	8  / (!exitcond_i2)
	9  / (exitcond_i2)
8 --> 
	7  / true
9 --> 
* FSM state operations: 

 <State 1>: 2.40ns
ST_1: SHA256_m_len_read_1 (7)  [1/1] 0.00ns
:0  %SHA256_m_len_read_1 = call i32 @_ssdm_op_Read.ap_auto.i32(i32 %SHA256_m_len_read)

ST_1: SHA256_m_tot_len_rea (8)  [1/1] 0.00ns
:1  %SHA256_m_tot_len_rea = call i32 @_ssdm_op_Read.ap_auto.i32(i32 %SHA256_m_tot_len_read)

ST_1: tmp_len (9)  [1/1] 1.58ns  loc: sha256_stream/src/sha256_stream.cpp:92
:2  %tmp_len = sub i32 64, %SHA256_m_len_read_1

ST_1: tmp_1 (10)  [1/1] 0.00ns  loc: sha256_stream/src/sha256_stream.cpp:92
:3  %tmp_1 = trunc i32 %tmp_len to i7

ST_1: tmp (11)  [1/1] 0.72ns  loc: sha256_stream/src/sha256_stream.cpp:93
:4  %tmp = icmp ugt i32 %tmp_len, 64

ST_1: rem_len (12)  [1/1] 0.10ns  loc: sha256_stream/src/sha256_stream.cpp:93
:5  %rem_len = select i1 %tmp, i7 -64, i7 %tmp_1

ST_1: tmp_3 (13)  [1/1] 0.00ns  loc: sha256_stream/src/sha256_stream.cpp:3->sha256_stream/src/sha256_stream.cpp:94
:6  %tmp_3 = trunc i32 %SHA256_m_len_read_1 to i9

ST_1: StgValue_17 (14)  [1/1] 0.76ns  loc: sha256_stream/src/sha256_stream.cpp:5->sha256_stream/src/sha256_stream.cpp:94
:7  br label %1


 <State 2>: 1.30ns
ST_2: i_i (16)  [1/1] 0.00ns
:0  %i_i = phi i7 [ 0, %0 ], [ %i, %2 ]

ST_2: exitcond_i (17)  [1/1] 0.66ns  loc: sha256_stream/src/sha256_stream.cpp:5->sha256_stream/src/sha256_stream.cpp:94
:1  %exitcond_i = icmp eq i7 %i_i, %rem_len

ST_2: empty (18)  [1/1] 0.00ns
:2  %empty = call i32 (...)* @_ssdm_op_SpecLoopTripCount(i64 0, i64 64, i64 0)

ST_2: i (19)  [1/1] 1.27ns  loc: sha256_stream/src/sha256_stream.cpp:5->sha256_stream/src/sha256_stream.cpp:94
:3  %i = add i7 %i_i, 1

ST_2: StgValue_22 (20)  [1/1] 0.00ns  loc: sha256_stream/src/sha256_stream.cpp:5->sha256_stream/src/sha256_stream.cpp:94
:4  br i1 %exitcond_i, label %_memcpy.exit, label %2

ST_2: tmp_i (22)  [1/1] 0.00ns  loc: sha256_stream/src/sha256_stream.cpp:6->sha256_stream/src/sha256_stream.cpp:94
:0  %tmp_i = zext i7 %i_i to i64

ST_2: tmp_i_cast (23)  [1/1] 0.00ns  loc: sha256_stream/src/sha256_stream.cpp:6->sha256_stream/src/sha256_stream.cpp:94
:1  %tmp_i_cast = zext i7 %i_i to i9

ST_2: message_addr (24)  [1/1] 0.00ns  loc: sha256_stream/src/sha256_stream.cpp:6->sha256_stream/src/sha256_stream.cpp:94
:2  %message_addr = getelementptr [64 x i8]* %message, i64 0, i64 %tmp_i

ST_2: message_load (25)  [2/2] 0.79ns  loc: sha256_stream/src/sha256_stream.cpp:6->sha256_stream/src/sha256_stream.cpp:94
:3  %message_load = load i8* %message_addr, align 1

ST_2: sum_i (26)  [1/1] 1.30ns  loc: sha256_stream/src/sha256_stream.cpp:3->sha256_stream/src/sha256_stream.cpp:94
:4  %sum_i = add i9 %tmp_3, %tmp_i_cast

ST_2: tmp_9 (32)  [1/1] 0.72ns  loc: sha256_stream/src/sha256_stream.cpp:95
_memcpy.exit:0  %tmp_9 = icmp ugt i32 %SHA256_m_len_read_1, -65

ST_2: StgValue_29 (33)  [1/1] 0.00ns  loc: sha256_stream/src/sha256_stream.cpp:95
_memcpy.exit:1  br i1 %tmp_9, label %3, label %4

ST_2: StgValue_30 (38)  [2/2] 0.00ns  loc: sha256_stream/src/sha256_stream.cpp:102
:3  call fastcc void @transform([8 x i32]* %SHA256_m_h, [128 x i8]* %SHA256_m_block, i2 1)

ST_2: tmp_8 (70)  [1/1] 0.00ns  loc: sha256_stream/src/sha256_stream.cpp:96
:0  %tmp_8 = trunc i32 %SHA256_m_len_read_1 to i6

ST_2: StgValue_32 (71)  [1/1] 0.76ns  loc: sha256_stream/src/sha256_stream.cpp:97
:1  br label %7


 <State 3>: 2.14ns
ST_3: message_load (25)  [1/2] 0.79ns  loc: sha256_stream/src/sha256_stream.cpp:6->sha256_stream/src/sha256_stream.cpp:94
:3  %message_load = load i8* %message_addr, align 1

ST_3: sum_i_cast (27)  [1/1] 0.00ns  loc: sha256_stream/src/sha256_stream.cpp:3->sha256_stream/src/sha256_stream.cpp:94
:5  %sum_i_cast = zext i9 %sum_i to i64

ST_3: SHA256_m_block_addr (28)  [1/1] 0.00ns  loc: sha256_stream/src/sha256_stream.cpp:6->sha256_stream/src/sha256_stream.cpp:94
:6  %SHA256_m_block_addr = getelementptr [128 x i8]* %SHA256_m_block, i64 0, i64 %sum_i_cast

ST_3: StgValue_36 (29)  [1/1] 1.35ns  loc: sha256_stream/src/sha256_stream.cpp:6->sha256_stream/src/sha256_stream.cpp:94
:7  store i8 %message_load, i8* %SHA256_m_block_addr, align 1

ST_3: StgValue_37 (30)  [1/1] 0.00ns  loc: sha256_stream/src/sha256_stream.cpp:5->sha256_stream/src/sha256_stream.cpp:94
:8  br label %1


 <State 4>: 0.00ns
ST_4: StgValue_38 (38)  [1/2] 0.00ns  loc: sha256_stream/src/sha256_stream.cpp:102
:3  call fastcc void @transform([8 x i32]* %SHA256_m_h, [128 x i8]* %SHA256_m_block, i2 1)


 <State 5>: 1.27ns
ST_5: new_len (35)  [1/1] 1.27ns  loc: sha256_stream/src/sha256_stream.cpp:99
:0  %new_len = sub i7 -64, %rem_len

ST_5: rem_len_1 (37)  [1/1] 0.00ns  loc: sha256_stream/src/sha256_stream.cpp:99
:2  %rem_len_1 = trunc i7 %new_len to i6

ST_5: tmp_11 (39)  [1/1] 0.00ns  loc: sha256_stream/src/sha256_stream.cpp:103
:4  %tmp_11 = call i1 @_ssdm_op_BitSelect.i1.i7.i32(i7 %new_len, i32 6)

ST_5: StgValue_42 (40)  [2/2] 0.00ns  loc: sha256_stream/src/sha256_stream.cpp:103
:5  call fastcc void @transform.1([8 x i32]* %SHA256_m_h, [64 x i8]* %message, i7 %rem_len, i1 %tmp_11)


 <State 6>: 0.76ns
ST_6: new_len_cast3 (36)  [1/1] 0.00ns  loc: sha256_stream/src/sha256_stream.cpp:99
:1  %new_len_cast3 = zext i7 %new_len to i8

ST_6: StgValue_44 (40)  [1/2] 0.00ns  loc: sha256_stream/src/sha256_stream.cpp:103
:5  call fastcc void @transform.1([8 x i32]* %SHA256_m_h, [64 x i8]* %message, i7 %rem_len, i1 %tmp_11)

ST_6: tmp_2 (41)  [1/1] 0.00ns  loc: sha256_stream/src/sha256_stream.cpp:105
:6  %tmp_2 = call i7 @_ssdm_op_BitConcatenate.i7.i1.i6(i1 %tmp_11, i6 0)

ST_6: tmp_3_cast (42)  [1/1] 0.00ns  loc: sha256_stream/src/sha256_stream.cpp:3->sha256_stream/src/sha256_stream.cpp:105
:7  %tmp_3_cast = zext i7 %tmp_2 to i8

ST_6: StgValue_47 (43)  [1/1] 0.76ns  loc: sha256_stream/src/sha256_stream.cpp:5->sha256_stream/src/sha256_stream.cpp:105
:8  br label %5


 <State 7>: 3.62ns
ST_7: i_i1 (45)  [1/1] 0.00ns
:0  %i_i1 = phi i6 [ 0, %4 ], [ %i_1, %6 ]

ST_7: exitcond_i2 (46)  [1/1] 0.84ns  loc: sha256_stream/src/sha256_stream.cpp:5->sha256_stream/src/sha256_stream.cpp:105
:1  %exitcond_i2 = icmp eq i6 %i_i1, %rem_len_1

ST_7: empty_13 (47)  [1/1] 0.00ns
:2  %empty_13 = call i32 (...)* @_ssdm_op_SpecLoopTripCount(i64 0, i64 63, i64 0)

ST_7: i_1 (48)  [1/1] 1.26ns  loc: sha256_stream/src/sha256_stream.cpp:5->sha256_stream/src/sha256_stream.cpp:105
:3  %i_1 = add i6 %i_i1, 1

ST_7: StgValue_52 (49)  [1/1] 0.00ns  loc: sha256_stream/src/sha256_stream.cpp:5->sha256_stream/src/sha256_stream.cpp:105
:4  br i1 %exitcond_i2, label %_memcpy.exit8, label %6

ST_7: tmp_i3_cast (52)  [1/1] 0.00ns  loc: sha256_stream/src/sha256_stream.cpp:5->sha256_stream/src/sha256_stream.cpp:105
:1  %tmp_i3_cast = zext i6 %i_i1 to i7

ST_7: tmp1 (53)  [1/1] 1.27ns  loc: sha256_stream/src/sha256_stream.cpp:93
:2  %tmp1 = add i7 %rem_len, %tmp_i3_cast

ST_7: tmp1_cast (54)  [1/1] 0.00ns  loc: sha256_stream/src/sha256_stream.cpp:93
:3  %tmp1_cast = zext i7 %tmp1 to i8

ST_7: sum3_i (55)  [1/1] 1.27ns  loc: sha256_stream/src/sha256_stream.cpp:93
:4  %sum3_i = add i8 %tmp1_cast, %tmp_3_cast

ST_7: sum3_i_cast (56)  [1/1] 0.00ns  loc: sha256_stream/src/sha256_stream.cpp:93
:5  %sum3_i_cast = zext i8 %sum3_i to i64

ST_7: message_addr_1 (57)  [1/1] 0.00ns  loc: sha256_stream/src/sha256_stream.cpp:6->sha256_stream/src/sha256_stream.cpp:105
:6  %message_addr_1 = getelementptr [64 x i8]* %message, i64 0, i64 %sum3_i_cast

ST_7: message_load_1 (58)  [2/2] 0.79ns  loc: sha256_stream/src/sha256_stream.cpp:6->sha256_stream/src/sha256_stream.cpp:105
:7  %message_load_1 = load i8* %message_addr_1, align 1

ST_7: tmp_4 (63)  [1/1] 1.28ns  loc: sha256_stream/src/sha256_stream.cpp:107
_memcpy.exit8:0  %tmp_4 = add i8 %new_len_cast3, 64

ST_7: tmp_7 (64)  [1/1] 0.00ns  loc: sha256_stream/src/sha256_stream.cpp:107
_memcpy.exit8:1  %tmp_7 = call i2 @_ssdm_op_PartSelect.i2.i8.i32.i32(i8 %tmp_4, i32 6, i32 7)

ST_7: tmp_5 (65)  [1/1] 0.00ns  loc: sha256_stream/src/sha256_stream.cpp:107
_memcpy.exit8:2  %tmp_5 = call i8 @_ssdm_op_BitConcatenate.i8.i2.i6(i2 %tmp_7, i6 0)

ST_7: tmp_5_cast (66)  [1/1] 0.00ns  loc: sha256_stream/src/sha256_stream.cpp:107
_memcpy.exit8:3  %tmp_5_cast = zext i8 %tmp_5 to i32

ST_7: tmp_6 (67)  [1/1] 1.58ns  loc: sha256_stream/src/sha256_stream.cpp:107
_memcpy.exit8:4  %tmp_6 = add i32 %tmp_5_cast, %SHA256_m_tot_len_rea

ST_7: StgValue_65 (68)  [1/1] 0.76ns  loc: sha256_stream/src/sha256_stream.cpp:108
_memcpy.exit8:5  br label %7


 <State 8>: 2.14ns
ST_8: tmp_i3 (51)  [1/1] 0.00ns  loc: sha256_stream/src/sha256_stream.cpp:6->sha256_stream/src/sha256_stream.cpp:105
:0  %tmp_i3 = zext i6 %i_i1 to i64

ST_8: message_load_1 (58)  [1/2] 0.79ns  loc: sha256_stream/src/sha256_stream.cpp:6->sha256_stream/src/sha256_stream.cpp:105
:7  %message_load_1 = load i8* %message_addr_1, align 1

ST_8: SHA256_m_block_addr_1 (59)  [1/1] 0.00ns  loc: sha256_stream/src/sha256_stream.cpp:6->sha256_stream/src/sha256_stream.cpp:105
:8  %SHA256_m_block_addr_1 = getelementptr [128 x i8]* %SHA256_m_block, i64 0, i64 %tmp_i3

ST_8: StgValue_69 (60)  [1/1] 1.35ns  loc: sha256_stream/src/sha256_stream.cpp:6->sha256_stream/src/sha256_stream.cpp:105
:9  store i8 %message_load_1, i8* %SHA256_m_block_addr_1, align 1

ST_8: StgValue_70 (61)  [1/1] 0.00ns  loc: sha256_stream/src/sha256_stream.cpp:5->sha256_stream/src/sha256_stream.cpp:105
:10  br label %5


 <State 9>: 0.00ns
ST_9: SHA256_m_tot_len (73)  [1/1] 0.00ns  loc: sha256_stream/src/sha256_stream.cpp:107
:0  %SHA256_m_tot_len = phi i32 [ %SHA256_m_tot_len_rea, %3 ], [ %tmp_6, %_memcpy.exit8 ]

ST_9: SHA256_m_len_write_a (74)  [1/1] 0.00ns
:1  %SHA256_m_len_write_a = phi i6 [ %tmp_8, %3 ], [ %rem_len_1, %_memcpy.exit8 ]

ST_9: SHA256_m_len_write_a_1 (75)  [1/1] 0.00ns  loc: sha256_stream/src/sha256_stream.cpp:87
:2  %SHA256_m_len_write_a_1 = zext i6 %SHA256_m_len_write_a to i32

ST_9: mrv (76)  [1/1] 0.00ns  loc: sha256_stream/src/sha256_stream.cpp:108
:3  %mrv = insertvalue { i32, i32 } undef, i32 %SHA256_m_tot_len, 0

ST_9: mrv_1 (77)  [1/1] 0.00ns  loc: sha256_stream/src/sha256_stream.cpp:108
:4  %mrv_1 = insertvalue { i32, i32 } %mrv, i32 %SHA256_m_len_write_a_1, 1

ST_9: StgValue_76 (78)  [1/1] 0.00ns  loc: sha256_stream/src/sha256_stream.cpp:108
:5  ret { i32, i32 } %mrv_1



============================================================
+ Verbose Summary: Binding
============================================================
STG Binding: 
---------------- STG Properties BEGIN ----------------
- Is combinational: 0
- Is one-state seq: 0
- Is datapath-only: 0
- Is pipelined: 0
- Is top level: 0
Port [ Return ] is wired: 1; IO mode=ap_ctrl_hs:ce=0
Port [ SHA256_m_tot_len_read]:  wired=1; compound=0; hidden=0; nouse=0; global=0; static=0; extern=0; dir=0; type=0; pingpong=0; private_global=0; IO mode=ap_none:ce=0
Port [ SHA256_m_len_read]:  wired=1; compound=0; hidden=0; nouse=0; global=0; static=0; extern=0; dir=0; type=0; pingpong=0; private_global=0; IO mode=ap_none:ce=0
Port [ SHA256_m_block]:  wired=1; compound=1; hidden=0; nouse=0; global=0; static=0; extern=0; dir=2; type=1; pingpong=0; private_global=0; MemPort=[21]; IO mode=ap_memory:ce=0
Port [ SHA256_m_h]:  wired=1; compound=1; hidden=0; nouse=0; global=0; static=0; extern=0; dir=2; type=1; pingpong=0; private_global=0; MemPort=[23]; IO mode=ap_memory:ce=0
Port [ message]:  wired=1; compound=1; hidden=0; nouse=0; global=0; static=0; extern=0; dir=0; type=1; pingpong=0; private_global=0; MemPort=[11]; IO mode=ap_memory:ce=0
Port [ SHA256_sha256_k]:  wired=0; compound=1; hidden=1; nouse=1; global=1; static=0; extern=0; dir=0; type=1; pingpong=0; private_global=0; linkage=0; visibility=0; MemPort=[1]; IO mode=ap_memory:ce=0
---------------- STG Properties END ------------------

---------------- Datapath Model BEGIN ----------------

<LifeTime>
<method=bitvector/>
SHA256_m_len_read_1    (read             ) [ 0011000000]
SHA256_m_tot_len_rea   (read             ) [ 0011111111]
tmp_len                (sub              ) [ 0000000000]
tmp_1                  (trunc            ) [ 0000000000]
tmp                    (icmp             ) [ 0000000000]
rem_len                (select           ) [ 0011111110]
tmp_3                  (trunc            ) [ 0011000000]
StgValue_17            (br               ) [ 0111000000]
i_i                    (phi              ) [ 0010000000]
exitcond_i             (icmp             ) [ 0011000000]
empty                  (speclooptripcount) [ 0000000000]
i                      (add              ) [ 0111000000]
StgValue_22            (br               ) [ 0000000000]
tmp_i                  (zext             ) [ 0000000000]
tmp_i_cast             (zext             ) [ 0000000000]
message_addr           (getelementptr    ) [ 0001000000]
sum_i                  (add              ) [ 0001000000]
tmp_9                  (icmp             ) [ 0011000000]
StgValue_29            (br               ) [ 0000000000]
tmp_8                  (trunc            ) [ 0011111111]
StgValue_32            (br               ) [ 0011111111]
message_load           (load             ) [ 0000000000]
sum_i_cast             (zext             ) [ 0000000000]
SHA256_m_block_addr    (getelementptr    ) [ 0000000000]
StgValue_36            (store            ) [ 0000000000]
StgValue_37            (br               ) [ 0111000000]
StgValue_38            (call             ) [ 0000000000]
new_len                (sub              ) [ 0000001000]
rem_len_1              (trunc            ) [ 0010001111]
tmp_11                 (bitselect        ) [ 0000001000]
new_len_cast3          (zext             ) [ 0000000110]
StgValue_44            (call             ) [ 0000000000]
tmp_2                  (bitconcatenate   ) [ 0000000000]
tmp_3_cast             (zext             ) [ 0000000110]
StgValue_47            (br               ) [ 0000001110]
i_i1                   (phi              ) [ 0000000110]
exitcond_i2            (icmp             ) [ 0000000110]
empty_13               (speclooptripcount) [ 0000000000]
i_1                    (add              ) [ 0000001110]
StgValue_52            (br               ) [ 0000000000]
tmp_i3_cast            (zext             ) [ 0000000000]
tmp1                   (add              ) [ 0000000000]
tmp1_cast              (zext             ) [ 0000000000]
sum3_i                 (add              ) [ 0000000000]
sum3_i_cast            (zext             ) [ 0000000000]
message_addr_1         (getelementptr    ) [ 0000000010]
tmp_4                  (add              ) [ 0000000000]
tmp_7                  (partselect       ) [ 0000000000]
tmp_5                  (bitconcatenate   ) [ 0000000000]
tmp_5_cast             (zext             ) [ 0000000000]
tmp_6                  (add              ) [ 0010000111]
StgValue_65            (br               ) [ 0010000111]
tmp_i3                 (zext             ) [ 0000000000]
message_load_1         (load             ) [ 0000000000]
SHA256_m_block_addr_1  (getelementptr    ) [ 0000000000]
StgValue_69            (store            ) [ 0000000000]
StgValue_70            (br               ) [ 0000001110]
SHA256_m_tot_len       (phi              ) [ 0000000001]
SHA256_m_len_write_a   (phi              ) [ 0000000001]
SHA256_m_len_write_a_1 (zext             ) [ 0000000000]
mrv                    (insertvalue      ) [ 0000000000]
mrv_1                  (insertvalue      ) [ 0000000000]
StgValue_76            (ret              ) [ 0000000000]
</LifeTime>

<model>

<comp_list>
<comp id="0" class="1000" name="SHA256_m_tot_len_read">
<pin_list>
<pin id="1" dir="1" index="0" bw="1" slack="0"/>
</pin_list>
<bind>
<StgValue><ssdm name="SHA256_m_tot_len_read"/></StgValue>
</bind>
</comp>

<comp id="2" class="1000" name="SHA256_m_len_read">
<pin_list>
<pin id="3" dir="1" index="0" bw="1" slack="0"/>
</pin_list>
<bind>
<StgValue><ssdm name="SHA256_m_len_read"/></StgValue>
</bind>
</comp>

<comp id="4" class="1000" name="SHA256_m_block">
<pin_list>
<pin id="5" dir="1" index="0" bw="1" slack="0"/>
</pin_list>
<bind>
<StgValue><ssdm name="SHA256_m_block"/><MemPortTyVec>2 1 </MemPortTyVec>
</StgValue>
</bind>
</comp>

<comp id="6" class="1000" name="SHA256_m_h">
<pin_list>
<pin id="7" dir="1" index="0" bw="1" slack="0"/>
</pin_list>
<bind>
<StgValue><ssdm name="SHA256_m_h"/><MemPortTyVec>2 3 </MemPortTyVec>
</StgValue>
</bind>
</comp>

<comp id="8" class="1000" name="message">
<pin_list>
<pin id="9" dir="1" index="0" bw="1" slack="0"/>
</pin_list>
<bind>
<StgValue><ssdm name="message"/><MemPortTyVec>1 1 </MemPortTyVec>
</StgValue>
</bind>
</comp>

<comp id="10" class="1000" name="SHA256_sha256_k">
<pin_list>
<pin id="11" dir="1" index="0" bw="1" slack="0"/>
</pin_list>
<bind>
<StgValue><ssdm name="SHA256_sha256_k"/><MemPortTyVec>1 </MemPortTyVec>
</StgValue>
</bind>
</comp>

<comp id="12" class="1001" name="const_12">
<pin_list>
<pin id="13" dir="1" index="0" bw="1" slack="0"/>
</pin_list>
<bind>
<StgValue><ssdm name="_ssdm_op_Read.ap_auto.i32"/></StgValue>
</bind>
</comp>

<comp id="14" class="1001" name="const_14">
<pin_list>
<pin id="15" dir="1" index="0" bw="1" slack="0"/>
</pin_list>
<bind>
<StgValue><ssdm name=""/></StgValue>
</bind>
</comp>

<comp id="16" class="1001" name="const_16">
<pin_list>
<pin id="17" dir="1" index="0" bw="1" slack="0"/>
</pin_list>
<bind>
<StgValue><ssdm name=""/></StgValue>
</bind>
</comp>

<comp id="18" class="1001" name="const_18">
<pin_list>
<pin id="19" dir="1" index="0" bw="1" slack="1"/>
</pin_list>
<bind>
<StgValue><ssdm name=""/></StgValue>
</bind>
</comp>

<comp id="20" class="1001" name="const_20">
<pin_list>
<pin id="21" dir="1" index="0" bw="1" slack="2147483647"/>
</pin_list>
<bind>
<StgValue><ssdm name="_ssdm_op_SpecLoopTripCount"/></StgValue>
</bind>
</comp>

<comp id="22" class="1001" name="const_22">
<pin_list>
<pin id="23" dir="1" index="0" bw="1" slack="0"/>
</pin_list>
<bind>
<StgValue><ssdm name=""/></StgValue>
</bind>
</comp>

<comp id="24" class="1001" name="const_24">
<pin_list>
<pin id="25" dir="1" index="0" bw="1" slack="2147483647"/>
</pin_list>
<bind>
<StgValue><ssdm name=""/></StgValue>
</bind>
</comp>

<comp id="26" class="1001" name="const_26">
<pin_list>
<pin id="27" dir="1" index="0" bw="1" slack="0"/>
</pin_list>
<bind>
<StgValue><ssdm name=""/></StgValue>
</bind>
</comp>

<comp id="28" class="1001" name="const_28">
<pin_list>
<pin id="29" dir="1" index="0" bw="1" slack="0"/>
</pin_list>
<bind>
<StgValue><ssdm name=""/></StgValue>
</bind>
</comp>

<comp id="30" class="1001" name="const_30">
<pin_list>
<pin id="31" dir="1" index="0" bw="1" slack="0"/>
</pin_list>
<bind>
<StgValue><ssdm name="transform"/></StgValue>
</bind>
</comp>

<comp id="32" class="1001" name="const_32">
<pin_list>
<pin id="33" dir="1" index="0" bw="1" slack="0"/>
</pin_list>
<bind>
<StgValue><ssdm name=""/></StgValue>
</bind>
</comp>

<comp id="34" class="1001" name="const_34">
<pin_list>
<pin id="35" dir="1" index="0" bw="1" slack="0"/>
</pin_list>
<bind>
<StgValue><ssdm name="_ssdm_op_BitSelect.i1.i7.i32"/></StgValue>
</bind>
</comp>

<comp id="36" class="1001" name="const_36">
<pin_list>
<pin id="37" dir="1" index="0" bw="1" slack="0"/>
</pin_list>
<bind>
<StgValue><ssdm name=""/></StgValue>
</bind>
</comp>

<comp id="38" class="1001" name="const_38">
<pin_list>
<pin id="39" dir="1" index="0" bw="1" slack="0"/>
</pin_list>
<bind>
<StgValue><ssdm name="transform.1"/></StgValue>
</bind>
</comp>

<comp id="40" class="1001" name="const_40">
<pin_list>
<pin id="41" dir="1" index="0" bw="1" slack="0"/>
</pin_list>
<bind>
<StgValue><ssdm name="_ssdm_op_BitConcatenate.i7.i1.i6"/></StgValue>
</bind>
</comp>

<comp id="42" class="1001" name="const_42">
<pin_list>
<pin id="43" dir="1" index="0" bw="1" slack="0"/>
</pin_list>
<bind>
<StgValue><ssdm name=""/></StgValue>
</bind>
</comp>

<comp id="44" class="1001" name="const_44">
<pin_list>
<pin id="45" dir="1" index="0" bw="1" slack="2147483647"/>
</pin_list>
<bind>
<StgValue><ssdm name=""/></StgValue>
</bind>
</comp>

<comp id="46" class="1001" name="const_46">
<pin_list>
<pin id="47" dir="1" index="0" bw="1" slack="0"/>
</pin_list>
<bind>
<StgValue><ssdm name=""/></StgValue>
</bind>
</comp>

<comp id="48" class="1001" name="const_48">
<pin_list>
<pin id="49" dir="1" index="0" bw="1" slack="0"/>
</pin_list>
<bind>
<StgValue><ssdm name=""/></StgValue>
</bind>
</comp>

<comp id="50" class="1001" name="const_50">
<pin_list>
<pin id="51" dir="1" index="0" bw="1" slack="0"/>
</pin_list>
<bind>
<StgValue><ssdm name="_ssdm_op_PartSelect.i2.i8.i32.i32"/></StgValue>
</bind>
</comp>

<comp id="52" class="1001" name="const_52">
<pin_list>
<pin id="53" dir="1" index="0" bw="1" slack="0"/>
</pin_list>
<bind>
<StgValue><ssdm name=""/></StgValue>
</bind>
</comp>

<comp id="54" class="1001" name="const_54">
<pin_list>
<pin id="55" dir="1" index="0" bw="1" slack="0"/>
</pin_list>
<bind>
<StgValue><ssdm name="_ssdm_op_BitConcatenate.i8.i2.i6"/></StgValue>
</bind>
</comp>

<comp id="56" class="1001" name="const_56">
<pin_list>
<pin id="57" dir="1" index="0" bw="1" slack="0"/>
</pin_list>
<bind>
<StgValue><ssdm name=""/></StgValue>
</bind>
</comp>

<comp id="58" class="1004" name="SHA256_m_len_read_1_read_fu_58">
<pin_list>
<pin id="59" dir="0" index="0" bw="32" slack="0"/>
<pin id="60" dir="0" index="1" bw="32" slack="0"/>
<pin id="61" dir="1" index="2" bw="32" slack="0"/>
</pin_list>
<bind>
<opcode="read(1150) " fcode="read"/>
<opset="SHA256_m_len_read_1/1 "/>
</bind>
</comp>

<comp id="64" class="1004" name="SHA256_m_tot_len_rea_read_fu_64">
<pin_list>
<pin id="65" dir="0" index="0" bw="32" slack="0"/>
<pin id="66" dir="0" index="1" bw="32" slack="0"/>
<pin id="67" dir="1" index="2" bw="32" slack="5"/>
</pin_list>
<bind>
<opcode="read(1150) " fcode="read"/>
<opset="SHA256_m_tot_len_rea/1 "/>
</bind>
</comp>

<comp id="70" class="1004" name="message_addr_gep_fu_70">
<pin_list>
<pin id="71" dir="0" index="0" bw="8" slack="0"/>
<pin id="72" dir="0" index="1" bw="1" slack="0"/>
<pin id="73" dir="0" index="2" bw="7" slack="0"/>
<pin id="74" dir="1" index="3" bw="6" slack="0"/>
</pin_list>
<bind>
<opcode="getelementptr(29) " fcode="getelementptr"/>
<opset="message_addr/2 "/>
</bind>
</comp>

<comp id="77" class="1004" name="grp_access_fu_77">
<pin_list>
<pin id="78" dir="0" index="0" bw="6" slack="0"/>
<pin id="79" dir="0" index="1" bw="8" slack="2147483647"/>
<pin id="80" dir="1" index="2" bw="8" slack="0"/>
</pin_list>
<bind>
<opcode="load(27) " fcode="load"/>
<opset="message_load/2 message_load_1/7 "/>
</bind>
</comp>

<comp id="82" class="1004" name="SHA256_m_block_addr_gep_fu_82">
<pin_list>
<pin id="83" dir="0" index="0" bw="8" slack="0"/>
<pin id="84" dir="0" index="1" bw="1" slack="0"/>
<pin id="85" dir="0" index="2" bw="9" slack="0"/>
<pin id="86" dir="1" index="3" bw="7" slack="0"/>
</pin_list>
<bind>
<opcode="getelementptr(29) " fcode="getelementptr"/>
<opset="SHA256_m_block_addr/3 "/>
</bind>
</comp>

<comp id="89" class="1004" name="grp_access_fu_89">
<pin_list>
<pin id="90" dir="0" index="0" bw="7" slack="0"/>
<pin id="91" dir="0" index="1" bw="8" slack="0"/>
<pin id="92" dir="1" index="2" bw="8" slack="2147483647"/>
</pin_list>
<bind>
<opcode="store(28) " fcode="store"/>
<opset="StgValue_36/3 StgValue_69/8 "/>
</bind>
</comp>

<comp id="95" class="1004" name="message_addr_1_gep_fu_95">
<pin_list>
<pin id="96" dir="0" index="0" bw="8" slack="0"/>
<pin id="97" dir="0" index="1" bw="1" slack="0"/>
<pin id="98" dir="0" index="2" bw="8" slack="0"/>
<pin id="99" dir="1" index="3" bw="6" slack="0"/>
</pin_list>
<bind>
<opcode="getelementptr(29) " fcode="getelementptr"/>
<opset="message_addr_1/7 "/>
</bind>
</comp>

<comp id="103" class="1004" name="SHA256_m_block_addr_1_gep_fu_103">
<pin_list>
<pin id="104" dir="0" index="0" bw="8" slack="0"/>
<pin id="105" dir="0" index="1" bw="1" slack="0"/>
<pin id="106" dir="0" index="2" bw="6" slack="0"/>
<pin id="107" dir="1" index="3" bw="7" slack="0"/>
</pin_list>
<bind>
<opcode="getelementptr(29) " fcode="getelementptr"/>
<opset="SHA256_m_block_addr_1/8 "/>
</bind>
</comp>

<comp id="111" class="1005" name="i_i_reg_111">
<pin_list>
<pin id="112" dir="0" index="0" bw="7" slack="1"/>
<pin id="113" dir="1" index="1" bw="7" slack="1"/>
</pin_list>
<bind>
<opset="i_i (phireg) "/>
</bind>
</comp>

<comp id="115" class="1004" name="i_i_phi_fu_115">
<pin_list>
<pin id="116" dir="0" index="0" bw="1" slack="1"/>
<pin id="117" dir="0" index="1" bw="0" slack="2147483647"/>
<pin id="118" dir="0" index="2" bw="7" slack="0"/>
<pin id="119" dir="0" index="3" bw="0" slack="2147483647"/>
<pin id="120" dir="1" index="4" bw="7" slack="0"/>
</pin_list>
<bind>
<opcode="phi(47) " fcode="phi"/>
<opset="i_i/2 "/>
</bind>
</comp>

<comp id="122" class="1005" name="i_i1_reg_122">
<pin_list>
<pin id="123" dir="0" index="0" bw="6" slack="1"/>
<pin id="124" dir="1" index="1" bw="6" slack="1"/>
</pin_list>
<bind>
<opset="i_i1 (phireg) "/>
</bind>
</comp>

<comp id="126" class="1004" name="i_i1_phi_fu_126">
<pin_list>
<pin id="127" dir="0" index="0" bw="1" slack="1"/>
<pin id="128" dir="0" index="1" bw="0" slack="2147483647"/>
<pin id="129" dir="0" index="2" bw="6" slack="0"/>
<pin id="130" dir="0" index="3" bw="0" slack="2147483647"/>
<pin id="131" dir="1" index="4" bw="6" slack="0"/>
</pin_list>
<bind>
<opcode="phi(47) " fcode="phi"/>
<opset="i_i1/7 "/>
</bind>
</comp>

<comp id="134" class="1005" name="SHA256_m_tot_len_reg_134">
<pin_list>
<pin id="135" dir="0" index="0" bw="32" slack="2147483647"/>
<pin id="136" dir="1" index="1" bw="32" slack="2147483647"/>
</pin_list>
<bind>
<opset="SHA256_m_tot_len (phireg) "/>
</bind>
</comp>

<comp id="137" class="1004" name="SHA256_m_tot_len_phi_fu_137">
<pin_list>
<pin id="138" dir="0" index="0" bw="32" slack="6"/>
<pin id="139" dir="0" index="1" bw="0" slack="2147483647"/>
<pin id="140" dir="0" index="2" bw="32" slack="1"/>
<pin id="141" dir="0" index="3" bw="0" slack="2147483647"/>
<pin id="142" dir="1" index="4" bw="32" slack="0"/>
</pin_list>
<bind>
<opcode="phi(47) " fcode="phi"/>
<opset="SHA256_m_tot_len/9 "/>
</bind>
</comp>

<comp id="143" class="1005" name="SHA256_m_len_write_a_reg_143">
<pin_list>
<pin id="144" dir="0" index="0" bw="6" slack="2147483647"/>
<pin id="145" dir="1" index="1" bw="6" slack="2147483647"/>
</pin_list>
<bind>
<opset="SHA256_m_len_write_a (phireg) "/>
</bind>
</comp>

<comp id="146" class="1004" name="SHA256_m_len_write_a_phi_fu_146">
<pin_list>
<pin id="147" dir="0" index="0" bw="6" slack="5"/>
<pin id="148" dir="0" index="1" bw="0" slack="2147483647"/>
<pin id="149" dir="0" index="2" bw="6" slack="3"/>
<pin id="150" dir="0" index="3" bw="0" slack="2147483647"/>
<pin id="151" dir="1" index="4" bw="6" slack="0"/>
</pin_list>
<bind>
<opcode="phi(47) " fcode="phi"/>
<opset="SHA256_m_len_write_a/9 "/>
</bind>
</comp>

<comp id="152" class="1004" name="grp_transform_1_fu_152">
<pin_list>
<pin id="153" dir="0" index="0" bw="0" slack="0"/>
<pin id="154" dir="0" index="1" bw="32" slack="0"/>
<pin id="155" dir="0" index="2" bw="8" slack="0"/>
<pin id="156" dir="0" index="3" bw="7" slack="3"/>
<pin id="157" dir="0" index="4" bw="1" slack="0"/>
<pin id="158" dir="0" index="5" bw="32" slack="0"/>
<pin id="159" dir="1" index="6" bw="0" slack="2147483647"/>
</pin_list>
<bind>
<opcode="call(48) " fcode="call"/>
<opset="StgValue_42/5 "/>
</bind>
</comp>

<comp id="164" class="1004" name="grp_transform_fu_164">
<pin_list>
<pin id="165" dir="0" index="0" bw="0" slack="0"/>
<pin id="166" dir="0" index="1" bw="32" slack="0"/>
<pin id="167" dir="0" index="2" bw="8" slack="0"/>
<pin id="168" dir="0" index="3" bw="1" slack="0"/>
<pin id="169" dir="0" index="4" bw="32" slack="0"/>
<pin id="170" dir="1" index="5" bw="0" slack="2147483647"/>
</pin_list>
<bind>
<opcode="call(48) " fcode="call"/>
<opset="StgValue_30/2 "/>
</bind>
</comp>

<comp id="176" class="1004" name="tmp_len_fu_176">
<pin_list>
<pin id="177" dir="0" index="0" bw="8" slack="0"/>
<pin id="178" dir="0" index="1" bw="32" slack="0"/>
<pin id="179" dir="1" index="2" bw="32" slack="0"/>
</pin_list>
<bind>
<opcode="sub(10) " fcode="sub"/>
<opset="tmp_len/1 "/>
</bind>
</comp>

<comp id="182" class="1004" name="tmp_1_fu_182">
<pin_list>
<pin id="183" dir="0" index="0" bw="32" slack="0"/>
<pin id="184" dir="1" index="1" bw="7" slack="0"/>
</pin_list>
<bind>
<opcode="trunc(33) " fcode="trunc"/>
<opset="tmp_1/1 "/>
</bind>
</comp>

<comp id="186" class="1004" name="tmp_fu_186">
<pin_list>
<pin id="187" dir="0" index="0" bw="32" slack="0"/>
<pin id="188" dir="0" index="1" bw="32" slack="0"/>
<pin id="189" dir="1" index="2" bw="1" slack="0"/>
</pin_list>
<bind>
<opcode="icmp(45) " fcode="icmp"/>
<opset="tmp/1 "/>
</bind>
</comp>

<comp id="192" class="1004" name="rem_len_fu_192">
<pin_list>
<pin id="193" dir="0" index="0" bw="1" slack="0"/>
<pin id="194" dir="0" index="1" bw="7" slack="0"/>
<pin id="195" dir="0" index="2" bw="7" slack="0"/>
<pin id="196" dir="1" index="3" bw="7" slack="1"/>
</pin_list>
<bind>
<opcode="select(49) " fcode="select"/>
<opset="rem_len/1 "/>
</bind>
</comp>

<comp id="200" class="1004" name="tmp_3_fu_200">
<pin_list>
<pin id="201" dir="0" index="0" bw="32" slack="0"/>
<pin id="202" dir="1" index="1" bw="9" slack="1"/>
</pin_list>
<bind>
<opcode="trunc(33) " fcode="trunc"/>
<opset="tmp_3/1 "/>
</bind>
</comp>

<comp id="204" class="1004" name="exitcond_i_fu_204">
<pin_list>
<pin id="205" dir="0" index="0" bw="7" slack="0"/>
<pin id="206" dir="0" index="1" bw="7" slack="1"/>
<pin id="207" dir="1" index="2" bw="1" slack="2147483647"/>
</pin_list>
<bind>
<opcode="icmp(45) " fcode="icmp"/>
<opset="exitcond_i/2 "/>
</bind>
</comp>

<comp id="209" class="1004" name="i_fu_209">
<pin_list>
<pin id="210" dir="0" index="0" bw="7" slack="0"/>
<pin id="211" dir="0" index="1" bw="1" slack="0"/>
<pin id="212" dir="1" index="2" bw="7" slack="0"/>
</pin_list>
<bind>
<opcode="add(8) " fcode="add"/>
<opset="i/2 "/>
</bind>
</comp>

<comp id="215" class="1004" name="tmp_i_fu_215">
<pin_list>
<pin id="216" dir="0" index="0" bw="7" slack="0"/>
<pin id="217" dir="1" index="1" bw="64" slack="0"/>
</pin_list>
<bind>
<opcode="zext(34) " fcode="zext"/>
<opset="tmp_i/2 "/>
</bind>
</comp>

<comp id="220" class="1004" name="tmp_i_cast_fu_220">
<pin_list>
<pin id="221" dir="0" index="0" bw="7" slack="0"/>
<pin id="222" dir="1" index="1" bw="9" slack="0"/>
</pin_list>
<bind>
<opcode="zext(34) " fcode="zext"/>
<opset="tmp_i_cast/2 "/>
</bind>
</comp>

<comp id="224" class="1004" name="sum_i_fu_224">
<pin_list>
<pin id="225" dir="0" index="0" bw="9" slack="1"/>
<pin id="226" dir="0" index="1" bw="7" slack="0"/>
<pin id="227" dir="1" index="2" bw="9" slack="1"/>
</pin_list>
<bind>
<opcode="add(8) " fcode="add"/>
<opset="sum_i/2 "/>
</bind>
</comp>

<comp id="229" class="1004" name="tmp_9_fu_229">
<pin_list>
<pin id="230" dir="0" index="0" bw="32" slack="1"/>
<pin id="231" dir="0" index="1" bw="32" slack="0"/>
<pin id="232" dir="1" index="2" bw="1" slack="2147483647"/>
</pin_list>
<bind>
<opcode="icmp(45) " fcode="icmp"/>
<opset="tmp_9/2 "/>
</bind>
</comp>

<comp id="234" class="1004" name="tmp_8_fu_234">
<pin_list>
<pin id="235" dir="0" index="0" bw="32" slack="1"/>
<pin id="236" dir="1" index="1" bw="6" slack="5"/>
</pin_list>
<bind>
<opcode="trunc(33) " fcode="trunc"/>
<opset="tmp_8/2 "/>
</bind>
</comp>

<comp id="237" class="1004" name="sum_i_cast_fu_237">
<pin_list>
<pin id="238" dir="0" index="0" bw="9" slack="1"/>
<pin id="239" dir="1" index="1" bw="64" slack="0"/>
</pin_list>
<bind>
<opcode="zext(34) " fcode="zext"/>
<opset="sum_i_cast/3 "/>
</bind>
</comp>

<comp id="241" class="1004" name="new_len_fu_241">
<pin_list>
<pin id="242" dir="0" index="0" bw="7" slack="0"/>
<pin id="243" dir="0" index="1" bw="7" slack="3"/>
<pin id="244" dir="1" index="2" bw="7" slack="0"/>
</pin_list>
<bind>
<opcode="sub(10) " fcode="sub"/>
<opset="new_len/5 "/>
</bind>
</comp>

<comp id="246" class="1004" name="rem_len_1_fu_246">
<pin_list>
<pin id="247" dir="0" index="0" bw="7" slack="0"/>
<pin id="248" dir="1" index="1" bw="6" slack="2"/>
</pin_list>
<bind>
<opcode="trunc(33) " fcode="trunc"/>
<opset="rem_len_1/5 "/>
</bind>
</comp>

<comp id="250" class="1004" name="tmp_11_fu_250">
<pin_list>
<pin id="251" dir="0" index="0" bw="1" slack="0"/>
<pin id="252" dir="0" index="1" bw="7" slack="0"/>
<pin id="253" dir="0" index="2" bw="4" slack="0"/>
<pin id="254" dir="1" index="3" bw="1" slack="0"/>
</pin_list>
<bind>
<opcode="bitselect(1000) " fcode="bitselect"/>
<opset="tmp_11/5 "/>
</bind>
</comp>

<comp id="259" class="1004" name="new_len_cast3_fu_259">
<pin_list>
<pin id="260" dir="0" index="0" bw="7" slack="1"/>
<pin id="261" dir="1" index="1" bw="8" slack="1"/>
</pin_list>
<bind>
<opcode="zext(34) " fcode="zext"/>
<opset="new_len_cast3/6 "/>
</bind>
</comp>

<comp id="262" class="1004" name="tmp_2_fu_262">
<pin_list>
<pin id="263" dir="0" index="0" bw="7" slack="0"/>
<pin id="264" dir="0" index="1" bw="1" slack="1"/>
<pin id="265" dir="0" index="2" bw="1" slack="0"/>
<pin id="266" dir="1" index="3" bw="7" slack="0"/>
</pin_list>
<bind>
<opcode="bitconcatenate(1004) " fcode="bitconcatenate"/>
<opset="tmp_2/6 "/>
</bind>
</comp>

<comp id="269" class="1004" name="tmp_3_cast_fu_269">
<pin_list>
<pin id="270" dir="0" index="0" bw="7" slack="0"/>
<pin id="271" dir="1" index="1" bw="8" slack="1"/>
</pin_list>
<bind>
<opcode="zext(34) " fcode="zext"/>
<opset="tmp_3_cast/6 "/>
</bind>
</comp>

<comp id="273" class="1004" name="exitcond_i2_fu_273">
<pin_list>
<pin id="274" dir="0" index="0" bw="6" slack="0"/>
<pin id="275" dir="0" index="1" bw="6" slack="2"/>
<pin id="276" dir="1" index="2" bw="1" slack="2147483647"/>
</pin_list>
<bind>
<opcode="icmp(45) " fcode="icmp"/>
<opset="exitcond_i2/7 "/>
</bind>
</comp>

<comp id="278" class="1004" name="i_1_fu_278">
<pin_list>
<pin id="279" dir="0" index="0" bw="6" slack="0"/>
<pin id="280" dir="0" index="1" bw="1" slack="0"/>
<pin id="281" dir="1" index="2" bw="6" slack="0"/>
</pin_list>
<bind>
<opcode="add(8) " fcode="add"/>
<opset="i_1/7 "/>
</bind>
</comp>

<comp id="284" class="1004" name="tmp_i3_cast_fu_284">
<pin_list>
<pin id="285" dir="0" index="0" bw="6" slack="0"/>
<pin id="286" dir="1" index="1" bw="7" slack="0"/>
</pin_list>
<bind>
<opcode="zext(34) " fcode="zext"/>
<opset="tmp_i3_cast/7 "/>
</bind>
</comp>

<comp id="288" class="1004" name="tmp1_fu_288">
<pin_list>
<pin id="289" dir="0" index="0" bw="7" slack="5"/>
<pin id="290" dir="0" index="1" bw="6" slack="0"/>
<pin id="291" dir="1" index="2" bw="7" slack="0"/>
</pin_list>
<bind>
<opcode="add(8) " fcode="add"/>
<opset="tmp1/7 "/>
</bind>
</comp>

<comp id="293" class="1004" name="tmp1_cast_fu_293">
<pin_list>
<pin id="294" dir="0" index="0" bw="7" slack="0"/>
<pin id="295" dir="1" index="1" bw="8" slack="0"/>
</pin_list>
<bind>
<opcode="zext(34) " fcode="zext"/>
<opset="tmp1_cast/7 "/>
</bind>
</comp>

<comp id="297" class="1004" name="sum3_i_fu_297">
<pin_list>
<pin id="298" dir="0" index="0" bw="7" slack="0"/>
<pin id="299" dir="0" index="1" bw="7" slack="1"/>
<pin id="300" dir="1" index="2" bw="8" slack="0"/>
</pin_list>
<bind>
<opcode="add(8) " fcode="add"/>
<opset="sum3_i/7 "/>
</bind>
</comp>

<comp id="302" class="1004" name="sum3_i_cast_fu_302">
<pin_list>
<pin id="303" dir="0" index="0" bw="8" slack="0"/>
<pin id="304" dir="1" index="1" bw="64" slack="0"/>
</pin_list>
<bind>
<opcode="zext(34) " fcode="zext"/>
<opset="sum3_i_cast/7 "/>
</bind>
</comp>

<comp id="307" class="1004" name="tmp_4_fu_307">
<pin_list>
<pin id="308" dir="0" index="0" bw="7" slack="1"/>
<pin id="309" dir="0" index="1" bw="8" slack="0"/>
<pin id="310" dir="1" index="2" bw="8" slack="0"/>
</pin_list>
<bind>
<opcode="add(8) " fcode="add"/>
<opset="tmp_4/7 "/>
</bind>
</comp>

<comp id="312" class="1004" name="tmp_7_fu_312">
<pin_list>
<pin id="313" dir="0" index="0" bw="2" slack="0"/>
<pin id="314" dir="0" index="1" bw="8" slack="0"/>
<pin id="315" dir="0" index="2" bw="4" slack="0"/>
<pin id="316" dir="0" index="3" bw="4" slack="0"/>
<pin id="317" dir="1" index="4" bw="2" slack="0"/>
</pin_list>
<bind>
<opcode="partselect(1002) " fcode="partselect"/>
<opset="tmp_7/7 "/>
</bind>
</comp>

<comp id="322" class="1004" name="tmp_5_fu_322">
<pin_list>
<pin id="323" dir="0" index="0" bw="8" slack="0"/>
<pin id="324" dir="0" index="1" bw="2" slack="0"/>
<pin id="325" dir="0" index="2" bw="1" slack="0"/>
<pin id="326" dir="1" index="3" bw="8" slack="0"/>
</pin_list>
<bind>
<opcode="bitconcatenate(1004) " fcode="bitconcatenate"/>
<opset="tmp_5/7 "/>
</bind>
</comp>

<comp id="330" class="1004" name="tmp_5_cast_fu_330">
<pin_list>
<pin id="331" dir="0" index="0" bw="8" slack="0"/>
<pin id="332" dir="1" index="1" bw="32" slack="0"/>
</pin_list>
<bind>
<opcode="zext(34) " fcode="zext"/>
<opset="tmp_5_cast/7 "/>
</bind>
</comp>

<comp id="334" class="1004" name="tmp_6_fu_334">
<pin_list>
<pin id="335" dir="0" index="0" bw="8" slack="0"/>
<pin id="336" dir="0" index="1" bw="32" slack="5"/>
<pin id="337" dir="1" index="2" bw="32" slack="1"/>
</pin_list>
<bind>
<opcode="add(8) " fcode="add"/>
<opset="tmp_6/7 "/>
</bind>
</comp>

<comp id="339" class="1004" name="tmp_i3_fu_339">
<pin_list>
<pin id="340" dir="0" index="0" bw="6" slack="1"/>
<pin id="341" dir="1" index="1" bw="64" slack="0"/>
</pin_list>
<bind>
<opcode="zext(34) " fcode="zext"/>
<opset="tmp_i3/8 "/>
</bind>
</comp>

<comp id="344" class="1004" name="SHA256_m_len_write_a_1_fu_344">
<pin_list>
<pin id="345" dir="0" index="0" bw="6" slack="0"/>
<pin id="346" dir="1" index="1" bw="32" slack="0"/>
</pin_list>
<bind>
<opcode="zext(34) " fcode="zext"/>
<opset="SHA256_m_len_write_a_1/9 "/>
</bind>
</comp>

<comp id="348" class="1004" name="mrv_fu_348">
<pin_list>
<pin id="349" dir="0" index="0" bw="64" slack="0"/>
<pin id="350" dir="0" index="1" bw="32" slack="0"/>
<pin id="351" dir="1" index="2" bw="64" slack="0"/>
</pin_list>
<bind>
<opcode="insertvalue(57) " fcode="insertvalue"/>
<opset="mrv/9 "/>
</bind>
</comp>

<comp id="354" class="1004" name="mrv_1_fu_354">
<pin_list>
<pin id="355" dir="0" index="0" bw="64" slack="0"/>
<pin id="356" dir="0" index="1" bw="6" slack="0"/>
<pin id="357" dir="1" index="2" bw="64" slack="2147483647"/>
</pin_list>
<bind>
<opcode="insertvalue(57) " fcode="insertvalue"/>
<opset="mrv_1/9 "/>
</bind>
</comp>

<comp id="360" class="1005" name="SHA256_m_len_read_1_reg_360">
<pin_list>
<pin id="361" dir="0" index="0" bw="32" slack="1"/>
<pin id="362" dir="1" index="1" bw="32" slack="1"/>
</pin_list>
<bind>
<opset="SHA256_m_len_read_1 "/>
</bind>
</comp>

<comp id="366" class="1005" name="SHA256_m_tot_len_rea_reg_366">
<pin_list>
<pin id="367" dir="0" index="0" bw="32" slack="5"/>
<pin id="368" dir="1" index="1" bw="32" slack="5"/>
</pin_list>
<bind>
<opset="SHA256_m_tot_len_rea "/>
</bind>
</comp>

<comp id="372" class="1005" name="rem_len_reg_372">
<pin_list>
<pin id="373" dir="0" index="0" bw="7" slack="1"/>
<pin id="374" dir="1" index="1" bw="7" slack="1"/>
</pin_list>
<bind>
<opset="rem_len "/>
</bind>
</comp>

<comp id="380" class="1005" name="tmp_3_reg_380">
<pin_list>
<pin id="381" dir="0" index="0" bw="9" slack="1"/>
<pin id="382" dir="1" index="1" bw="9" slack="1"/>
</pin_list>
<bind>
<opset="tmp_3 "/>
</bind>
</comp>

<comp id="388" class="1005" name="i_reg_388">
<pin_list>
<pin id="389" dir="0" index="0" bw="7" slack="0"/>
<pin id="390" dir="1" index="1" bw="7" slack="0"/>
</pin_list>
<bind>
<opset="i "/>
</bind>
</comp>

<comp id="393" class="1005" name="message_addr_reg_393">
<pin_list>
<pin id="394" dir="0" index="0" bw="6" slack="1"/>
<pin id="395" dir="1" index="1" bw="6" slack="1"/>
</pin_list>
<bind>
<opset="message_addr "/>
</bind>
</comp>

<comp id="398" class="1005" name="sum_i_reg_398">
<pin_list>
<pin id="399" dir="0" index="0" bw="9" slack="1"/>
<pin id="400" dir="1" index="1" bw="9" slack="1"/>
</pin_list>
<bind>
<opset="sum_i "/>
</bind>
</comp>

<comp id="406" class="1005" name="tmp_8_reg_406">
<pin_list>
<pin id="407" dir="0" index="0" bw="6" slack="5"/>
<pin id="408" dir="1" index="1" bw="6" slack="5"/>
</pin_list>
<bind>
<opset="tmp_8 "/>
</bind>
</comp>

<comp id="411" class="1005" name="new_len_reg_411">
<pin_list>
<pin id="412" dir="0" index="0" bw="7" slack="1"/>
<pin id="413" dir="1" index="1" bw="7" slack="1"/>
</pin_list>
<bind>
<opset="new_len "/>
</bind>
</comp>

<comp id="416" class="1005" name="rem_len_1_reg_416">
<pin_list>
<pin id="417" dir="0" index="0" bw="6" slack="2"/>
<pin id="418" dir="1" index="1" bw="6" slack="2"/>
</pin_list>
<bind>
<opset="rem_len_1 "/>
</bind>
</comp>

<comp id="422" class="1005" name="tmp_11_reg_422">
<pin_list>
<pin id="423" dir="0" index="0" bw="1" slack="1"/>
<pin id="424" dir="1" index="1" bw="1" slack="1"/>
</pin_list>
<bind>
<opset="tmp_11 "/>
</bind>
</comp>

<comp id="428" class="1005" name="new_len_cast3_reg_428">
<pin_list>
<pin id="429" dir="0" index="0" bw="8" slack="1"/>
<pin id="430" dir="1" index="1" bw="8" slack="1"/>
</pin_list>
<bind>
<opset="new_len_cast3 "/>
</bind>
</comp>

<comp id="433" class="1005" name="tmp_3_cast_reg_433">
<pin_list>
<pin id="434" dir="0" index="0" bw="8" slack="1"/>
<pin id="435" dir="1" index="1" bw="8" slack="1"/>
</pin_list>
<bind>
<opset="tmp_3_cast "/>
</bind>
</comp>

<comp id="441" class="1005" name="i_1_reg_441">
<pin_list>
<pin id="442" dir="0" index="0" bw="6" slack="0"/>
<pin id="443" dir="1" index="1" bw="6" slack="0"/>
</pin_list>
<bind>
<opset="i_1 "/>
</bind>
</comp>

<comp id="446" class="1005" name="message_addr_1_reg_446">
<pin_list>
<pin id="447" dir="0" index="0" bw="6" slack="1"/>
<pin id="448" dir="1" index="1" bw="6" slack="1"/>
</pin_list>
<bind>
<opset="message_addr_1 "/>
</bind>
</comp>

<comp id="451" class="1005" name="tmp_6_reg_451">
<pin_list>
<pin id="452" dir="0" index="0" bw="32" slack="1"/>
<pin id="453" dir="1" index="1" bw="32" slack="1"/>
</pin_list>
<bind>
<opset="tmp_6 "/>
</bind>
</comp>

</comp_list>

<net_list>
<net id="62"><net_src comp="12" pin="0"/><net_sink comp="58" pin=0"/></net>

<net id="63"><net_src comp="2" pin="0"/><net_sink comp="58" pin=1"/></net>

<net id="68"><net_src comp="12" pin="0"/><net_sink comp="64" pin=0"/></net>

<net id="69"><net_src comp="0" pin="0"/><net_sink comp="64" pin=1"/></net>

<net id="75"><net_src comp="8" pin="0"/><net_sink comp="70" pin=0"/></net>

<net id="76"><net_src comp="22" pin="0"/><net_sink comp="70" pin=1"/></net>

<net id="81"><net_src comp="70" pin="3"/><net_sink comp="77" pin=0"/></net>

<net id="87"><net_src comp="4" pin="0"/><net_sink comp="82" pin=0"/></net>

<net id="88"><net_src comp="22" pin="0"/><net_sink comp="82" pin=1"/></net>

<net id="93"><net_src comp="77" pin="2"/><net_sink comp="89" pin=1"/></net>

<net id="94"><net_src comp="82" pin="3"/><net_sink comp="89" pin=0"/></net>

<net id="100"><net_src comp="8" pin="0"/><net_sink comp="95" pin=0"/></net>

<net id="101"><net_src comp="22" pin="0"/><net_sink comp="95" pin=1"/></net>

<net id="102"><net_src comp="95" pin="3"/><net_sink comp="77" pin=0"/></net>

<net id="108"><net_src comp="4" pin="0"/><net_sink comp="103" pin=0"/></net>

<net id="109"><net_src comp="22" pin="0"/><net_sink comp="103" pin=1"/></net>

<net id="110"><net_src comp="103" pin="3"/><net_sink comp="89" pin=0"/></net>

<net id="114"><net_src comp="18" pin="0"/><net_sink comp="111" pin=0"/></net>

<net id="121"><net_src comp="111" pin="1"/><net_sink comp="115" pin=0"/></net>

<net id="125"><net_src comp="42" pin="0"/><net_sink comp="122" pin=0"/></net>

<net id="132"><net_src comp="122" pin="1"/><net_sink comp="126" pin=0"/></net>

<net id="133"><net_src comp="126" pin="4"/><net_sink comp="122" pin=0"/></net>

<net id="160"><net_src comp="38" pin="0"/><net_sink comp="152" pin=0"/></net>

<net id="161"><net_src comp="6" pin="0"/><net_sink comp="152" pin=1"/></net>

<net id="162"><net_src comp="8" pin="0"/><net_sink comp="152" pin=2"/></net>

<net id="163"><net_src comp="10" pin="0"/><net_sink comp="152" pin=5"/></net>

<net id="171"><net_src comp="30" pin="0"/><net_sink comp="164" pin=0"/></net>

<net id="172"><net_src comp="6" pin="0"/><net_sink comp="164" pin=1"/></net>

<net id="173"><net_src comp="4" pin="0"/><net_sink comp="164" pin=2"/></net>

<net id="174"><net_src comp="32" pin="0"/><net_sink comp="164" pin=3"/></net>

<net id="175"><net_src comp="10" pin="0"/><net_sink comp="164" pin=4"/></net>

<net id="180"><net_src comp="14" pin="0"/><net_sink comp="176" pin=0"/></net>

<net id="181"><net_src comp="58" pin="2"/><net_sink comp="176" pin=1"/></net>

<net id="185"><net_src comp="176" pin="2"/><net_sink comp="182" pin=0"/></net>

<net id="190"><net_src comp="176" pin="2"/><net_sink comp="186" pin=0"/></net>

<net id="191"><net_src comp="14" pin="0"/><net_sink comp="186" pin=1"/></net>

<net id="197"><net_src comp="186" pin="2"/><net_sink comp="192" pin=0"/></net>

<net id="198"><net_src comp="16" pin="0"/><net_sink comp="192" pin=1"/></net>

<net id="199"><net_src comp="182" pin="1"/><net_sink comp="192" pin=2"/></net>

<net id="203"><net_src comp="58" pin="2"/><net_sink comp="200" pin=0"/></net>

<net id="208"><net_src comp="115" pin="4"/><net_sink comp="204" pin=0"/></net>

<net id="213"><net_src comp="115" pin="4"/><net_sink comp="209" pin=0"/></net>

<net id="214"><net_src comp="26" pin="0"/><net_sink comp="209" pin=1"/></net>

<net id="218"><net_src comp="115" pin="4"/><net_sink comp="215" pin=0"/></net>

<net id="219"><net_src comp="215" pin="1"/><net_sink comp="70" pin=2"/></net>

<net id="223"><net_src comp="115" pin="4"/><net_sink comp="220" pin=0"/></net>

<net id="228"><net_src comp="220" pin="1"/><net_sink comp="224" pin=1"/></net>

<net id="233"><net_src comp="28" pin="0"/><net_sink comp="229" pin=1"/></net>

<net id="240"><net_src comp="237" pin="1"/><net_sink comp="82" pin=2"/></net>

<net id="245"><net_src comp="16" pin="0"/><net_sink comp="241" pin=0"/></net>

<net id="249"><net_src comp="241" pin="2"/><net_sink comp="246" pin=0"/></net>

<net id="255"><net_src comp="34" pin="0"/><net_sink comp="250" pin=0"/></net>

<net id="256"><net_src comp="241" pin="2"/><net_sink comp="250" pin=1"/></net>

<net id="257"><net_src comp="36" pin="0"/><net_sink comp="250" pin=2"/></net>

<net id="258"><net_src comp="250" pin="3"/><net_sink comp="152" pin=4"/></net>

<net id="267"><net_src comp="40" pin="0"/><net_sink comp="262" pin=0"/></net>

<net id="268"><net_src comp="42" pin="0"/><net_sink comp="262" pin=2"/></net>

<net id="272"><net_src comp="262" pin="3"/><net_sink comp="269" pin=0"/></net>

<net id="277"><net_src comp="126" pin="4"/><net_sink comp="273" pin=0"/></net>

<net id="282"><net_src comp="126" pin="4"/><net_sink comp="278" pin=0"/></net>

<net id="283"><net_src comp="46" pin="0"/><net_sink comp="278" pin=1"/></net>

<net id="287"><net_src comp="126" pin="4"/><net_sink comp="284" pin=0"/></net>

<net id="292"><net_src comp="284" pin="1"/><net_sink comp="288" pin=1"/></net>

<net id="296"><net_src comp="288" pin="2"/><net_sink comp="293" pin=0"/></net>

<net id="301"><net_src comp="293" pin="1"/><net_sink comp="297" pin=0"/></net>

<net id="305"><net_src comp="297" pin="2"/><net_sink comp="302" pin=0"/></net>

<net id="306"><net_src comp="302" pin="1"/><net_sink comp="95" pin=2"/></net>

<net id="311"><net_src comp="48" pin="0"/><net_sink comp="307" pin=1"/></net>

<net id="318"><net_src comp="50" pin="0"/><net_sink comp="312" pin=0"/></net>

<net id="319"><net_src comp="307" pin="2"/><net_sink comp="312" pin=1"/></net>

<net id="320"><net_src comp="36" pin="0"/><net_sink comp="312" pin=2"/></net>

<net id="321"><net_src comp="52" pin="0"/><net_sink comp="312" pin=3"/></net>

<net id="327"><net_src comp="54" pin="0"/><net_sink comp="322" pin=0"/></net>

<net id="328"><net_src comp="312" pin="4"/><net_sink comp="322" pin=1"/></net>

<net id="329"><net_src comp="42" pin="0"/><net_sink comp="322" pin=2"/></net>

<net id="333"><net_src comp="322" pin="3"/><net_sink comp="330" pin=0"/></net>

<net id="338"><net_src comp="330" pin="1"/><net_sink comp="334" pin=0"/></net>

<net id="342"><net_src comp="122" pin="1"/><net_sink comp="339" pin=0"/></net>

<net id="343"><net_src comp="339" pin="1"/><net_sink comp="103" pin=2"/></net>

<net id="347"><net_src comp="146" pin="4"/><net_sink comp="344" pin=0"/></net>

<net id="352"><net_src comp="56" pin="0"/><net_sink comp="348" pin=0"/></net>

<net id="353"><net_src comp="137" pin="4"/><net_sink comp="348" pin=1"/></net>

<net id="358"><net_src comp="348" pin="2"/><net_sink comp="354" pin=0"/></net>

<net id="359"><net_src comp="344" pin="1"/><net_sink comp="354" pin=1"/></net>

<net id="363"><net_src comp="58" pin="2"/><net_sink comp="360" pin=0"/></net>

<net id="364"><net_src comp="360" pin="1"/><net_sink comp="229" pin=0"/></net>

<net id="365"><net_src comp="360" pin="1"/><net_sink comp="234" pin=0"/></net>

<net id="369"><net_src comp="64" pin="2"/><net_sink comp="366" pin=0"/></net>

<net id="370"><net_src comp="366" pin="1"/><net_sink comp="334" pin=1"/></net>

<net id="371"><net_src comp="366" pin="1"/><net_sink comp="137" pin=0"/></net>

<net id="375"><net_src comp="192" pin="3"/><net_sink comp="372" pin=0"/></net>

<net id="376"><net_src comp="372" pin="1"/><net_sink comp="204" pin=1"/></net>

<net id="377"><net_src comp="372" pin="1"/><net_sink comp="241" pin=1"/></net>

<net id="378"><net_src comp="372" pin="1"/><net_sink comp="152" pin=3"/></net>

<net id="379"><net_src comp="372" pin="1"/><net_sink comp="288" pin=0"/></net>

<net id="383"><net_src comp="200" pin="1"/><net_sink comp="380" pin=0"/></net>

<net id="384"><net_src comp="380" pin="1"/><net_sink comp="224" pin=0"/></net>

<net id="391"><net_src comp="209" pin="2"/><net_sink comp="388" pin=0"/></net>

<net id="392"><net_src comp="388" pin="1"/><net_sink comp="115" pin=2"/></net>

<net id="396"><net_src comp="70" pin="3"/><net_sink comp="393" pin=0"/></net>

<net id="397"><net_src comp="393" pin="1"/><net_sink comp="77" pin=0"/></net>

<net id="401"><net_src comp="224" pin="2"/><net_sink comp="398" pin=0"/></net>

<net id="402"><net_src comp="398" pin="1"/><net_sink comp="237" pin=0"/></net>

<net id="409"><net_src comp="234" pin="1"/><net_sink comp="406" pin=0"/></net>

<net id="410"><net_src comp="406" pin="1"/><net_sink comp="146" pin=0"/></net>

<net id="414"><net_src comp="241" pin="2"/><net_sink comp="411" pin=0"/></net>

<net id="415"><net_src comp="411" pin="1"/><net_sink comp="259" pin=0"/></net>

<net id="419"><net_src comp="246" pin="1"/><net_sink comp="416" pin=0"/></net>

<net id="420"><net_src comp="416" pin="1"/><net_sink comp="273" pin=1"/></net>

<net id="421"><net_src comp="416" pin="1"/><net_sink comp="146" pin=2"/></net>

<net id="425"><net_src comp="250" pin="3"/><net_sink comp="422" pin=0"/></net>

<net id="426"><net_src comp="422" pin="1"/><net_sink comp="152" pin=4"/></net>

<net id="427"><net_src comp="422" pin="1"/><net_sink comp="262" pin=1"/></net>

<net id="431"><net_src comp="259" pin="1"/><net_sink comp="428" pin=0"/></net>

<net id="432"><net_src comp="428" pin="1"/><net_sink comp="307" pin=0"/></net>

<net id="436"><net_src comp="269" pin="1"/><net_sink comp="433" pin=0"/></net>

<net id="437"><net_src comp="433" pin="1"/><net_sink comp="297" pin=1"/></net>

<net id="444"><net_src comp="278" pin="2"/><net_sink comp="441" pin=0"/></net>

<net id="445"><net_src comp="441" pin="1"/><net_sink comp="126" pin=2"/></net>

<net id="449"><net_src comp="95" pin="3"/><net_sink comp="446" pin=0"/></net>

<net id="450"><net_src comp="446" pin="1"/><net_sink comp="77" pin=0"/></net>

<net id="454"><net_src comp="334" pin="2"/><net_sink comp="451" pin=0"/></net>

<net id="455"><net_src comp="451" pin="1"/><net_sink comp="137" pin=2"/></net>

</net_list>

</model> 
---------------- Datapath Model END ------------------

* FSMD analyzer results:
  - Output states:
	Port: SHA256_m_block | {3 8 }
	Port: SHA256_m_h | {2 4 5 6 }
	Port: SHA256_sha256_k | {}
 - Input state : 
	Port: update : SHA256_m_tot_len_read | {1 }
	Port: update : SHA256_m_len_read | {1 }
	Port: update : SHA256_m_block | {2 4 }
	Port: update : SHA256_m_h | {2 4 5 6 }
	Port: update : message | {2 3 5 6 7 8 }
	Port: update : SHA256_sha256_k | {2 4 5 6 }
  - Chain level:
	State 1
		tmp_1 : 1
		tmp : 1
		rem_len : 2
	State 2
		exitcond_i : 1
		i : 1
		StgValue_22 : 2
		tmp_i : 1
		tmp_i_cast : 1
		message_addr : 2
		message_load : 3
		sum_i : 2
		StgValue_29 : 1
	State 3
		SHA256_m_block_addr : 1
		StgValue_36 : 2
	State 4
	State 5
		rem_len_1 : 1
		tmp_11 : 1
		StgValue_42 : 2
	State 6
		tmp_3_cast : 1
	State 7
		exitcond_i2 : 1
		i_1 : 1
		StgValue_52 : 2
		tmp_i3_cast : 1
		tmp1 : 2
		tmp1_cast : 3
		sum3_i : 4
		sum3_i_cast : 5
		message_addr_1 : 6
		message_load_1 : 7
		tmp_7 : 1
		tmp_5 : 2
		tmp_5_cast : 3
		tmp_6 : 4
	State 8
		SHA256_m_block_addr_1 : 1
		StgValue_69 : 2
	State 9
		SHA256_m_len_write_a_1 : 1
		mrv : 1
		mrv_1 : 2
		StgValue_76 : 3


============================================================
+ Verbose Summary: Datapath Resource usage 
============================================================

* Functional unit list:
|----------|---------------------------------|---------|---------|---------|---------|
| Operation|         Functional Unit         |   BRAM  |  Delay  |    FF   |   LUT   |
|----------|---------------------------------|---------|---------|---------|---------|
|   call   |      grp_transform_1_fu_152     |    4    | 22.1872 |   634   |   1407  |
|          |       grp_transform_fu_164      |    4    | 21.7575 |   628   |   1353  |
|----------|---------------------------------|---------|---------|---------|---------|
|          |             i_fu_209            |    0    |    0    |    0    |    15   |
|          |           sum_i_fu_224          |    0    |    0    |    0    |    16   |
|          |            i_1_fu_278           |    0    |    0    |    0    |    15   |
|    add   |           tmp1_fu_288           |    0    |    0    |    0    |    15   |
|          |          sum3_i_fu_297          |    0    |    0    |    0    |    15   |
|          |           tmp_4_fu_307          |    0    |    0    |    0    |    15   |
|          |           tmp_6_fu_334          |    0    |    0    |    0    |    39   |
|----------|---------------------------------|---------|---------|---------|---------|
|    sub   |          tmp_len_fu_176         |    0    |    0    |    0    |    39   |
|          |          new_len_fu_241         |    0    |    0    |    0    |    15   |
|----------|---------------------------------|---------|---------|---------|---------|
|          |            tmp_fu_186           |    0    |    0    |    0    |    16   |
|   icmp   |        exitcond_i_fu_204        |    0    |    0    |    0    |    4    |
|          |           tmp_9_fu_229          |    0    |    0    |    0    |    16   |
|          |        exitcond_i2_fu_273       |    0    |    0    |    0    |    3    |
|----------|---------------------------------|---------|---------|---------|---------|
|  select  |          rem_len_fu_192         |    0    |    0    |    0    |    7    |
|----------|---------------------------------|---------|---------|---------|---------|
|   read   |  SHA256_m_len_read_1_read_fu_58 |    0    |    0    |    0    |    0    |
|          | SHA256_m_tot_len_rea_read_fu_64 |    0    |    0    |    0    |    0    |
|----------|---------------------------------|---------|---------|---------|---------|
|          |           tmp_1_fu_182          |    0    |    0    |    0    |    0    |
|   trunc  |           tmp_3_fu_200          |    0    |    0    |    0    |    0    |
|          |           tmp_8_fu_234          |    0    |    0    |    0    |    0    |
|          |         rem_len_1_fu_246        |    0    |    0    |    0    |    0    |
|----------|---------------------------------|---------|---------|---------|---------|
|          |           tmp_i_fu_215          |    0    |    0    |    0    |    0    |
|          |        tmp_i_cast_fu_220        |    0    |    0    |    0    |    0    |
|          |        sum_i_cast_fu_237        |    0    |    0    |    0    |    0    |
|          |       new_len_cast3_fu_259      |    0    |    0    |    0    |    0    |
|          |        tmp_3_cast_fu_269        |    0    |    0    |    0    |    0    |
|   zext   |        tmp_i3_cast_fu_284       |    0    |    0    |    0    |    0    |
|          |         tmp1_cast_fu_293        |    0    |    0    |    0    |    0    |
|          |        sum3_i_cast_fu_302       |    0    |    0    |    0    |    0    |
|          |        tmp_5_cast_fu_330        |    0    |    0    |    0    |    0    |
|          |          tmp_i3_fu_339          |    0    |    0    |    0    |    0    |
|          |  SHA256_m_len_write_a_1_fu_344  |    0    |    0    |    0    |    0    |
|----------|---------------------------------|---------|---------|---------|---------|
| bitselect|          tmp_11_fu_250          |    0    |    0    |    0    |    0    |
|----------|---------------------------------|---------|---------|---------|---------|
|bitconcatenate|           tmp_2_fu_262          |    0    |    0    |    0    |    0    |
|          |           tmp_5_fu_322          |    0    |    0    |    0    |    0    |
|----------|---------------------------------|---------|---------|---------|---------|
|partselect|           tmp_7_fu_312          |    0    |    0    |    0    |    0    |
|----------|---------------------------------|---------|---------|---------|---------|
|insertvalue|            mrv_fu_348           |    0    |    0    |    0    |    0    |
|          |           mrv_1_fu_354          |    0    |    0    |    0    |    0    |
|----------|---------------------------------|---------|---------|---------|---------|
|   Total  |                                 |    8    | 43.9447 |   1262  |   2990  |
|----------|---------------------------------|---------|---------|---------|---------|

Memories:
N/A

* Register list:
+----------------------------+--------+
|                            |   FF   |
+----------------------------+--------+
| SHA256_m_len_read_1_reg_360|   32   |
|SHA256_m_len_write_a_reg_143|    6   |
|SHA256_m_tot_len_rea_reg_366|   32   |
|  SHA256_m_tot_len_reg_134  |   32   |
|         i_1_reg_441        |    6   |
|        i_i1_reg_122        |    6   |
|         i_i_reg_111        |    7   |
|          i_reg_388         |    7   |
|   message_addr_1_reg_446   |    6   |
|    message_addr_reg_393    |    6   |
|    new_len_cast3_reg_428   |    8   |
|       new_len_reg_411      |    7   |
|      rem_len_1_reg_416     |    6   |
|       rem_len_reg_372      |    7   |
|        sum_i_reg_398       |    9   |
|       tmp_11_reg_422       |    1   |
|     tmp_3_cast_reg_433     |    8   |
|        tmp_3_reg_380       |    9   |
|        tmp_6_reg_451       |   32   |
|        tmp_8_reg_406       |    6   |
+----------------------------+--------+
|            Total           |   233  |
+----------------------------+--------+

* Multiplexer (MUX) list: 
|------------------------|------|------|------|--------||---------||---------|
|          Comp          |  Pin | Size |  BW  | S x BW ||  Delay  ||   LUT   |
|------------------------|------|------|------|--------||---------||---------|
|    grp_access_fu_77    |  p0  |   4  |   6  |   24   ||    21   |
|    grp_access_fu_89    |  p0  |   2  |   7  |   14   ||    9    |
|      i_i1_reg_122      |  p0  |   2  |   6  |   12   ||    9    |
| grp_transform_1_fu_152 |  p4  |   2  |   1  |    2   ||    9    |
|------------------------|------|------|------|--------||---------||---------|
|          Total         |      |      |      |   52   ||  3.8795 ||    48   |
|------------------------|------|------|------|--------||---------||---------|



* Summary:
+-----------+--------+--------+--------+--------+
|           |  BRAM  |  Delay |   FF   |   LUT  |
+-----------+--------+--------+--------+--------+
|  Function |    8   |   43   |  1262  |  2990  |
|   Memory  |    -   |    -   |    -   |    -   |
|Multiplexer|    -   |    3   |    -   |   48   |
|  Register |    -   |    -   |   233  |    -   |
+-----------+--------+--------+--------+--------+
|   Total   |    8   |   47   |  1495  |  3038  |
+-----------+--------+--------+--------+--------+
