

================================================================
== Vivado HLS Report for 'fe_tobytes_1'
================================================================
* Date:           Mon Sep 25 21:40:28 2017

* Version:        2017.2 (Build 1909853 on Thu Jun 15 18:55:24 MDT 2017)
* Project:        ed25519
* Solution:       solution1
* Product family: zynquplus
* Target device:  xczu9eg-ffvb1156-2-i


================================================================
== Performance Estimates
================================================================
+ Timing (ns): 
    * Summary: 
    +--------+-------+----------+------------+
    |  Clock | Target| Estimated| Uncertainty|
    +--------+-------+----------+------------+
    |ap_clk  |  10.00|      3.53|        1.25|
    +--------+-------+----------+------------+

+ Latency (clock cycles): 
    * Summary: 
    +-----+-----+-----+-----+---------+
    |  Latency  |  Interval | Pipeline|
    | min | max | min | max |   Type  |
    +-----+-----+-----+-----+---------+
    |   57|   57|   57|   57|   none  |
    +-----+-----+-----+-----+---------+

    + Detail: 
        * Instance: 
        N/A

        * Loop: 
        N/A

============================================================
+ Verbose Summary: Synthesis Manager
============================================================
InlineROM: 1
ExposeGlobal: 0
============================================================
+ Verbose Summary: CDFG Model
============================================================
IsTopModel: 0
ResetActiveHigh: 1
IsCombinational: 0
IsDatapathOnly: 0
HasWiredReturn: 1
HasMFsm: 0
HasVarLatency: 1
IsPipeline: 0
IsRtlPipelined: 0
IsInstanceOverlapped: 0
IsDontTouch: 0
HasImplIP: 0
IsGatedGlobalClock: 0


============================================================
+ Verbose Summary: Schedule
============================================================
* Number of FSM states: 58
* Pipeline: 0
* Dataflow Pipeline: 0

* FSM state transitions: 
1 --> 
	2  / true
2 --> 
	3  / true
3 --> 
	4  / true
4 --> 
	5  / true
5 --> 
	6  / true
6 --> 
	7  / true
7 --> 
	8  / true
8 --> 
	9  / true
9 --> 
	10  / true
10 --> 
	11  / true
11 --> 
	12  / true
12 --> 
	13  / true
13 --> 
	14  / true
14 --> 
	15  / true
15 --> 
	16  / true
16 --> 
	17  / true
17 --> 
	18  / true
18 --> 
	19  / true
19 --> 
	20  / true
20 --> 
	21  / true
21 --> 
	22  / true
22 --> 
	23  / true
23 --> 
	24  / true
24 --> 
	25  / true
25 --> 
	26  / true
26 --> 
	27  / true
27 --> 
	28  / true
28 --> 
	29  / true
29 --> 
	30  / true
30 --> 
	31  / true
31 --> 
	32  / true
32 --> 
	33  / true
33 --> 
	34  / true
34 --> 
	35  / true
35 --> 
	36  / true
36 --> 
	37  / true
37 --> 
	38  / true
38 --> 
	39  / true
39 --> 
	40  / true
40 --> 
	41  / true
41 --> 
	42  / true
42 --> 
	43  / true
43 --> 
	44  / true
44 --> 
	45  / true
45 --> 
	46  / true
46 --> 
	47  / true
47 --> 
	48  / true
48 --> 
	49  / true
49 --> 
	50  / true
50 --> 
	51  / true
51 --> 
	52  / true
52 --> 
	53  / true
53 --> 
	54  / true
54 --> 
	55  / true
55 --> 
	56  / true
56 --> 
	57  / true
57 --> 
	58  / true
58 --> 
* FSM state operations: 

 <State 1>: 3.53ns
ST_1: p_read_154 (12)  [1/1] 0.00ns
:0  %p_read_154 = call i32 @_ssdm_op_Read.ap_auto.i32(i32 %p_read9)

ST_1: tmp (30)  [1/1] 2.71ns  loc: ed25519/src/fe.cpp:1538
:18  %tmp = mul nsw i32 19, %p_read_154

ST_1: tmp_s (31)  [1/1] 0.82ns  loc: ed25519/src/fe.cpp:1538
:19  %tmp_s = add nsw i32 16777216, %tmp

ST_1: tmp_464 (32)  [1/1] 0.00ns  loc: ed25519/src/fe.cpp:1538
:20  %tmp_464 = call i7 @_ssdm_op_PartSelect.i7.i32.i32.i32(i32 %tmp_s, i32 25, i32 31)

ST_1: tmp_1412 (172)  [1/1] 0.00ns  loc: ed25519/src/fe.cpp:1577
:160  %tmp_1412 = trunc i32 %p_read_154 to i26

ST_1: tmp_1413 (174)  [1/1] 0.00ns
:162  %tmp_1413 = trunc i32 %p_read_154 to i10

ST_1: tmp_1414 (176)  [1/1] 0.00ns
:164  %tmp_1414 = trunc i32 %p_read_154 to i18

ST_1: tmp_1423 (291)  [1/1] 0.00ns
:279  %tmp_1423 = trunc i32 %p_read_154 to i2


 <State 2>: 0.82ns
ST_2: p_read189 (21)  [1/1] 0.00ns
:9  %p_read189 = call i32 @_ssdm_op_Read.ap_auto.i32(i32 %p_read)

ST_2: q (33)  [1/1] 0.00ns  loc: ed25519/src/fe.cpp:1538
:21  %q = sext i7 %tmp_464 to i32

ST_2: tmp_1339 (34)  [1/1] 0.82ns  loc: ed25519/src/fe.cpp:1539
:22  %tmp_1339 = add nsw i32 %p_read189, %q

ST_2: tmp_466 (35)  [1/1] 0.00ns  loc: ed25519/src/fe.cpp:1539
:23  %tmp_466 = call i6 @_ssdm_op_PartSelect.i6.i32.i32.i32(i32 %tmp_1339, i32 26, i32 31)

ST_2: tmp_1385 (67)  [1/1] 0.00ns
:55  %tmp_1385 = trunc i32 %p_read189 to i8

ST_2: tmp_1386 (69)  [1/1] 0.00ns
:57  %tmp_1386 = trunc i32 %p_read189 to i16

ST_2: tmp_1387 (71)  [1/1] 0.00ns
:59  %tmp_1387 = trunc i32 %p_read189 to i24


 <State 3>: 0.82ns
ST_3: p_read_162 (20)  [1/1] 0.00ns
:8  %p_read_162 = call i32 @_ssdm_op_Read.ap_auto.i32(i32 %p_read1)

ST_3: q_1 (36)  [1/1] 0.00ns  loc: ed25519/src/fe.cpp:1539
:24  %q_1 = sext i6 %tmp_466 to i32

ST_3: tmp_1340 (37)  [1/1] 0.82ns  loc: ed25519/src/fe.cpp:1540
:25  %tmp_1340 = add nsw i32 %p_read_162, %q_1

ST_3: tmp_468 (38)  [1/1] 0.00ns  loc: ed25519/src/fe.cpp:1540
:26  %tmp_468 = call i7 @_ssdm_op_PartSelect.i7.i32.i32.i32(i32 %tmp_1340, i32 25, i32 31)

ST_3: tmp_1388 (78)  [1/1] 0.00ns
:66  %tmp_1388 = trunc i32 %p_read_162 to i14

ST_3: tmp_1389 (80)  [1/1] 0.00ns
:68  %tmp_1389 = trunc i32 %p_read_162 to i22

ST_3: tmp_1390 (82)  [1/1] 0.00ns
:70  %tmp_1390 = trunc i32 %p_read_162 to i30

ST_3: tmp_1415 (189)  [1/1] 0.00ns
:177  %tmp_1415 = trunc i32 %p_read_162 to i6


 <State 4>: 0.82ns
ST_4: p_read_161 (19)  [1/1] 0.00ns
:7  %p_read_161 = call i32 @_ssdm_op_Read.ap_auto.i32(i32 %p_read2)

ST_4: q_2 (39)  [1/1] 0.00ns  loc: ed25519/src/fe.cpp:1540
:27  %q_2 = sext i7 %tmp_468 to i32

ST_4: tmp_1341 (40)  [1/1] 0.82ns  loc: ed25519/src/fe.cpp:1541
:28  %tmp_1341 = add nsw i32 %p_read_161, %q_2

ST_4: tmp_470 (41)  [1/1] 0.00ns  loc: ed25519/src/fe.cpp:1541
:29  %tmp_470 = call i6 @_ssdm_op_PartSelect.i6.i32.i32.i32(i32 %tmp_1341, i32 26, i32 31)

ST_4: tmp_1391 (90)  [1/1] 0.00ns
:78  %tmp_1391 = trunc i32 %p_read_161 to i13

ST_4: tmp_1392 (92)  [1/1] 0.00ns
:80  %tmp_1392 = trunc i32 %p_read_161 to i21

ST_4: tmp_1393 (94)  [1/1] 0.00ns
:82  %tmp_1393 = trunc i32 %p_read_161 to i29

ST_4: tmp_1416 (202)  [1/1] 0.00ns
:190  %tmp_1416 = trunc i32 %p_read_161 to i5


 <State 5>: 0.82ns
ST_5: p_read_160 (18)  [1/1] 0.00ns
:6  %p_read_160 = call i32 @_ssdm_op_Read.ap_auto.i32(i32 %p_read3)

ST_5: q_3 (42)  [1/1] 0.00ns  loc: ed25519/src/fe.cpp:1541
:30  %q_3 = sext i6 %tmp_470 to i32

ST_5: tmp_1342 (43)  [1/1] 0.82ns  loc: ed25519/src/fe.cpp:1542
:31  %tmp_1342 = add nsw i32 %p_read_160, %q_3

ST_5: tmp_472 (44)  [1/1] 0.00ns  loc: ed25519/src/fe.cpp:1542
:32  %tmp_472 = call i7 @_ssdm_op_PartSelect.i7.i32.i32.i32(i32 %tmp_1342, i32 25, i32 31)

ST_5: tmp_1394 (102)  [1/1] 0.00ns
:90  %tmp_1394 = trunc i32 %p_read_160 to i11

ST_5: tmp_1395 (104)  [1/1] 0.00ns
:92  %tmp_1395 = trunc i32 %p_read_160 to i19

ST_5: tmp_1396 (106)  [1/1] 0.00ns
:94  %tmp_1396 = trunc i32 %p_read_160 to i27

ST_5: tmp_1417 (215)  [1/1] 0.00ns
:203  %tmp_1417 = trunc i32 %p_read_160 to i3


 <State 6>: 0.82ns
ST_6: p_read_159 (17)  [1/1] 0.00ns
:5  %p_read_159 = call i32 @_ssdm_op_Read.ap_auto.i32(i32 %p_read4)

ST_6: q_4 (45)  [1/1] 0.00ns  loc: ed25519/src/fe.cpp:1542
:33  %q_4 = sext i7 %tmp_472 to i32

ST_6: tmp_1343 (46)  [1/1] 0.82ns  loc: ed25519/src/fe.cpp:1543
:34  %tmp_1343 = add nsw i32 %p_read_159, %q_4

ST_6: tmp_474 (47)  [1/1] 0.00ns  loc: ed25519/src/fe.cpp:1543
:35  %tmp_474 = call i6 @_ssdm_op_PartSelect.i6.i32.i32.i32(i32 %tmp_1343, i32 26, i32 31)

ST_6: tmp_1397 (114)  [1/1] 0.00ns
:102  %tmp_1397 = trunc i32 %p_read_159 to i10

ST_6: tmp_1398 (116)  [1/1] 0.00ns
:104  %tmp_1398 = trunc i32 %p_read_159 to i18

ST_6: tmp_1399 (118)  [1/1] 0.00ns
:106  %tmp_1399 = trunc i32 %p_read_159 to i26

ST_6: tmp_1418 (228)  [1/1] 0.00ns
:216  %tmp_1418 = trunc i32 %p_read_159 to i2


 <State 7>: 0.82ns
ST_7: p_read_158 (16)  [1/1] 0.00ns
:4  %p_read_158 = call i32 @_ssdm_op_Read.ap_auto.i32(i32 %p_read5)

ST_7: q_5 (48)  [1/1] 0.00ns  loc: ed25519/src/fe.cpp:1543
:36  %q_5 = sext i6 %tmp_474 to i32

ST_7: tmp_1344 (49)  [1/1] 0.82ns  loc: ed25519/src/fe.cpp:1544
:37  %tmp_1344 = add nsw i32 %p_read_158, %q_5

ST_7: tmp_476 (50)  [1/1] 0.00ns  loc: ed25519/src/fe.cpp:1544
:38  %tmp_476 = call i7 @_ssdm_op_PartSelect.i7.i32.i32.i32(i32 %tmp_1344, i32 25, i32 31)

ST_7: tmp_1400 (126)  [1/1] 0.00ns
:114  %tmp_1400 = trunc i32 %p_read_158 to i8

ST_7: tmp_1401 (128)  [1/1] 0.00ns
:116  %tmp_1401 = trunc i32 %p_read_158 to i16

ST_7: tmp_1402 (130)  [1/1] 0.00ns
:118  %tmp_1402 = trunc i32 %p_read_158 to i24


 <State 8>: 0.82ns
ST_8: p_read_157 (15)  [1/1] 0.00ns
:3  %p_read_157 = call i32 @_ssdm_op_Read.ap_auto.i32(i32 %p_read6)

ST_8: q_6 (51)  [1/1] 0.00ns  loc: ed25519/src/fe.cpp:1544
:39  %q_6 = sext i7 %tmp_476 to i32

ST_8: tmp_1345 (52)  [1/1] 0.82ns  loc: ed25519/src/fe.cpp:1545
:40  %tmp_1345 = add nsw i32 %p_read_157, %q_6

ST_8: tmp_478 (53)  [1/1] 0.00ns  loc: ed25519/src/fe.cpp:1545
:41  %tmp_478 = call i6 @_ssdm_op_PartSelect.i6.i32.i32.i32(i32 %tmp_1345, i32 26, i32 31)

ST_8: tmp_1403 (137)  [1/1] 0.00ns
:125  %tmp_1403 = trunc i32 %p_read_157 to i15

ST_8: tmp_1404 (139)  [1/1] 0.00ns
:127  %tmp_1404 = trunc i32 %p_read_157 to i23

ST_8: tmp_1405 (141)  [1/1] 0.00ns
:129  %tmp_1405 = trunc i32 %p_read_157 to i31

ST_8: tmp_1420 (252)  [1/1] 0.00ns
:240  %tmp_1420 = trunc i32 %p_read_157 to i7


 <State 9>: 0.82ns
ST_9: p_read_156 (14)  [1/1] 0.00ns
:2  %p_read_156 = call i32 @_ssdm_op_Read.ap_auto.i32(i32 %p_read7)

ST_9: q_7 (54)  [1/1] 0.00ns  loc: ed25519/src/fe.cpp:1545
:42  %q_7 = sext i6 %tmp_478 to i32

ST_9: tmp_1346 (55)  [1/1] 0.82ns  loc: ed25519/src/fe.cpp:1546
:43  %tmp_1346 = add nsw i32 %p_read_156, %q_7

ST_9: tmp_480 (56)  [1/1] 0.00ns  loc: ed25519/src/fe.cpp:1546
:44  %tmp_480 = call i7 @_ssdm_op_PartSelect.i7.i32.i32.i32(i32 %tmp_1346, i32 25, i32 31)

ST_9: tmp_1406 (149)  [1/1] 0.00ns
:137  %tmp_1406 = trunc i32 %p_read_156 to i13

ST_9: tmp_1407 (151)  [1/1] 0.00ns
:139  %tmp_1407 = trunc i32 %p_read_156 to i21

ST_9: tmp_1408 (153)  [1/1] 0.00ns
:141  %tmp_1408 = trunc i32 %p_read_156 to i29

ST_9: tmp_1421 (265)  [1/1] 0.00ns
:253  %tmp_1421 = trunc i32 %p_read_156 to i5


 <State 10>: 0.82ns
ST_10: p_read_155 (13)  [1/1] 0.00ns
:1  %p_read_155 = call i32 @_ssdm_op_Read.ap_auto.i32(i32 %p_read8)

ST_10: q_8 (57)  [1/1] 0.00ns  loc: ed25519/src/fe.cpp:1546
:45  %q_8 = sext i7 %tmp_480 to i32

ST_10: tmp_1347 (58)  [1/1] 0.82ns  loc: ed25519/src/fe.cpp:1547
:46  %tmp_1347 = add nsw i32 %p_read_155, %q_8

ST_10: tmp_482 (59)  [1/1] 0.00ns  loc: ed25519/src/fe.cpp:1547
:47  %tmp_482 = call i6 @_ssdm_op_PartSelect.i6.i32.i32.i32(i32 %tmp_1347, i32 26, i32 31)

ST_10: tmp_1409 (161)  [1/1] 0.00ns
:149  %tmp_1409 = trunc i32 %p_read_155 to i12

ST_10: tmp_1410 (163)  [1/1] 0.00ns
:151  %tmp_1410 = trunc i32 %p_read_155 to i20

ST_10: tmp_1411 (165)  [1/1] 0.00ns
:153  %tmp_1411 = trunc i32 %p_read_155 to i28

ST_10: tmp_1422 (278)  [1/1] 0.00ns
:266  %tmp_1422 = trunc i32 %p_read_155 to i4


 <State 11>: 0.82ns
ST_11: q_9 (60)  [1/1] 0.00ns  loc: ed25519/src/fe.cpp:1547
:48  %q_9 = sext i6 %tmp_482 to i32

ST_11: tmp_1348 (61)  [1/1] 0.82ns  loc: ed25519/src/fe.cpp:1548
:49  %tmp_1348 = add nsw i32 %p_read_154, %q_9

ST_11: tmp_484 (62)  [1/1] 0.00ns  loc: ed25519/src/fe.cpp:1548
:50  %tmp_484 = call i7 @_ssdm_op_PartSelect.i7.i32.i32.i32(i32 %tmp_1348, i32 25, i32 31)


 <State 12>: 2.77ns
ST_12: q_10_cast (63)  [1/1] 0.00ns  loc: ed25519/src/fe.cpp:1548
:51  %q_10_cast = sext i7 %tmp_484 to i13

ST_12: tmp_1349 (64)  [1/1] 1.95ns  loc: ed25519/src/fe.cpp:1550
:52  %tmp_1349 = mul i13 19, %q_10_cast

ST_12: tmp_1491_cast (65)  [1/1] 0.00ns  loc: ed25519/src/fe.cpp:1550
:53  %tmp_1491_cast = sext i13 %tmp_1349 to i32

ST_12: tmp_1384 (66)  [1/1] 0.00ns  loc: ed25519/src/fe.cpp:1550
:54  %tmp_1384 = trunc i13 %tmp_1349 to i8

ST_12: h0 (72)  [1/1] 0.82ns  loc: ed25519/src/fe.cpp:1550
:60  %h0 = add nsw i32 %p_read189, %tmp_1491_cast

ST_12: tmp_486 (75)  [1/1] 0.00ns  loc: ed25519/src/fe.cpp:1552
:63  %tmp_486 = call i6 @_ssdm_op_PartSelect.i6.i32.i32.i32(i32 %h0, i32 26, i32 31)

ST_12: tmp_505_cast (188)  [1/1] 0.00ns  loc: ed25519/src/fe.cpp:1550
:176  %tmp_505_cast = call i2 @_ssdm_op_PartSelect.i2.i32.i32.i32(i32 %h0, i32 24, i32 25)


 <State 13>: 1.44ns
ST_13: tmp_522 (70)  [1/1] 0.00ns  loc: ed25519/src/fe.cpp:1550
:58  %tmp_522 = sext i13 %tmp_1349 to i24

ST_13: h0_cast1 (73)  [1/1] 0.76ns  loc: ed25519/src/fe.cpp:1550
:61  %h0_cast1 = add i24 %tmp_522, %tmp_1387

ST_13: tmp_1352 (185)  [1/1] 0.00ns  loc: ed25519/src/fe.cpp:1591
:173  %tmp_1352 = call i8 @_ssdm_op_PartSelect.i8.i24.i32.i32(i24 %h0_cast1, i32 16, i32 23)

ST_13: s_addr_64 (186)  [1/1] 0.00ns  loc: ed25519/src/fe.cpp:1591
:174  %s_addr_64 = getelementptr [64 x i8]* %s, i64 0, i64 2

ST_13: StgValue_151 (187)  [1/1] 0.68ns  loc: ed25519/src/fe.cpp:1591
:175  store i8 %tmp_1352, i8* %s_addr_64, align 1


 <State 14>: 1.41ns
ST_14: tmp_517 (68)  [1/1] 0.00ns  loc: ed25519/src/fe.cpp:1550
:56  %tmp_517 = sext i13 %tmp_1349 to i16

ST_14: h0_cast (74)  [1/1] 0.74ns  loc: ed25519/src/fe.cpp:1550
:62  %h0_cast = add i16 %tmp_517, %tmp_1386

ST_14: tmp_1351 (182)  [1/1] 0.00ns  loc: ed25519/src/fe.cpp:1590
:170  %tmp_1351 = call i8 @_ssdm_op_PartSelect.i8.i16.i32.i32(i16 %h0_cast, i32 8, i32 15)

ST_14: s_addr_63 (183)  [1/1] 0.00ns  loc: ed25519/src/fe.cpp:1590
:171  %s_addr_63 = getelementptr [64 x i8]* %s, i64 0, i64 1

ST_14: StgValue_156 (184)  [1/1] 0.68ns  loc: ed25519/src/fe.cpp:1590
:172  store i8 %tmp_1351, i8* %s_addr_63, align 1


 <State 15>: 0.82ns
ST_15: carry0 (76)  [1/1] 0.00ns  loc: ed25519/src/fe.cpp:1552
:64  %carry0 = sext i6 %tmp_486 to i32

ST_15: h1 (83)  [1/1] 0.82ns  loc: ed25519/src/fe.cpp:1553
:71  %h1 = add nsw i32 %p_read_162, %carry0

ST_15: tmp_488 (87)  [1/1] 0.00ns  loc: ed25519/src/fe.cpp:1555
:75  %tmp_488 = call i7 @_ssdm_op_PartSelect.i7.i32.i32.i32(i32 %h1, i32 25, i32 31)

ST_15: tmp_512 (201)  [1/1] 0.00ns  loc: ed25519/src/fe.cpp:1553
:189  %tmp_512 = call i5 @_ssdm_op_PartSelect.i5.i32.i32.i32(i32 %h1, i32 25, i32 29)


 <State 16>: 0.75ns
ST_16: tmp_531 (81)  [1/1] 0.00ns  loc: ed25519/src/fe.cpp:1552
:69  %tmp_531 = sext i6 %tmp_486 to i30

ST_16: h1_cast1 (84)  [1/1] 0.75ns  loc: ed25519/src/fe.cpp:1553
:72  %h1_cast1 = add i30 %tmp_531, %tmp_1390

ST_16: tmp_511_cast (200)  [1/1] 0.00ns  loc: ed25519/src/fe.cpp:1553
:188  %tmp_511_cast = call i3 @_ssdm_op_PartSelect.i3.i30.i32.i32(i30 %h1_cast1, i32 22, i32 24)


 <State 17>: 1.42ns
ST_17: tmp_529 (79)  [1/1] 0.00ns  loc: ed25519/src/fe.cpp:1552
:67  %tmp_529 = sext i6 %tmp_486 to i22

ST_17: h1_cast2 (85)  [1/1] 0.74ns  loc: ed25519/src/fe.cpp:1553
:73  %h1_cast2 = add i22 %tmp_529, %tmp_1389

ST_17: tmp_1355 (197)  [1/1] 0.00ns  loc: ed25519/src/fe.cpp:1594
:185  %tmp_1355 = call i8 @_ssdm_op_PartSelect.i8.i22.i32.i32(i22 %h1_cast2, i32 14, i32 21)

ST_17: s_addr_67 (198)  [1/1] 0.00ns  loc: ed25519/src/fe.cpp:1594
:186  %s_addr_67 = getelementptr [64 x i8]* %s, i64 0, i64 5

ST_17: StgValue_168 (199)  [1/1] 0.68ns  loc: ed25519/src/fe.cpp:1594
:187  store i8 %tmp_1355, i8* %s_addr_67, align 1


 <State 18>: 1.40ns
ST_18: tmp_524 (77)  [1/1] 0.00ns  loc: ed25519/src/fe.cpp:1552
:65  %tmp_524 = sext i6 %tmp_486 to i14

ST_18: h1_cast (86)  [1/1] 0.72ns  loc: ed25519/src/fe.cpp:1553
:74  %h1_cast = add i14 %tmp_524, %tmp_1388

ST_18: tmp_1354 (194)  [1/1] 0.00ns  loc: ed25519/src/fe.cpp:1593
:182  %tmp_1354 = call i8 @_ssdm_op_PartSelect.i8.i14.i32.i32(i14 %h1_cast, i32 6, i32 13)

ST_18: s_addr_66 (195)  [1/1] 0.00ns  loc: ed25519/src/fe.cpp:1593
:183  %s_addr_66 = getelementptr [64 x i8]* %s, i64 0, i64 4

ST_18: StgValue_173 (196)  [1/1] 0.68ns  loc: ed25519/src/fe.cpp:1593
:184  store i8 %tmp_1354, i8* %s_addr_66, align 1


 <State 19>: 0.82ns
ST_19: carry1 (88)  [1/1] 0.00ns  loc: ed25519/src/fe.cpp:1555
:76  %carry1 = sext i7 %tmp_488 to i32

ST_19: h2 (95)  [1/1] 0.82ns  loc: ed25519/src/fe.cpp:1556
:83  %h2 = add nsw i32 %p_read_161, %carry1

ST_19: tmp_490 (99)  [1/1] 0.00ns  loc: ed25519/src/fe.cpp:1558
:87  %tmp_490 = call i6 @_ssdm_op_PartSelect.i6.i32.i32.i32(i32 %h2, i32 26, i32 31)

ST_19: tmp_519 (214)  [1/1] 0.00ns  loc: ed25519/src/fe.cpp:1556
:202  %tmp_519 = call i3 @_ssdm_op_PartSelect.i3.i32.i32.i32(i32 %h2, i32 26, i32 28)


 <State 20>: 0.79ns
ST_20: tmp_542 (93)  [1/1] 0.00ns  loc: ed25519/src/fe.cpp:1555
:81  %tmp_542 = sext i7 %tmp_488 to i29

ST_20: h2_cast1 (96)  [1/1] 0.79ns  loc: ed25519/src/fe.cpp:1556
:84  %h2_cast1 = add i29 %tmp_542, %tmp_1393

ST_20: tmp_518_cast (213)  [1/1] 0.00ns  loc: ed25519/src/fe.cpp:1556
:201  %tmp_518_cast = call i5 @_ssdm_op_PartSelect.i5.i29.i32.i32(i29 %h2_cast1, i32 21, i32 25)


 <State 21>: 1.41ns
ST_21: tmp_537 (91)  [1/1] 0.00ns  loc: ed25519/src/fe.cpp:1555
:79  %tmp_537 = sext i7 %tmp_488 to i21

ST_21: h2_cast2 (97)  [1/1] 0.73ns  loc: ed25519/src/fe.cpp:1556
:85  %h2_cast2 = add i21 %tmp_537, %tmp_1392

ST_21: tmp_1358 (210)  [1/1] 0.00ns  loc: ed25519/src/fe.cpp:1597
:198  %tmp_1358 = call i8 @_ssdm_op_PartSelect.i8.i21.i32.i32(i21 %h2_cast2, i32 13, i32 20)

ST_21: s_addr_70 (211)  [1/1] 0.00ns  loc: ed25519/src/fe.cpp:1597
:199  %s_addr_70 = getelementptr [64 x i8]* %s, i64 0, i64 8

ST_21: StgValue_185 (212)  [1/1] 0.68ns  loc: ed25519/src/fe.cpp:1597
:200  store i8 %tmp_1358, i8* %s_addr_70, align 1


 <State 22>: 1.40ns
ST_22: tmp_535 (89)  [1/1] 0.00ns  loc: ed25519/src/fe.cpp:1555
:77  %tmp_535 = sext i7 %tmp_488 to i13

ST_22: h2_cast (98)  [1/1] 0.72ns  loc: ed25519/src/fe.cpp:1556
:86  %h2_cast = add i13 %tmp_535, %tmp_1391

ST_22: tmp_1357 (207)  [1/1] 0.00ns  loc: ed25519/src/fe.cpp:1596
:195  %tmp_1357 = call i8 @_ssdm_op_PartSelect.i8.i13.i32.i32(i13 %h2_cast, i32 5, i32 12)

ST_22: s_addr_69 (208)  [1/1] 0.00ns  loc: ed25519/src/fe.cpp:1596
:196  %s_addr_69 = getelementptr [64 x i8]* %s, i64 0, i64 7

ST_22: StgValue_190 (209)  [1/1] 0.68ns  loc: ed25519/src/fe.cpp:1596
:197  store i8 %tmp_1357, i8* %s_addr_69, align 1


 <State 23>: 0.82ns
ST_23: carry2 (100)  [1/1] 0.00ns  loc: ed25519/src/fe.cpp:1558
:88  %carry2 = sext i6 %tmp_490 to i32

ST_23: h3 (107)  [1/1] 0.82ns  loc: ed25519/src/fe.cpp:1559
:95  %h3 = add nsw i32 %p_read_160, %carry2

ST_23: tmp_492 (111)  [1/1] 0.00ns  loc: ed25519/src/fe.cpp:1561
:99  %tmp_492 = call i7 @_ssdm_op_PartSelect.i7.i32.i32.i32(i32 %h3, i32 25, i32 31)

ST_23: tmp_526 (227)  [1/1] 0.00ns  loc: ed25519/src/fe.cpp:1559
:215  %tmp_526 = call i2 @_ssdm_op_PartSelect.i2.i32.i32.i32(i32 %h3, i32 25, i32 26)


 <State 24>: 0.86ns
ST_24: tmp_551 (105)  [1/1] 0.00ns  loc: ed25519/src/fe.cpp:1558
:93  %tmp_551 = sext i6 %tmp_490 to i27

ST_24: h3_cast1 (108)  [1/1] 0.86ns  loc: ed25519/src/fe.cpp:1559
:96  %h3_cast1 = add i27 %tmp_551, %tmp_1396

ST_24: tmp_525_cast (226)  [1/1] 0.00ns  loc: ed25519/src/fe.cpp:1559
:214  %tmp_525_cast = call i6 @_ssdm_op_PartSelect.i6.i27.i32.i32(i27 %h3_cast1, i32 19, i32 24)


 <State 25>: 1.42ns
ST_25: tmp_549 (103)  [1/1] 0.00ns  loc: ed25519/src/fe.cpp:1558
:91  %tmp_549 = sext i6 %tmp_490 to i19

ST_25: h3_cast2 (109)  [1/1] 0.75ns  loc: ed25519/src/fe.cpp:1559
:97  %h3_cast2 = add i19 %tmp_549, %tmp_1395

ST_25: tmp_1361 (223)  [1/1] 0.00ns  loc: ed25519/src/fe.cpp:1600
:211  %tmp_1361 = call i8 @_ssdm_op_PartSelect.i8.i19.i32.i32(i19 %h3_cast2, i32 11, i32 18)

ST_25: s_addr_73 (224)  [1/1] 0.00ns  loc: ed25519/src/fe.cpp:1600
:212  %s_addr_73 = getelementptr [64 x i8]* %s, i64 0, i64 11

ST_25: StgValue_202 (225)  [1/1] 0.68ns  loc: ed25519/src/fe.cpp:1600
:213  store i8 %tmp_1361, i8* %s_addr_73, align 1


 <State 26>: 1.44ns
ST_26: tmp_544 (101)  [1/1] 0.00ns  loc: ed25519/src/fe.cpp:1558
:89  %tmp_544 = sext i6 %tmp_490 to i11

ST_26: h3_cast (110)  [1/1] 0.76ns  loc: ed25519/src/fe.cpp:1559
:98  %h3_cast = add i11 %tmp_544, %tmp_1394

ST_26: tmp_1360 (220)  [1/1] 0.00ns  loc: ed25519/src/fe.cpp:1599
:208  %tmp_1360 = call i8 @_ssdm_op_PartSelect.i8.i11.i32.i32(i11 %h3_cast, i32 3, i32 10)

ST_26: s_addr_72 (221)  [1/1] 0.00ns  loc: ed25519/src/fe.cpp:1599
:209  %s_addr_72 = getelementptr [64 x i8]* %s, i64 0, i64 10

ST_26: StgValue_207 (222)  [1/1] 0.68ns  loc: ed25519/src/fe.cpp:1599
:210  store i8 %tmp_1360, i8* %s_addr_72, align 1


 <State 27>: 0.82ns
ST_27: carry3 (112)  [1/1] 0.00ns  loc: ed25519/src/fe.cpp:1561
:100  %carry3 = sext i7 %tmp_492 to i32

ST_27: h4 (119)  [1/1] 0.82ns  loc: ed25519/src/fe.cpp:1562
:107  %h4 = add nsw i32 %p_read_159, %carry3

ST_27: tmp_494 (123)  [1/1] 0.00ns  loc: ed25519/src/fe.cpp:1564
:111  %tmp_494 = call i6 @_ssdm_op_PartSelect.i6.i32.i32.i32(i32 %h4, i32 26, i32 31)


 <State 28>: 1.50ns
ST_28: tmp_560 (117)  [1/1] 0.00ns  loc: ed25519/src/fe.cpp:1561
:105  %tmp_560 = sext i7 %tmp_492 to i26

ST_28: h4_cast1 (120)  [1/1] 0.82ns  loc: ed25519/src/fe.cpp:1562
:108  %h4_cast1 = add i26 %tmp_560, %tmp_1399

ST_28: tmp_1365 (239)  [1/1] 0.00ns  loc: ed25519/src/fe.cpp:1604
:227  %tmp_1365 = call i8 @_ssdm_op_PartSelect.i8.i26.i32.i32(i26 %h4_cast1, i32 18, i32 25)

ST_28: s_addr_77 (240)  [1/1] 0.00ns  loc: ed25519/src/fe.cpp:1604
:228  %s_addr_77 = getelementptr [64 x i8]* %s, i64 0, i64 15

ST_28: StgValue_215 (241)  [1/1] 0.68ns  loc: ed25519/src/fe.cpp:1604
:229  store i8 %tmp_1365, i8* %s_addr_77, align 1


 <State 29>: 1.43ns
ST_29: tmp_558 (115)  [1/1] 0.00ns  loc: ed25519/src/fe.cpp:1561
:103  %tmp_558 = sext i7 %tmp_492 to i18

ST_29: h4_cast9 (121)  [1/1] 0.76ns  loc: ed25519/src/fe.cpp:1562
:109  %h4_cast9 = add i18 %tmp_558, %tmp_1398

ST_29: tmp_1364 (236)  [1/1] 0.00ns  loc: ed25519/src/fe.cpp:1603
:224  %tmp_1364 = call i8 @_ssdm_op_PartSelect.i8.i18.i32.i32(i18 %h4_cast9, i32 10, i32 17)

ST_29: s_addr_76 (237)  [1/1] 0.00ns  loc: ed25519/src/fe.cpp:1603
:225  %s_addr_76 = getelementptr [64 x i8]* %s, i64 0, i64 14

ST_29: StgValue_220 (238)  [1/1] 0.68ns  loc: ed25519/src/fe.cpp:1603
:226  store i8 %tmp_1364, i8* %s_addr_76, align 1


 <State 30>: 1.49ns
ST_30: tmp_556 (113)  [1/1] 0.00ns  loc: ed25519/src/fe.cpp:1561
:101  %tmp_556 = sext i7 %tmp_492 to i10

ST_30: h4_cast (122)  [1/1] 0.81ns  loc: ed25519/src/fe.cpp:1562
:110  %h4_cast = add i10 %tmp_556, %tmp_1397

ST_30: tmp_1363 (233)  [1/1] 0.00ns  loc: ed25519/src/fe.cpp:1602
:221  %tmp_1363 = call i8 @_ssdm_op_PartSelect.i8.i10.i32.i32(i10 %h4_cast, i32 2, i32 9)

ST_30: s_addr_75 (234)  [1/1] 0.00ns  loc: ed25519/src/fe.cpp:1602
:222  %s_addr_75 = getelementptr [64 x i8]* %s, i64 0, i64 13

ST_30: StgValue_225 (235)  [1/1] 0.68ns  loc: ed25519/src/fe.cpp:1602
:223  store i8 %tmp_1363, i8* %s_addr_75, align 1


 <State 31>: 0.82ns
ST_31: carry4 (124)  [1/1] 0.00ns  loc: ed25519/src/fe.cpp:1564
:112  %carry4 = sext i6 %tmp_494 to i32

ST_31: h5 (131)  [1/1] 0.82ns  loc: ed25519/src/fe.cpp:1565
:119  %h5 = add nsw i32 %p_read_158, %carry4

ST_31: tmp_498 (134)  [1/1] 0.00ns  loc: ed25519/src/fe.cpp:1567
:122  %tmp_498 = call i7 @_ssdm_op_PartSelect.i7.i32.i32.i32(i32 %h5, i32 25, i32 31)

ST_31: tmp_1419 (251)  [1/1] 0.00ns  loc: ed25519/src/fe.cpp:1565
:239  %tmp_1419 = call i1 @_ssdm_op_BitSelect.i1.i32.i32(i32 %h5, i32 24)


 <State 32>: 1.44ns
ST_32: tmp_564 (129)  [1/1] 0.00ns  loc: ed25519/src/fe.cpp:1564
:117  %tmp_564 = sext i6 %tmp_494 to i24

ST_32: h5_cast8 (132)  [1/1] 0.76ns  loc: ed25519/src/fe.cpp:1565
:120  %h5_cast8 = add i24 %tmp_564, %tmp_1402

ST_32: tmp_1368 (248)  [1/1] 0.00ns  loc: ed25519/src/fe.cpp:1607
:236  %tmp_1368 = call i8 @_ssdm_op_PartSelect.i8.i24.i32.i32(i24 %h5_cast8, i32 16, i32 23)

ST_32: s_addr_80 (249)  [1/1] 0.00ns  loc: ed25519/src/fe.cpp:1607
:237  %s_addr_80 = getelementptr [64 x i8]* %s, i64 0, i64 18

ST_32: StgValue_234 (250)  [1/1] 0.68ns  loc: ed25519/src/fe.cpp:1607
:238  store i8 %tmp_1368, i8* %s_addr_80, align 1


 <State 33>: 1.41ns
ST_33: tmp_562 (127)  [1/1] 0.00ns  loc: ed25519/src/fe.cpp:1564
:115  %tmp_562 = sext i6 %tmp_494 to i16

ST_33: h5_cast (133)  [1/1] 0.74ns  loc: ed25519/src/fe.cpp:1565
:121  %h5_cast = add i16 %tmp_562, %tmp_1401

ST_33: tmp_1367 (245)  [1/1] 0.00ns  loc: ed25519/src/fe.cpp:1606
:233  %tmp_1367 = call i8 @_ssdm_op_PartSelect.i8.i16.i32.i32(i16 %h5_cast, i32 8, i32 15)

ST_33: s_addr_79 (246)  [1/1] 0.00ns  loc: ed25519/src/fe.cpp:1606
:234  %s_addr_79 = getelementptr [64 x i8]* %s, i64 0, i64 17

ST_33: StgValue_239 (247)  [1/1] 0.68ns  loc: ed25519/src/fe.cpp:1606
:235  store i8 %tmp_1367, i8* %s_addr_79, align 1


 <State 34>: 0.82ns
ST_34: carry5 (135)  [1/1] 0.00ns  loc: ed25519/src/fe.cpp:1567
:123  %carry5 = sext i7 %tmp_498 to i32

ST_34: h6 (142)  [1/1] 0.82ns  loc: ed25519/src/fe.cpp:1568
:130  %h6 = add nsw i32 %p_read_157, %carry5

ST_34: tmp_500 (146)  [1/1] 0.00ns  loc: ed25519/src/fe.cpp:1570
:134  %tmp_500 = call i6 @_ssdm_op_PartSelect.i6.i32.i32.i32(i32 %h6, i32 26, i32 31)

ST_34: tmp_539 (264)  [1/1] 0.00ns  loc: ed25519/src/fe.cpp:1568
:252  %tmp_539 = call i5 @_ssdm_op_PartSelect.i5.i32.i32.i32(i32 %h6, i32 26, i32 30)


 <State 35>: 0.79ns
ST_35: tmp_570 (140)  [1/1] 0.00ns  loc: ed25519/src/fe.cpp:1567
:128  %tmp_570 = sext i7 %tmp_498 to i31

ST_35: h6_cast7 (143)  [1/1] 0.79ns  loc: ed25519/src/fe.cpp:1568
:131  %h6_cast7 = add i31 %tmp_570, %tmp_1405

ST_35: tmp_538_cast (263)  [1/1] 0.00ns  loc: ed25519/src/fe.cpp:1568
:251  %tmp_538_cast = call i3 @_ssdm_op_PartSelect.i3.i31.i32.i32(i31 %h6_cast7, i32 23, i32 25)


 <State 36>: 1.43ns
ST_36: tmp_568 (138)  [1/1] 0.00ns  loc: ed25519/src/fe.cpp:1567
:126  %tmp_568 = sext i7 %tmp_498 to i23

ST_36: h6_cast6 (144)  [1/1] 0.75ns  loc: ed25519/src/fe.cpp:1568
:132  %h6_cast6 = add i23 %tmp_568, %tmp_1404

ST_36: tmp_1371 (260)  [1/1] 0.00ns  loc: ed25519/src/fe.cpp:1610
:248  %tmp_1371 = call i8 @_ssdm_op_PartSelect.i8.i23.i32.i32(i23 %h6_cast6, i32 15, i32 22)

ST_36: s_addr_83 (261)  [1/1] 0.00ns  loc: ed25519/src/fe.cpp:1610
:249  %s_addr_83 = getelementptr [64 x i8]* %s, i64 0, i64 21

ST_36: StgValue_251 (262)  [1/1] 0.68ns  loc: ed25519/src/fe.cpp:1610
:250  store i8 %tmp_1371, i8* %s_addr_83, align 1


 <State 37>: 1.41ns
ST_37: tmp_566 (136)  [1/1] 0.00ns  loc: ed25519/src/fe.cpp:1567
:124  %tmp_566 = sext i7 %tmp_498 to i15

ST_37: h6_cast (145)  [1/1] 0.73ns  loc: ed25519/src/fe.cpp:1568
:133  %h6_cast = add i15 %tmp_566, %tmp_1403

ST_37: tmp_1370 (257)  [1/1] 0.00ns  loc: ed25519/src/fe.cpp:1609
:245  %tmp_1370 = call i8 @_ssdm_op_PartSelect.i8.i15.i32.i32(i15 %h6_cast, i32 7, i32 14)

ST_37: s_addr_82 (258)  [1/1] 0.00ns  loc: ed25519/src/fe.cpp:1609
:246  %s_addr_82 = getelementptr [64 x i8]* %s, i64 0, i64 20

ST_37: StgValue_256 (259)  [1/1] 0.68ns  loc: ed25519/src/fe.cpp:1609
:247  store i8 %tmp_1370, i8* %s_addr_82, align 1


 <State 38>: 0.82ns
ST_38: carry6 (147)  [1/1] 0.00ns  loc: ed25519/src/fe.cpp:1570
:135  %carry6 = sext i6 %tmp_500 to i32

ST_38: h7 (154)  [1/1] 0.82ns  loc: ed25519/src/fe.cpp:1571
:142  %h7 = add nsw i32 %p_read_156, %carry6

ST_38: tmp_502 (158)  [1/1] 0.00ns  loc: ed25519/src/fe.cpp:1573
:146  %tmp_502 = call i7 @_ssdm_op_PartSelect.i7.i32.i32.i32(i32 %h7, i32 25, i32 31)

ST_38: tmp_546 (277)  [1/1] 0.00ns  loc: ed25519/src/fe.cpp:1571
:265  %tmp_546 = call i4 @_ssdm_op_PartSelect.i4.i32.i32.i32(i32 %h7, i32 25, i32 28)


 <State 39>: 0.79ns
ST_39: tmp_576 (152)  [1/1] 0.00ns  loc: ed25519/src/fe.cpp:1570
:140  %tmp_576 = sext i6 %tmp_500 to i29

ST_39: h7_cast5 (155)  [1/1] 0.79ns  loc: ed25519/src/fe.cpp:1571
:143  %h7_cast5 = add i29 %tmp_576, %tmp_1408

ST_39: tmp_545_cast (276)  [1/1] 0.00ns  loc: ed25519/src/fe.cpp:1571
:264  %tmp_545_cast = call i4 @_ssdm_op_PartSelect.i4.i29.i32.i32(i29 %h7_cast5, i32 21, i32 24)


 <State 40>: 1.41ns
ST_40: tmp_574 (150)  [1/1] 0.00ns  loc: ed25519/src/fe.cpp:1570
:138  %tmp_574 = sext i6 %tmp_500 to i21

ST_40: h7_cast4 (156)  [1/1] 0.73ns  loc: ed25519/src/fe.cpp:1571
:144  %h7_cast4 = add i21 %tmp_574, %tmp_1407

ST_40: tmp_1374 (273)  [1/1] 0.00ns  loc: ed25519/src/fe.cpp:1613
:261  %tmp_1374 = call i8 @_ssdm_op_PartSelect.i8.i21.i32.i32(i21 %h7_cast4, i32 13, i32 20)

ST_40: s_addr_86 (274)  [1/1] 0.00ns  loc: ed25519/src/fe.cpp:1613
:262  %s_addr_86 = getelementptr [64 x i8]* %s, i64 0, i64 24

ST_40: StgValue_268 (275)  [1/1] 0.68ns  loc: ed25519/src/fe.cpp:1613
:263  store i8 %tmp_1374, i8* %s_addr_86, align 1


 <State 41>: 1.40ns
ST_41: tmp_572 (148)  [1/1] 0.00ns  loc: ed25519/src/fe.cpp:1570
:136  %tmp_572 = sext i6 %tmp_500 to i13

ST_41: h7_cast (157)  [1/1] 0.72ns  loc: ed25519/src/fe.cpp:1571
:145  %h7_cast = add i13 %tmp_572, %tmp_1406

ST_41: tmp_1373 (270)  [1/1] 0.00ns  loc: ed25519/src/fe.cpp:1612
:258  %tmp_1373 = call i8 @_ssdm_op_PartSelect.i8.i13.i32.i32(i13 %h7_cast, i32 5, i32 12)

ST_41: s_addr_85 (271)  [1/1] 0.00ns  loc: ed25519/src/fe.cpp:1612
:259  %s_addr_85 = getelementptr [64 x i8]* %s, i64 0, i64 23

ST_41: StgValue_273 (272)  [1/1] 0.68ns  loc: ed25519/src/fe.cpp:1612
:260  store i8 %tmp_1373, i8* %s_addr_85, align 1


 <State 42>: 0.82ns
ST_42: carry7 (159)  [1/1] 0.00ns  loc: ed25519/src/fe.cpp:1573
:147  %carry7 = sext i7 %tmp_502 to i32

ST_42: h8 (166)  [1/1] 0.82ns  loc: ed25519/src/fe.cpp:1574
:154  %h8 = add nsw i32 %p_read_155, %carry7

ST_42: tmp_504 (170)  [1/1] 0.00ns  loc: ed25519/src/fe.cpp:1576
:158  %tmp_504 = call i6 @_ssdm_op_PartSelect.i6.i32.i32.i32(i32 %h8, i32 26, i32 31)

ST_42: tmp_553 (290)  [1/1] 0.00ns  loc: ed25519/src/fe.cpp:1574
:278  %tmp_553 = call i2 @_ssdm_op_PartSelect.i2.i32.i32.i32(i32 %h8, i32 26, i32 27)


 <State 43>: 0.82ns
ST_43: tmp_582 (164)  [1/1] 0.00ns  loc: ed25519/src/fe.cpp:1573
:152  %tmp_582 = sext i7 %tmp_502 to i28

ST_43: h8_cast3 (167)  [1/1] 0.82ns  loc: ed25519/src/fe.cpp:1574
:155  %h8_cast3 = add i28 %tmp_582, %tmp_1411

ST_43: tmp_552_cast (289)  [1/1] 0.00ns  loc: ed25519/src/fe.cpp:1574
:277  %tmp_552_cast = call i6 @_ssdm_op_PartSelect.i6.i28.i32.i32(i28 %h8_cast3, i32 20, i32 25)


 <State 44>: 1.42ns
ST_44: tmp_580 (162)  [1/1] 0.00ns  loc: ed25519/src/fe.cpp:1573
:150  %tmp_580 = sext i7 %tmp_502 to i20

ST_44: h8_cast2 (168)  [1/1] 0.74ns  loc: ed25519/src/fe.cpp:1574
:156  %h8_cast2 = add i20 %tmp_580, %tmp_1410

ST_44: tmp_1377 (286)  [1/1] 0.00ns  loc: ed25519/src/fe.cpp:1616
:274  %tmp_1377 = call i8 @_ssdm_op_PartSelect.i8.i20.i32.i32(i20 %h8_cast2, i32 12, i32 19)

ST_44: s_addr_89 (287)  [1/1] 0.00ns  loc: ed25519/src/fe.cpp:1616
:275  %s_addr_89 = getelementptr [64 x i8]* %s, i64 0, i64 27

ST_44: StgValue_285 (288)  [1/1] 0.68ns  loc: ed25519/src/fe.cpp:1616
:276  store i8 %tmp_1377, i8* %s_addr_89, align 1


 <State 45>: 1.39ns
ST_45: tmp_578 (160)  [1/1] 0.00ns  loc: ed25519/src/fe.cpp:1573
:148  %tmp_578 = sext i7 %tmp_502 to i12

ST_45: h8_cast (169)  [1/1] 0.72ns  loc: ed25519/src/fe.cpp:1574
:157  %h8_cast = add i12 %tmp_578, %tmp_1409

ST_45: tmp_1376 (283)  [1/1] 0.00ns  loc: ed25519/src/fe.cpp:1615
:271  %tmp_1376 = call i8 @_ssdm_op_PartSelect.i8.i12.i32.i32(i12 %h8_cast, i32 4, i32 11)

ST_45: s_addr_88 (284)  [1/1] 0.00ns  loc: ed25519/src/fe.cpp:1615
:272  %s_addr_88 = getelementptr [64 x i8]* %s, i64 0, i64 26

ST_45: StgValue_290 (285)  [1/1] 0.68ns  loc: ed25519/src/fe.cpp:1615
:273  store i8 %tmp_1376, i8* %s_addr_88, align 1


 <State 46>: 1.50ns
ST_46: carry8_cast (171)  [1/1] 0.00ns  loc: ed25519/src/fe.cpp:1576
:159  %carry8_cast = sext i6 %tmp_504 to i26

ST_46: h9 (177)  [1/1] 0.82ns  loc: ed25519/src/fe.cpp:1577
:165  %h9 = add i26 %tmp_1412, %carry8_cast

ST_46: tmp_559_cast (302)  [1/1] 0.00ns  loc: ed25519/src/fe.cpp:1620
:290  %tmp_559_cast = call i7 @_ssdm_op_PartSelect.i7.i26.i32.i32(i26 %h9, i32 18, i32 24)

ST_46: tmp_1543_cast (303)  [1/1] 0.00ns  loc: ed25519/src/fe.cpp:1620
:291  %tmp_1543_cast = zext i7 %tmp_559_cast to i8

ST_46: s_addr_93 (304)  [1/1] 0.00ns  loc: ed25519/src/fe.cpp:1620
:292  %s_addr_93 = getelementptr [64 x i8]* %s, i64 0, i64 31

ST_46: StgValue_296 (305)  [1/1] 0.68ns  loc: ed25519/src/fe.cpp:1620
:293  store i8 %tmp_1543_cast, i8* %s_addr_93, align 1


 <State 47>: 1.43ns
ST_47: tmp_586 (175)  [1/1] 0.00ns  loc: ed25519/src/fe.cpp:1576
:163  %tmp_586 = sext i6 %tmp_504 to i18

ST_47: h9_cast1 (178)  [1/1] 0.76ns  loc: ed25519/src/fe.cpp:1577
:166  %h9_cast1 = add i18 %tmp_586, %tmp_1414

ST_47: tmp_1380 (299)  [1/1] 0.00ns  loc: ed25519/src/fe.cpp:1619
:287  %tmp_1380 = call i8 @_ssdm_op_PartSelect.i8.i18.i32.i32(i18 %h9_cast1, i32 10, i32 17)

ST_47: s_addr_92 (300)  [1/1] 0.00ns  loc: ed25519/src/fe.cpp:1619
:288  %s_addr_92 = getelementptr [64 x i8]* %s, i64 0, i64 30

ST_47: StgValue_301 (301)  [1/1] 0.68ns  loc: ed25519/src/fe.cpp:1619
:289  store i8 %tmp_1380, i8* %s_addr_92, align 1


 <State 48>: 1.49ns
ST_48: tmp_584 (173)  [1/1] 0.00ns  loc: ed25519/src/fe.cpp:1576
:161  %tmp_584 = sext i6 %tmp_504 to i10

ST_48: h9_cast (179)  [1/1] 0.81ns  loc: ed25519/src/fe.cpp:1577
:167  %h9_cast = add i10 %tmp_584, %tmp_1413

ST_48: tmp_1379 (296)  [1/1] 0.00ns  loc: ed25519/src/fe.cpp:1618
:284  %tmp_1379 = call i8 @_ssdm_op_PartSelect.i8.i10.i32.i32(i10 %h9_cast, i32 2, i32 9)

ST_48: s_addr_91 (297)  [1/1] 0.00ns  loc: ed25519/src/fe.cpp:1618
:285  %s_addr_91 = getelementptr [64 x i8]* %s, i64 0, i64 29

ST_48: StgValue_306 (298)  [1/1] 0.68ns  loc: ed25519/src/fe.cpp:1618
:286  store i8 %tmp_1379, i8* %s_addr_91, align 1


 <State 49>: 1.50ns
ST_49: s_addr (22)  [1/1] 0.00ns
:10  %s_addr = getelementptr [64 x i8]* %s, i64 0, i64 0

ST_49: tmp_1350 (180)  [1/1] 0.82ns  loc: ed25519/src/fe.cpp:1589
:168  %tmp_1350 = add i8 %tmp_1384, %tmp_1385

ST_49: StgValue_309 (181)  [1/1] 0.68ns  loc: ed25519/src/fe.cpp:1589
:169  store i8 %tmp_1350, i8* %s_addr, align 1


 <State 50>: 1.43ns
ST_50: tmp_507 (190)  [1/1] 0.75ns  loc: ed25519/src/fe.cpp:1592
:178  %tmp_507 = add i6 %tmp_486, %tmp_1415

ST_50: tmp_1353 (191)  [1/1] 0.00ns  loc: ed25519/src/fe.cpp:1592
:179  %tmp_1353 = call i8 @_ssdm_op_BitConcatenate.i8.i6.i2(i6 %tmp_507, i2 %tmp_505_cast)

ST_50: s_addr_65 (192)  [1/1] 0.00ns  loc: ed25519/src/fe.cpp:1592
:180  %s_addr_65 = getelementptr [64 x i8]* %s, i64 0, i64 3

ST_50: StgValue_313 (193)  [1/1] 0.68ns  loc: ed25519/src/fe.cpp:1592
:181  store i8 %tmp_1353, i8* %s_addr_65, align 1


 <State 51>: 1.46ns
ST_51: tmp_514 (203)  [1/1] 0.78ns  loc: ed25519/src/fe.cpp:1595
:191  %tmp_514 = add i5 %tmp_512, %tmp_1416

ST_51: tmp_1356 (204)  [1/1] 0.00ns  loc: ed25519/src/fe.cpp:1595
:192  %tmp_1356 = call i8 @_ssdm_op_BitConcatenate.i8.i5.i3(i5 %tmp_514, i3 %tmp_511_cast)

ST_51: s_addr_68 (205)  [1/1] 0.00ns  loc: ed25519/src/fe.cpp:1595
:193  %s_addr_68 = getelementptr [64 x i8]* %s, i64 0, i64 6

ST_51: StgValue_317 (206)  [1/1] 0.68ns  loc: ed25519/src/fe.cpp:1595
:194  store i8 %tmp_1356, i8* %s_addr_68, align 1


 <State 52>: 1.42ns
ST_52: tmp_521 (216)  [1/1] 0.74ns  loc: ed25519/src/fe.cpp:1598
:204  %tmp_521 = add i3 %tmp_519, %tmp_1417

ST_52: tmp_1359 (217)  [1/1] 0.00ns  loc: ed25519/src/fe.cpp:1598
:205  %tmp_1359 = call i8 @_ssdm_op_BitConcatenate.i8.i3.i5(i3 %tmp_521, i5 %tmp_518_cast)

ST_52: s_addr_71 (218)  [1/1] 0.00ns  loc: ed25519/src/fe.cpp:1598
:206  %s_addr_71 = getelementptr [64 x i8]* %s, i64 0, i64 9

ST_52: StgValue_321 (219)  [1/1] 0.68ns  loc: ed25519/src/fe.cpp:1598
:207  store i8 %tmp_1359, i8* %s_addr_71, align 1


 <State 53>: 1.35ns
ST_53: tmp_528 (229)  [1/1] 0.68ns  loc: ed25519/src/fe.cpp:1601
:217  %tmp_528 = add i2 %tmp_526, %tmp_1418

ST_53: tmp_1362 (230)  [1/1] 0.00ns  loc: ed25519/src/fe.cpp:1601
:218  %tmp_1362 = call i8 @_ssdm_op_BitConcatenate.i8.i2.i6(i2 %tmp_528, i6 %tmp_525_cast)

ST_53: s_addr_74 (231)  [1/1] 0.00ns  loc: ed25519/src/fe.cpp:1601
:219  %s_addr_74 = getelementptr [64 x i8]* %s, i64 0, i64 12

ST_53: StgValue_325 (232)  [1/1] 0.68ns  loc: ed25519/src/fe.cpp:1601
:220  store i8 %tmp_1362, i8* %s_addr_74, align 1


 <State 54>: 1.50ns
ST_54: tmp_495 (125)  [1/1] 0.00ns  loc: ed25519/src/fe.cpp:1564
:113  %tmp_495 = sext i6 %tmp_494 to i8

ST_54: tmp_1366 (242)  [1/1] 0.82ns  loc: ed25519/src/fe.cpp:1605
:230  %tmp_1366 = add i8 %tmp_495, %tmp_1400

ST_54: s_addr_78 (243)  [1/1] 0.00ns  loc: ed25519/src/fe.cpp:1605
:231  %s_addr_78 = getelementptr [64 x i8]* %s, i64 0, i64 16

ST_54: StgValue_329 (244)  [1/1] 0.68ns  loc: ed25519/src/fe.cpp:1605
:232  store i8 %tmp_1366, i8* %s_addr_78, align 1


 <State 55>: 1.47ns
ST_55: tmp_534 (253)  [1/1] 0.79ns  loc: ed25519/src/fe.cpp:1608
:241  %tmp_534 = add i7 %tmp_498, %tmp_1420

ST_55: tmp_1369 (254)  [1/1] 0.00ns  loc: ed25519/src/fe.cpp:1608
:242  %tmp_1369 = call i8 @_ssdm_op_BitConcatenate.i8.i7.i1(i7 %tmp_534, i1 %tmp_1419)

ST_55: s_addr_81 (255)  [1/1] 0.00ns  loc: ed25519/src/fe.cpp:1608
:243  %s_addr_81 = getelementptr [64 x i8]* %s, i64 0, i64 19

ST_55: StgValue_333 (256)  [1/1] 0.68ns  loc: ed25519/src/fe.cpp:1608
:244  store i8 %tmp_1369, i8* %s_addr_81, align 1


 <State 56>: 1.46ns
ST_56: tmp_541 (266)  [1/1] 0.78ns  loc: ed25519/src/fe.cpp:1611
:254  %tmp_541 = add i5 %tmp_539, %tmp_1421

ST_56: tmp_1372 (267)  [1/1] 0.00ns  loc: ed25519/src/fe.cpp:1611
:255  %tmp_1372 = call i8 @_ssdm_op_BitConcatenate.i8.i5.i3(i5 %tmp_541, i3 %tmp_538_cast)

ST_56: s_addr_84 (268)  [1/1] 0.00ns  loc: ed25519/src/fe.cpp:1611
:256  %s_addr_84 = getelementptr [64 x i8]* %s, i64 0, i64 22

ST_56: StgValue_337 (269)  [1/1] 0.68ns  loc: ed25519/src/fe.cpp:1611
:257  store i8 %tmp_1372, i8* %s_addr_84, align 1


 <State 57>: 1.48ns
ST_57: tmp_548 (279)  [1/1] 0.81ns  loc: ed25519/src/fe.cpp:1614
:267  %tmp_548 = add i4 %tmp_546, %tmp_1422

ST_57: tmp_1375 (280)  [1/1] 0.00ns  loc: ed25519/src/fe.cpp:1614
:268  %tmp_1375 = call i8 @_ssdm_op_BitConcatenate.i8.i4.i4(i4 %tmp_548, i4 %tmp_545_cast)

ST_57: s_addr_87 (281)  [1/1] 0.00ns  loc: ed25519/src/fe.cpp:1614
:269  %s_addr_87 = getelementptr [64 x i8]* %s, i64 0, i64 25

ST_57: StgValue_341 (282)  [1/1] 0.68ns  loc: ed25519/src/fe.cpp:1614
:270  store i8 %tmp_1375, i8* %s_addr_87, align 1


 <State 58>: 1.35ns
ST_58: StgValue_342 (23)  [1/1] 0.00ns  loc: ed25519/src/fe.cpp:1510
:11  call void (...)* @_ssdm_op_SpecResourceLimit(i32 1, [4 x i8]* @p_str3, [1 x i8]* @p_str14, [1 x i8]* @p_str14, [1 x i8]* @p_str14) nounwind

ST_58: StgValue_343 (24)  [1/1] 0.00ns  loc: ed25519/src/fe.cpp:1511
:12  call void (...)* @_ssdm_op_SpecResourceLimit(i32 1, [4 x i8]* @p_str25, [1 x i8]* @p_str14, [1 x i8]* @p_str14, [1 x i8]* @p_str14) nounwind

ST_58: StgValue_344 (25)  [1/1] 0.00ns  loc: ed25519/src/fe.cpp:1512
:13  call void (...)* @_ssdm_op_SpecResourceLimit(i32 1, [4 x i8]* @p_str36, [1 x i8]* @p_str14, [1 x i8]* @p_str14, [1 x i8]* @p_str14) nounwind

ST_58: StgValue_345 (26)  [1/1] 0.00ns  loc: ed25519/src/fe.cpp:1513
:14  call void (...)* @_ssdm_op_SpecResourceLimit(i32 1, [5 x i8]* @p_str4, [1 x i8]* @p_str14, [1 x i8]* @p_str14, [1 x i8]* @p_str14) nounwind

ST_58: StgValue_346 (27)  [1/1] 0.00ns  loc: ed25519/src/fe.cpp:1514
:15  call void (...)* @_ssdm_op_SpecResourceLimit(i32 1, [5 x i8]* @p_str5, [1 x i8]* @p_str14, [1 x i8]* @p_str14, [1 x i8]* @p_str14) nounwind

ST_58: StgValue_347 (28)  [1/1] 0.00ns  loc: ed25519/src/fe.cpp:1515
:16  call void (...)* @_ssdm_op_SpecResourceLimit(i32 1, [5 x i8]* @p_str6, [1 x i8]* @p_str14, [1 x i8]* @p_str14, [1 x i8]* @p_str14) nounwind

ST_58: StgValue_348 (29)  [1/1] 0.00ns  loc: ed25519/src/fe.cpp:1516
:17  call void (...)* @_ssdm_op_SpecResourceLimit(i32 1, [4 x i8]* @p_str7, [1 x i8]* @p_str14, [1 x i8]* @p_str14, [1 x i8]* @p_str14) nounwind

ST_58: tmp_555 (292)  [1/1] 0.68ns  loc: ed25519/src/fe.cpp:1617
:280  %tmp_555 = add i2 %tmp_553, %tmp_1423

ST_58: tmp_1378 (293)  [1/1] 0.00ns  loc: ed25519/src/fe.cpp:1617
:281  %tmp_1378 = call i8 @_ssdm_op_BitConcatenate.i8.i2.i6(i2 %tmp_555, i6 %tmp_552_cast)

ST_58: s_addr_90 (294)  [1/1] 0.00ns  loc: ed25519/src/fe.cpp:1617
:282  %s_addr_90 = getelementptr [64 x i8]* %s, i64 0, i64 28

ST_58: StgValue_352 (295)  [1/1] 0.68ns  loc: ed25519/src/fe.cpp:1617
:283  store i8 %tmp_1378, i8* %s_addr_90, align 1

ST_58: StgValue_353 (306)  [1/1] 0.00ns  loc: ed25519/src/fe.cpp:1621
:294  ret void



============================================================
+ Verbose Summary: Timing violations
============================================================
Target clock period: 10ns, clock uncertainty: 1.25ns.

 <State 1>: 3.53ns
The critical path consists of the following:
	wire read on port 'p_read9' [12]  (0 ns)
	'mul' operation ('tmp', ed25519/src/fe.cpp:1538) [30]  (2.71 ns)
	'add' operation ('tmp_s', ed25519/src/fe.cpp:1538) [31]  (0.825 ns)

 <State 2>: 0.825ns
The critical path consists of the following:
	wire read on port 'p_read' [21]  (0 ns)
	'add' operation ('tmp_1339', ed25519/src/fe.cpp:1539) [34]  (0.825 ns)

 <State 3>: 0.825ns
The critical path consists of the following:
	wire read on port 'p_read1' [20]  (0 ns)
	'add' operation ('tmp_1340', ed25519/src/fe.cpp:1540) [37]  (0.825 ns)

 <State 4>: 0.825ns
The critical path consists of the following:
	wire read on port 'p_read2' [19]  (0 ns)
	'add' operation ('tmp_1341', ed25519/src/fe.cpp:1541) [40]  (0.825 ns)

 <State 5>: 0.825ns
The critical path consists of the following:
	wire read on port 'p_read3' [18]  (0 ns)
	'add' operation ('tmp_1342', ed25519/src/fe.cpp:1542) [43]  (0.825 ns)

 <State 6>: 0.825ns
The critical path consists of the following:
	wire read on port 'p_read4' [17]  (0 ns)
	'add' operation ('tmp_1343', ed25519/src/fe.cpp:1543) [46]  (0.825 ns)

 <State 7>: 0.825ns
The critical path consists of the following:
	wire read on port 'p_read5' [16]  (0 ns)
	'add' operation ('tmp_1344', ed25519/src/fe.cpp:1544) [49]  (0.825 ns)

 <State 8>: 0.825ns
The critical path consists of the following:
	wire read on port 'p_read6' [15]  (0 ns)
	'add' operation ('tmp_1345', ed25519/src/fe.cpp:1545) [52]  (0.825 ns)

 <State 9>: 0.825ns
The critical path consists of the following:
	wire read on port 'p_read7' [14]  (0 ns)
	'add' operation ('tmp_1346', ed25519/src/fe.cpp:1546) [55]  (0.825 ns)

 <State 10>: 0.825ns
The critical path consists of the following:
	wire read on port 'p_read8' [13]  (0 ns)
	'add' operation ('tmp_1347', ed25519/src/fe.cpp:1547) [58]  (0.825 ns)

 <State 11>: 0.825ns
The critical path consists of the following:
	'add' operation ('tmp_1348', ed25519/src/fe.cpp:1548) [61]  (0.825 ns)

 <State 12>: 2.77ns
The critical path consists of the following:
	'mul' operation ('tmp_1349', ed25519/src/fe.cpp:1550) [64]  (1.95 ns)
	'add' operation ('h0', ed25519/src/fe.cpp:1550) [72]  (0.825 ns)

 <State 13>: 1.44ns
The critical path consists of the following:
	'add' operation ('h0_cast1', ed25519/src/fe.cpp:1550) [73]  (0.758 ns)
	'store' operation (ed25519/src/fe.cpp:1591) of variable 'tmp_1352', ed25519/src/fe.cpp:1591 on array 's' [187]  (0.677 ns)

 <State 14>: 1.41ns
The critical path consists of the following:
	'add' operation ('h0_cast', ed25519/src/fe.cpp:1550) [74]  (0.737 ns)
	'store' operation (ed25519/src/fe.cpp:1590) of variable 'tmp_1351', ed25519/src/fe.cpp:1590 on array 's' [184]  (0.677 ns)

 <State 15>: 0.825ns
The critical path consists of the following:
	'add' operation ('h1', ed25519/src/fe.cpp:1553) [83]  (0.825 ns)

 <State 16>: 0.754ns
The critical path consists of the following:
	'add' operation ('h1_cast1', ed25519/src/fe.cpp:1553) [84]  (0.754 ns)

 <State 17>: 1.42ns
The critical path consists of the following:
	'add' operation ('h1_cast2', ed25519/src/fe.cpp:1553) [85]  (0.739 ns)
	'store' operation (ed25519/src/fe.cpp:1594) of variable 'tmp_1355', ed25519/src/fe.cpp:1594 on array 's' [199]  (0.677 ns)

 <State 18>: 1.4ns
The critical path consists of the following:
	'add' operation ('h1_cast', ed25519/src/fe.cpp:1553) [86]  (0.724 ns)
	'store' operation (ed25519/src/fe.cpp:1593) of variable 'tmp_1354', ed25519/src/fe.cpp:1593 on array 's' [196]  (0.677 ns)

 <State 19>: 0.825ns
The critical path consists of the following:
	'add' operation ('h2', ed25519/src/fe.cpp:1556) [95]  (0.825 ns)

 <State 20>: 0.788ns
The critical path consists of the following:
	'add' operation ('h2_cast1', ed25519/src/fe.cpp:1556) [96]  (0.788 ns)

 <State 21>: 1.41ns
The critical path consists of the following:
	'add' operation ('h2_cast2', ed25519/src/fe.cpp:1556) [97]  (0.73 ns)
	'store' operation (ed25519/src/fe.cpp:1597) of variable 'tmp_1358', ed25519/src/fe.cpp:1597 on array 's' [212]  (0.677 ns)

 <State 22>: 1.4ns
The critical path consists of the following:
	'add' operation ('h2_cast', ed25519/src/fe.cpp:1556) [98]  (0.721 ns)
	'store' operation (ed25519/src/fe.cpp:1596) of variable 'tmp_1357', ed25519/src/fe.cpp:1596 on array 's' [209]  (0.677 ns)

 <State 23>: 0.825ns
The critical path consists of the following:
	'add' operation ('h3', ed25519/src/fe.cpp:1559) [107]  (0.825 ns)

 <State 24>: 0.857ns
The critical path consists of the following:
	'add' operation ('h3_cast1', ed25519/src/fe.cpp:1559) [108]  (0.857 ns)

 <State 25>: 1.42ns
The critical path consists of the following:
	'add' operation ('h3_cast2', ed25519/src/fe.cpp:1559) [109]  (0.747 ns)
	'store' operation (ed25519/src/fe.cpp:1600) of variable 'tmp_1361', ed25519/src/fe.cpp:1600 on array 's' [225]  (0.677 ns)

 <State 26>: 1.44ns
The critical path consists of the following:
	'add' operation ('h3_cast', ed25519/src/fe.cpp:1559) [110]  (0.765 ns)
	'store' operation (ed25519/src/fe.cpp:1599) of variable 'tmp_1360', ed25519/src/fe.cpp:1599 on array 's' [222]  (0.677 ns)

 <State 27>: 0.825ns
The critical path consists of the following:
	'add' operation ('h4', ed25519/src/fe.cpp:1562) [119]  (0.825 ns)

 <State 28>: 1.5ns
The critical path consists of the following:
	'add' operation ('h4_cast1', ed25519/src/fe.cpp:1562) [120]  (0.824 ns)
	'store' operation (ed25519/src/fe.cpp:1604) of variable 'tmp_1365', ed25519/src/fe.cpp:1604 on array 's' [241]  (0.677 ns)

 <State 29>: 1.43ns
The critical path consists of the following:
	'add' operation ('h4_cast9', ed25519/src/fe.cpp:1562) [121]  (0.755 ns)
	'store' operation (ed25519/src/fe.cpp:1603) of variable 'tmp_1364', ed25519/src/fe.cpp:1603 on array 's' [238]  (0.677 ns)

 <State 30>: 1.49ns
The critical path consists of the following:
	'add' operation ('h4_cast', ed25519/src/fe.cpp:1562) [122]  (0.812 ns)
	'store' operation (ed25519/src/fe.cpp:1602) of variable 'tmp_1363', ed25519/src/fe.cpp:1602 on array 's' [235]  (0.677 ns)

 <State 31>: 0.825ns
The critical path consists of the following:
	'add' operation ('h5', ed25519/src/fe.cpp:1565) [131]  (0.825 ns)

 <State 32>: 1.44ns
The critical path consists of the following:
	'add' operation ('h5_cast8', ed25519/src/fe.cpp:1565) [132]  (0.758 ns)
	'store' operation (ed25519/src/fe.cpp:1607) of variable 'tmp_1368', ed25519/src/fe.cpp:1607 on array 's' [250]  (0.677 ns)

 <State 33>: 1.41ns
The critical path consists of the following:
	'add' operation ('h5_cast', ed25519/src/fe.cpp:1565) [133]  (0.737 ns)
	'store' operation (ed25519/src/fe.cpp:1606) of variable 'tmp_1367', ed25519/src/fe.cpp:1606 on array 's' [247]  (0.677 ns)

 <State 34>: 0.825ns
The critical path consists of the following:
	'add' operation ('h6', ed25519/src/fe.cpp:1568) [142]  (0.825 ns)

 <State 35>: 0.789ns
The critical path consists of the following:
	'add' operation ('h6_cast7', ed25519/src/fe.cpp:1568) [143]  (0.789 ns)

 <State 36>: 1.43ns
The critical path consists of the following:
	'add' operation ('h6_cast6', ed25519/src/fe.cpp:1568) [144]  (0.749 ns)
	'store' operation (ed25519/src/fe.cpp:1610) of variable 'tmp_1371', ed25519/src/fe.cpp:1610 on array 's' [262]  (0.677 ns)

 <State 37>: 1.41ns
The critical path consists of the following:
	'add' operation ('h6_cast', ed25519/src/fe.cpp:1568) [145]  (0.728 ns)
	'store' operation (ed25519/src/fe.cpp:1609) of variable 'tmp_1370', ed25519/src/fe.cpp:1609 on array 's' [259]  (0.677 ns)

 <State 38>: 0.825ns
The critical path consists of the following:
	'add' operation ('h7', ed25519/src/fe.cpp:1571) [154]  (0.825 ns)

 <State 39>: 0.788ns
The critical path consists of the following:
	'add' operation ('h7_cast5', ed25519/src/fe.cpp:1571) [155]  (0.788 ns)

 <State 40>: 1.41ns
The critical path consists of the following:
	'add' operation ('h7_cast4', ed25519/src/fe.cpp:1571) [156]  (0.73 ns)
	'store' operation (ed25519/src/fe.cpp:1613) of variable 'tmp_1374', ed25519/src/fe.cpp:1613 on array 's' [275]  (0.677 ns)

 <State 41>: 1.4ns
The critical path consists of the following:
	'add' operation ('h7_cast', ed25519/src/fe.cpp:1571) [157]  (0.721 ns)
	'store' operation (ed25519/src/fe.cpp:1612) of variable 'tmp_1373', ed25519/src/fe.cpp:1612 on array 's' [272]  (0.677 ns)

 <State 42>: 0.825ns
The critical path consists of the following:
	'add' operation ('h8', ed25519/src/fe.cpp:1574) [166]  (0.825 ns)

 <State 43>: 0.823ns
The critical path consists of the following:
	'add' operation ('h8_cast3', ed25519/src/fe.cpp:1574) [167]  (0.823 ns)

 <State 44>: 1.42ns
The critical path consists of the following:
	'add' operation ('h8_cast2', ed25519/src/fe.cpp:1574) [168]  (0.738 ns)
	'store' operation (ed25519/src/fe.cpp:1616) of variable 'tmp_1377', ed25519/src/fe.cpp:1616 on array 's' [288]  (0.677 ns)

 <State 45>: 1.39ns
The critical path consists of the following:
	'add' operation ('h8_cast', ed25519/src/fe.cpp:1574) [169]  (0.717 ns)
	'store' operation (ed25519/src/fe.cpp:1615) of variable 'tmp_1376', ed25519/src/fe.cpp:1615 on array 's' [285]  (0.677 ns)

 <State 46>: 1.5ns
The critical path consists of the following:
	'add' operation ('h9', ed25519/src/fe.cpp:1577) [177]  (0.824 ns)
	'store' operation (ed25519/src/fe.cpp:1620) of variable 'tmp_1543_cast', ed25519/src/fe.cpp:1620 on array 's' [305]  (0.677 ns)

 <State 47>: 1.43ns
The critical path consists of the following:
	'add' operation ('h9_cast1', ed25519/src/fe.cpp:1577) [178]  (0.755 ns)
	'store' operation (ed25519/src/fe.cpp:1619) of variable 'tmp_1380', ed25519/src/fe.cpp:1619 on array 's' [301]  (0.677 ns)

 <State 48>: 1.49ns
The critical path consists of the following:
	'add' operation ('h9_cast', ed25519/src/fe.cpp:1577) [179]  (0.812 ns)
	'store' operation (ed25519/src/fe.cpp:1618) of variable 'tmp_1379', ed25519/src/fe.cpp:1618 on array 's' [298]  (0.677 ns)

 <State 49>: 1.5ns
The critical path consists of the following:
	'add' operation ('tmp_1350', ed25519/src/fe.cpp:1589) [180]  (0.825 ns)
	'store' operation (ed25519/src/fe.cpp:1589) of variable 'tmp_1350', ed25519/src/fe.cpp:1589 on array 's' [181]  (0.677 ns)

 <State 50>: 1.43ns
The critical path consists of the following:
	'add' operation ('tmp_507', ed25519/src/fe.cpp:1592) [190]  (0.754 ns)
	'store' operation (ed25519/src/fe.cpp:1592) of variable 'tmp_1353', ed25519/src/fe.cpp:1592 on array 's' [193]  (0.677 ns)

 <State 51>: 1.46ns
The critical path consists of the following:
	'add' operation ('tmp_514', ed25519/src/fe.cpp:1595) [203]  (0.78 ns)
	'store' operation (ed25519/src/fe.cpp:1595) of variable 'tmp_1356', ed25519/src/fe.cpp:1595 on array 's' [206]  (0.677 ns)

 <State 52>: 1.42ns
The critical path consists of the following:
	'add' operation ('tmp_521', ed25519/src/fe.cpp:1598) [216]  (0.741 ns)
	'store' operation (ed25519/src/fe.cpp:1598) of variable 'tmp_1359', ed25519/src/fe.cpp:1598 on array 's' [219]  (0.677 ns)

 <State 53>: 1.35ns
The critical path consists of the following:
	'add' operation ('tmp_528', ed25519/src/fe.cpp:1601) [229]  (0.677 ns)
	'store' operation (ed25519/src/fe.cpp:1601) of variable 'tmp_1362', ed25519/src/fe.cpp:1601 on array 's' [232]  (0.677 ns)

 <State 54>: 1.5ns
The critical path consists of the following:
	'add' operation ('tmp_1366', ed25519/src/fe.cpp:1605) [242]  (0.825 ns)
	'store' operation (ed25519/src/fe.cpp:1605) of variable 'tmp_1366', ed25519/src/fe.cpp:1605 on array 's' [244]  (0.677 ns)

 <State 55>: 1.47ns
The critical path consists of the following:
	'add' operation ('tmp_534', ed25519/src/fe.cpp:1608) [253]  (0.789 ns)
	'store' operation (ed25519/src/fe.cpp:1608) of variable 'tmp_1369', ed25519/src/fe.cpp:1608 on array 's' [256]  (0.677 ns)

 <State 56>: 1.46ns
The critical path consists of the following:
	'add' operation ('tmp_541', ed25519/src/fe.cpp:1611) [266]  (0.78 ns)
	'store' operation (ed25519/src/fe.cpp:1611) of variable 'tmp_1372', ed25519/src/fe.cpp:1611 on array 's' [269]  (0.677 ns)

 <State 57>: 1.48ns
The critical path consists of the following:
	'add' operation ('tmp_548', ed25519/src/fe.cpp:1614) [279]  (0.805 ns)
	'store' operation (ed25519/src/fe.cpp:1614) of variable 'tmp_1375', ed25519/src/fe.cpp:1614 on array 's' [282]  (0.677 ns)

 <State 58>: 1.35ns
The critical path consists of the following:
	'add' operation ('tmp_555', ed25519/src/fe.cpp:1617) [292]  (0.677 ns)
	'store' operation (ed25519/src/fe.cpp:1617) of variable 'tmp_1378', ed25519/src/fe.cpp:1617 on array 's' [295]  (0.677 ns)


============================================================
+ Verbose Summary: Binding
============================================================
N/A
* FSMD analyzer results:
  - Output states:
 - Input state : 
  - Chain level:
	State 1
	State 2
	State 3
	State 4
	State 5
	State 6
	State 7
	State 8
	State 9
	State 10
	State 11
	State 12
	State 13
	State 14
	State 15
	State 16
	State 17
	State 18
	State 19
	State 20
	State 21
	State 22
	State 23
	State 24
	State 25
	State 26
	State 27
	State 28
	State 29
	State 30
	State 31
	State 32
	State 33
	State 34
	State 35
	State 36
	State 37
	State 38
	State 39
	State 40
	State 41
	State 42
	State 43
	State 44
	State 45
	State 46
	State 47
	State 48
	State 49
	State 50
	State 51
	State 52
	State 53
	State 54
	State 55
	State 56
	State 57
	State 58


============================================================
+ Verbose Summary: Datapath Resource usage 
============================================================
N/A
